02-12 23:42:07.319   600 25415 E         : Camera[ERROR] aec_biz_pack_output: 977: aec_biz_pack_output:977  target_luma=40 cur_luma=0 stored_digital_gain=0.000000 exp_index=359, real_gain=44.621094, linecnt=910, aec_settled=0, iso 2000, is_flash_snap=0, snap_lux_idx=478 snap_gain=44.621094 snap_lc=910
02-12 23:42:07.319   600 25415 E         : Camera[ERROR] aec_port_pack_update: 1007: aec_port_pack_update:1007  AEC OUTPUT: curr_sof:0 capt_sof:0 curr_luma:0 target_luma:40 real_gain:44.621094 linecount:910 s_real_gain:0.000000 s_linecnt:0 exp_idx:359 lux_indx:478.363495 est_state:0 led_state:0 exp_time:0.008320 iso:2000 settled:0 aec_state:1 precap_start:0 flash_snap:0 shutter_flag:0 lls_capture:0
02-12 23:42:07.319   600 25415 E mm-camera-img: module_cac_set_lds 540: LDS 0
02-12 23:42:07.319   600 25415 E mm-camera-img: module_cac_handle_aec_update 722: LDS 0 lls_flag 0
02-12 23:42:07.319   600 25419 E         : Camera[ERROR] afd_port_stats_done_callback: 98: afd_port_stats_done_callback:98  afd_port_stats_done_callback DONE AFD stats ACK back
02-12 23:42:07.319   600 25420 E         : Camera[ERROR] asd_port_stats_done_callback: 174: asd_port_stats_done_callback:174  asd_port_stats_done_callback Done ASD STATS ACK back
02-12 23:42:07.319   600 25408 E         : Camera[ERROR][ISP   ] mesh_rolloff40_tintless_trigger_update: 2190: caden force rolloff cur_luma:0 aec_ration: 0.461435->0
02-12 23:42:07.319   600 25408 E         : Camera[ERROR][ISP   ] mesh_rolloff40_tintless_trigger_update: 2190: caden force rolloff cur_luma:0 aec_ration: 0.461435->0
02-12 23:42:07.329   600 25408 E         : Camera[ERROR] awb_process_downstream_mod_event: 1837: awb_process_downstream_mod_event:1837  Crop Event from ISP received. PP (0 0 320 240)
02-12 23:42:07.329   600 25408 E         : Camera[ERROR] awb_process_downstream_mod_event: 1840: awb_process_downstream_mod_event:1840  vfe map: (143 0 864 648) vfe_out: (320 240)
02-12 23:42:07.329   600 25415 E         : Camera[ERROR] ext_awb_algo_set_crop_info: 622: ext_awb_algo_set_crop_info:622  vfe_map[143:0:864:648] pp[0:0] pp_crou_out[320:240] vfe_out[320:240]
02-12 23:42:07.329   600 25432 E mm-camera-sensor: sensor_fast_aec_timeout_ack:300 count 6 timeout 16
02-12 23:42:07.329   600 25432 E mm-camera-sensor: 
02-12 23:42:07.329   600 25432 E         : Camera[ERROR][ISP   ] isp_util_report_stored_metadata: 3044: failed: post to bus
02-12 23:42:07.329   600 25432 E         : Camera[ERROR][ISP   ] isp_util_report_stored_metadata: 3044: failed: post to bus
02-12 23:42:07.329   600 25432 E         : Camera[ERROR][ISP   ] isp_util_report_stored_metadata: 3044: failed: post to bus
02-12 23:42:07.329   600 25432 E         : Camera[ERROR][ISP   ] isp_handler_control_sof: 281: failed: isp_util_report_stored_metadata
02-12 23:42:07.329   600 25408 E         : Camera[ERROR][ISP   ] mesh_rolloff40_tintless_trigger_update: 2190: caden force rolloff cur_luma:0 aec_ration: 0.461435->0
02-12 23:42:07.329   600 25419 E         : Camera[ERROR] afd_port_stats_done_callback: 98: afd_port_stats_done_callback:98  afd_port_stats_done_callback DONE AFD stats ACK back
02-12 23:42:07.329   600 25420 E         : Camera[ERROR] asd_port_stats_done_callback: 174: asd_port_stats_done_callback:174  asd_port_stats_done_callback Done ASD STATS ACK back
02-12 23:42:07.329   600 25408 E         : Camera[ERROR][ISP   ] mesh_rolloff40_tintless_trigger_update: 2190: caden force rolloff cur_luma:0 aec_ration: 0.461435->0
02-12 23:42:07.329   600 25415 E         : Camera[ERROR] aec_process_pack_output: 6671: aec_process_pack_output:6671  target_luma=50.000000, cur_luma=119.756119, exp_index=359, linecount=910, sensor_gain=44.621094, aec_settled=0, iso=2000
02-12 23:42:07.329   600 25415 E         : Camera[ERROR] aec_process_pack_output: 6727: aec_process_pack_output:6727  ADRC: real_gain=44.621094, drc_gains=(-1.000000, -1.000000), drc_ratios=(-1.000000,-1.000000,-1.000000,-1.000000)
02-12 23:42:07.329   600 25415 E         : Camera[ERROR] aec_port_stats_done_callback: 1199: aec_port_stats_done_callback:1199  aec_port_stats_done_callback DONE AEC STATS ACK back
02-12 23:42:07.329   600 25415 E         : Camera[ERROR] aec_biz_pack_output: 977: aec_biz_pack_output:977  target_luma=50 cur_luma=119 stored_digital_gain=0.000000 exp_index=359, real_gain=44.621094, linecnt=910, aec_settled=0, iso 2000, is_flash_snap=0, snap_lux_idx=321 snap_gain=44.621094 snap_lc=910
02-12 23:42:07.329   600 25415 E         : Camera[ERROR] aec_port_pack_update: 1007: aec_port_pack_update:1007  AEC OUTPUT: curr_sof:0 capt_sof:0 curr_luma:119 target_luma:50 real_gain:44.621094 linecount:910 s_real_gain:0.000000 s_linecnt:0 exp_idx:359 lux_indx:321.912201 est_state:0 led_state:0 exp_time:0.008320 iso:2000 settled:0 aec_state:1 precap_start:0 flash_snap:0 shutter_flag:0 lls_capture:0
02-12 23:42:07.339   600 25415 E mm-camera-img: module_cac_set_lds 540: LDS 0
02-12 23:42:07.339   600 25415 E mm-camera-img: module_cac_handle_aec_update 722: LDS 0 lls_flag 0
02-12 23:42:07.339   600 25408 E         : Camera[ERROR] awb_process_downstream_mod_event: 1837: awb_process_downstream_mod_event:1837  Crop Event from ISP received. PP (0 0 320 240)
02-12 23:42:07.339   600 25408 E         : Camera[ERROR] awb_process_downstream_mod_event: 1840: awb_process_downstream_mod_event:1840  vfe map: (143 0 864 648) vfe_out: (320 240)
02-12 23:42:07.339   600 25415 E         : Camera[ERROR] ext_awb_algo_set_crop_info: 622: ext_awb_algo_set_crop_info:622  vfe_map[143:0:864:648] pp[0:0] pp_crou_out[320:240] vfe_out[320:240]
02-12 23:42:07.339   600 25419 E         : Camera[ERROR] afd_port_stats_done_callback: 98: afd_port_stats_done_callback:98  afd_port_stats_done_callback DONE AFD stats ACK back
02-12 23:42:07.339   600 25420 E         : Camera[ERROR] asd_port_stats_done_callback: 174: asd_port_stats_done_callback:174  asd_port_stats_done_callback Done ASD STATS ACK back
02-12 23:42:07.339   600 25434 E mm-camera-sensor: sensor_fast_aec_timeout_ack:300 count 7 timeout 16
02-12 23:42:07.339   600 25434 E mm-camera-sensor: 
02-12 23:42:07.339   600 25434 E         : Camera[ERROR][ISP   ] isp_util_report_stored_metadata: 3044: failed: post to bus
02-12 23:42:07.339   600 25434 E         : Camera[ERROR][ISP   ] isp_util_report_stored_metadata: 3044: failed: post to bus
02-12 23:42:07.339   600 25434 E         : Camera[ERROR][ISP   ] isp_util_report_stored_metadata: 3044: failed: post to bus
02-12 23:42:07.339   600 25434 E         : Camera[ERROR][ISP   ] isp_handler_control_sof: 281: failed: isp_util_report_stored_metadata
02-12 23:42:07.339   600 25415 E         : Camera[ERROR] aec_process_pack_output: 6671: aec_process_pack_output:6671  target_luma=50.000000, cur_luma=124.084335, exp_index=359, linecount=910, sensor_gain=44.621094, aec_settled=0, iso=2000
02-12 23:42:07.339   600 25415 E         : Camera[ERROR] aec_process_pack_output: 6727: aec_process_pack_output:6727  ADRC: real_gain=44.621094, drc_gains=(-1.000000, -1.000000), drc_ratios=(-1.000000,-1.000000,-1.000000,-1.000000)
02-12 23:42:07.339   600 25415 E         : Camera[ERROR] aec_port_stats_done_callback: 1199: aec_port_stats_done_callback:1199  aec_port_stats_done_callback DONE AEC STATS ACK back
02-12 23:42:07.339   600 25415 E         : Camera[ERROR] aec_biz_pack_output: 977: aec_biz_pack_output:977  target_luma=50 cur_luma=124 stored_digital_gain=0.000000 exp_index=359, real_gain=44.621094, linecnt=910, aec_settled=0, iso 2000, is_flash_snap=0, snap_lux_idx=321 snap_gain=44.621094 snap_lc=910
02-12 23:42:07.339   600 25415 E         : Camera[ERROR] aec_port_pack_update: 1007: aec_port_pack_update:1007  AEC OUTPUT: curr_sof:0 capt_sof:0 curr_luma:124 target_luma:50 real_gain:44.621094 linecount:910 s_real_gain:0.000000 s_linecnt:0 exp_idx:359 lux_indx:321.571716 est_state:0 led_state:0 exp_time:0.008320 iso:2000 settled:0 aec_state:1 precap_start:0 flash_snap:0 shutter_flag:0 lls_capture:0
02-12 23:42:07.339   600 25415 E mm-camera-img: module_cac_set_lds 540: LDS 0
02-12 23:42:07.339   600 25415 E mm-camera-img: module_cac_handle_aec_update 722: LDS 0 lls_flag 0
02-12 23:42:07.349   600 25419 E         : Camera[ERROR] afd_port_stats_done_callback: 98: afd_port_stats_done_callback:98  afd_port_stats_done_callback DONE AFD stats ACK back
02-12 23:42:07.349   600 25420 E         : Camera[ERROR] asd_port_stats_done_callback: 174: asd_port_stats_done_callback:174  asd_port_stats_done_callback Done ASD STATS ACK back
02-12 23:42:07.349   600 25432 E mm-camera-sensor: sensor_fast_aec_timeout_ack:300 count 8 timeout 16
02-12 23:42:07.349   600 25432 E mm-camera-sensor: 
02-12 23:42:07.349   600 25432 E         : Camera[ERROR][ISP   ] isp_util_report_stored_metadata: 3044: failed: post to bus
02-12 23:42:07.349   600 25432 E         : Camera[ERROR][ISP   ] isp_util_report_stored_metadata: 3044: failed: post to bus
02-12 23:42:07.349   600 25432 E         : Camera[ERROR][ISP   ] isp_util_report_stored_metadata: 3044: failed: post to bus
02-12 23:42:07.349   600 25408 E         : Camera[ERROR] awb_process_downstream_mod_event: 1837: awb_process_downstream_mod_event:1837  Crop Event from ISP received. PP (0 0 320 240)
02-12 23:42:07.349   600 25408 E         : Camera[ERROR] awb_process_downstream_mod_event: 1840: awb_process_downstream_mod_event:1840  vfe map: (143 0 864 648) vfe_out: (320 240)
02-12 23:42:07.349   600 25432 E         : Camera[ERROR][ISP   ] isp_handler_control_sof: 281: failed: isp_util_report_stored_metadata
02-12 23:42:07.349   600 25432 E         : Camera[ERROR][ISP   ] isp_port_process_downstream_module_event: 310: failed: isp_handler_control_sof
02-12 23:42:07.349   600 25432 E         : Camera[ERROR][ISP   ] isp_port_process_downstream_event: 382: failed: isp_port_process_downstream_module_event
02-12 23:42:07.349   600 25432 E         : Camera[ERROR][ISP   ] isp_port_event: 510: failed: isp_port_process_downstream_event
02-12 23:42:07.349   600 25415 E         : Camera[ERROR] aec_process_pack_output: 6671: aec_process_pack_output:6671  target_luma=50.000000, cur_luma=124.763298, exp_index=329, linecount=910, sensor_gain=18.382812, aec_settled=0, iso=800
02-12 23:42:07.349   600 25415 E         : Camera[ERROR] aec_process_pack_output: 6727: aec_process_pack_output:6727  ADRC: real_gain=18.382812, drc_gains=(-1.000000, -1.000000), drc_ratios=(-1.000000,-1.000000,-1.000000,-1.000000)
02-12 23:42:07.349   600 25415 E         : Camera[ERROR] aec_port_stats_done_callback: 1199: aec_port_stats_done_callback:1199  aec_port_stats_done_callback DONE AEC STATS ACK back
02-12 23:42:07.349   600 25415 E         : Camera[ERROR] aec_biz_pack_output: 977: aec_biz_pack_output:977  target_luma=50 cur_luma=124 stored_digital_gain=0.000000 exp_index=329, real_gain=18.382812, linecnt=910, aec_settled=0, iso 800, is_flash_snap=0, snap_lux_idx=321 snap_gain=18.382812 snap_lc=910
02-12 23:42:07.349   600 25415 E         : Camera[ERROR] aec_port_pack_update: 1007: aec_port_pack_update:1007  AEC OUTPUT: curr_sof:0 capt_sof:0 curr_luma:124 target_luma:50 real_gain:18.382812 linecount:910 s_real_gain:0.000000 s_linecnt:0 exp_idx:329 lux_indx:321.373413 est_state:0 led_state:0 exp_time:0.008320 iso:800 settled:0 aec_state:1 precap_start:0 flash_snap:0 shutter_flag:0 lls_capture:0
02-12 23:42:07.349   600 25415 E mm-camera-img: module_cac_set_lds 540: LDS 0
02-12 23:42:07.349   600 25415 E mm-camera-img: module_cac_handle_aec_update 722: LDS 0 lls_flag 0
02-12 23:42:07.349   600 25415 E         : Camera[ERROR] ext_awb_algo_set_crop_info: 622: ext_awb_algo_set_crop_info:622  vfe_map[143:0:864:648] pp[0:0] pp_crou_out[320:240] vfe_out[320:240]
02-12 23:42:07.349   600 25419 E         : Camera[ERROR] afd_port_stats_done_callback: 98: afd_port_stats_done_callback:98  afd_port_stats_done_callback DONE AFD stats ACK back
02-12 23:42:07.349   600 25420 E         : Camera[ERROR] asd_port_stats_done_callback: 174: asd_port_stats_done_callback:174  asd_port_stats_done_callback Done ASD STATS ACK back
02-12 23:42:07.349   600 25432 E mm-camera-sensor: sensor_fast_aec_timeout_ack:300 count 9 timeout 16
02-12 23:42:07.349   600 25432 E mm-camera-sensor: 
02-12 23:42:07.359   600 25432 E         : Camera[ERROR][ISP   ] isp_util_report_stored_metadata: 3044: failed: post to bus
02-12 23:42:07.359   600 25432 E         : Camera[ERROR][ISP   ] isp_util_report_stored_metadata: 3044: failed: post to bus
02-12 23:42:07.359   600 25432 E         : Camera[ERROR][ISP   ] isp_util_report_stored_metadata: 3044: failed: post to bus
02-12 23:42:07.359   600 25432 E         : Camera[ERROR][ISP   ] isp_handler_control_sof: 281: failed: isp_util_report_stored_metadata
02-12 23:42:07.359   600 25408 E         : Camera[ERROR][ISP   ] abf40_aec_update: 735: abf40_aec_update [16.000000 - 18.382812 - 19.600000] = 0.661892
02-12 23:42:07.359   600 25408 E         : Camera[ERROR][ISP   ] abf40_aec_update: 735: abf40_aec_update [16.000000 - 18.382812 - 19.600000] = 0.661892
02-12 23:42:07.359   600 25408 E         : Camera[ERROR][ISP   ] abf40_trigger_update: 587: aec_ratio.ratio = 0.661892
02-12 23:42:07.359   600 25408 E         : Camera[ERROR][ISP   ] abf40_trigger_update: 587: aec_ratio.ratio = 0.661892
02-12 23:42:07.359   600 25415 E         : Camera[ERROR] aec_process_pack_output: 6671: aec_process_pack_output:6671  target_luma=50.000000, cur_luma=121.611717, exp_index=329, linecount=910, sensor_gain=18.382812, aec_settled=0, iso=800
02-12 23:42:07.359   600 25415 E         : Camera[ERROR] aec_process_pack_output: 6727: aec_process_pack_output:6727  ADRC: real_gain=18.382812, drc_gains=(-1.000000, -1.000000), drc_ratios=(-1.000000,-1.000000,-1.000000,-1.000000)
02-12 23:42:07.359   600 25415 E         : Camera[ERROR] aec_port_stats_done_callback: 1199: aec_port_stats_done_callback:1199  aec_port_stats_done_callback DONE AEC STATS ACK back
02-12 23:42:07.359   600 25415 E         : Camera[ERROR] aec_biz_pack_output: 977: aec_biz_pack_output:977  target_luma=50 cur_luma=121 stored_digital_gain=0.000000 exp_index=329, real_gain=18.382812, linecnt=910, aec_settled=0, iso 800, is_flash_snap=0, snap_lux_idx=322 snap_gain=18.382812 snap_lc=910
02-12 23:42:07.359   600 25415 E         : Camera[ERROR] aec_port_pack_update: 1007: aec_port_pack_update:1007  AEC OUTPUT: curr_sof:0 capt_sof:0 curr_luma:121 target_luma:50 real_gain:18.382812 linecount:910 s_real_gain:0.000000 s_linecnt:0 exp_idx:329 lux_indx:322.353180 est_state:0 led_state:0 exp_time:0.008320 iso:800 settled:0 aec_state:1 precap_start:0 flash_snap:0 shutter_flag:0 lls_capture:0
02-12 23:42:07.359   600 25415 E mm-camera-img: module_cac_set_lds 540: LDS 0
02-12 23:42:07.359   600 25415 E mm-camera-img: module_cac_handle_aec_update 722: LDS 0 lls_flag 0
02-12 23:42:07.359   600 25408 E         : Camera[ERROR] awb_process_downstream_mod_event: 1837: awb_process_downstream_mod_event:1837  Crop Event from ISP received. PP (0 0 320 240)
02-12 23:42:07.359   600 25408 E         : Camera[ERROR] awb_process_downstream_mod_event: 1840: awb_process_downstream_mod_event:1840  vfe map: (143 0 864 648) vfe_out: (320 240)
02-12 23:42:07.359   600 25415 E         : Camera[ERROR] ext_awb_algo_set_crop_info: 622: ext_awb_algo_set_crop_info:622  vfe_map[143:0:864:648] pp[0:0] pp_crou_out[320:240] vfe_out[320:240]
02-12 23:42:07.359   600 25419 E         : Camera[ERROR] afd_port_stats_done_callback: 98: afd_port_stats_done_callback:98  afd_port_stats_done_callback DONE AFD stats ACK back
02-12 23:42:07.359   600 25420 E         : Camera[ERROR] asd_port_stats_done_callback: 174: asd_port_stats_done_callback:174  asd_port_stats_done_callback Done ASD STATS ACK back
02-12 23:42:07.359   600 25434 E mm-camera-sensor: sensor_fast_aec_timeout_ack:300 count 10 timeout 16
02-12 23:42:07.359   600 25434 E mm-camera-sensor: 
02-12 23:42:07.359   600 25434 E         : Camera[ERROR][ISP   ] isp_util_report_stored_metadata: 3044: failed: post to bus
02-12 23:42:07.359   600 25434 E         : Camera[ERROR][ISP   ] isp_util_report_stored_metadata: 3044: failed: post to bus
02-12 23:42:07.359   600 25434 E         : Camera[ERROR][ISP   ] isp_util_report_stored_metadata: 3044: failed: post to bus
02-12 23:42:07.359   600 25434 E         : Camera[ERROR][ISP   ] isp_handler_control_sof: 281: failed: isp_util_report_stored_metadata
02-12 23:42:07.359   600 25408 E         : Camera[ERROR][ISP   ] abf40_aec_update: 735: abf40_aec_update [16.000000 - 18.382812 - 19.600000] = 0.661892
02-12 23:42:07.359   600 25408 E         : Camera[ERROR][ISP   ] abf40_aec_update: 735: abf40_aec_update [16.000000 - 18.382812 - 19.600000] = 0.661892
02-12 23:42:07.359   600 25415 E         : Camera[ERROR] aec_process_pack_output: 6671: aec_process_pack_output:6671  target_luma=50.000000, cur_luma=114.112602, exp_index=329, linecount=910, sensor_gain=18.382812, aec_settled=0, iso=800
02-12 23:42:07.359   600 25415 E         : Camera[ERROR] aec_process_pack_output: 6727: aec_process_pack_output:6727  ADRC: real_gain=18.382812, drc_gains=(-1.000000, -1.000000), drc_ratios=(-1.000000,-1.000000,-1.000000,-1.000000)
02-12 23:42:07.359   600 25415 E         : Camera[ERROR] aec_port_stats_done_callback: 1199: aec_port_stats_done_callback:1199  aec_port_stats_done_callback DONE AEC STATS ACK back
02-12 23:42:07.369   600 25415 E         : Camera[ERROR] aec_biz_pack_output: 977: aec_biz_pack_output:977  target_luma=50 cur_luma=114 stored_digital_gain=0.000000 exp_index=329, real_gain=18.382812, linecnt=910, aec_settled=0, iso 800, is_flash_snap=0, snap_lux_idx=323 snap_gain=18.382812 snap_lc=910
02-12 23:42:07.369   600 25415 E         : Camera[ERROR] aec_port_pack_update: 1007: aec_port_pack_update:1007  AEC OUTPUT: curr_sof:0 capt_sof:0 curr_luma:114 target_luma:50 real_gain:18.382812 linecount:910 s_real_gain:0.000000 s_linecnt:0 exp_idx:329 lux_indx:323.825317 est_state:0 led_state:0 exp_time:0.008320 iso:800 settled:0 aec_state:1 precap_start:0 flash_snap:0 shutter_flag:0 lls_capture:0
02-12 23:42:07.369   600 25415 E mm-camera-img: module_cac_set_lds 540: LDS 0
02-12 23:42:07.369   600 25415 E mm-camera-img: module_cac_handle_aec_update 722: LDS 0 lls_flag 0
02-12 23:42:07.369   600 25408 E         : Camera[ERROR] awb_process_downstream_mod_event: 1837: awb_process_downstream_mod_event:1837  Crop Event from ISP received. PP (0 0 320 240)
02-12 23:42:07.369   600 25408 E         : Camera[ERROR] awb_process_downstream_mod_event: 1840: awb_process_downstream_mod_event:1840  vfe map: (143 0 864 648) vfe_out: (320 240)
02-12 23:42:07.369   600 25415 E         : Camera[ERROR] ext_awb_algo_set_crop_info: 622: ext_awb_algo_set_crop_info:622  vfe_map[143:0:864:648] pp[0:0] pp_crou_out[320:240] vfe_out[320:240]
02-12 23:42:07.369   600 25419 E         : Camera[ERROR] afd_port_stats_done_callback: 98: afd_port_stats_done_callback:98  afd_port_stats_done_callback DONE AFD stats ACK back
02-12 23:42:07.369   600 25420 E         : Camera[ERROR] asd_port_stats_done_callback: 174: asd_port_stats_done_callback:174  asd_port_stats_done_callback Done ASD STATS ACK back
02-12 23:42:07.369   600 25432 E mm-camera-sensor: sensor_fast_aec_timeout_ack:300 count 11 timeout 16
02-12 23:42:07.369   600 25432 E mm-camera-sensor: 
02-12 23:42:07.369   600 25432 E         : Camera[ERROR][ISP   ] isp_util_report_stored_metadata: 3044: failed: post to bus
02-12 23:42:07.369   600 25432 E         : Camera[ERROR][ISP   ] isp_util_report_stored_metadata: 3044: failed: post to bus
02-12 23:42:07.369   600 25432 E         : Camera[ERROR][ISP   ] isp_util_report_stored_metadata: 3044: failed: post to bus
02-12 23:42:07.369   600 25432 E         : Camera[ERROR][ISP   ] isp_handler_control_sof: 281: failed: isp_util_report_stored_metadata
02-12 23:42:07.369   600 25408 E         : Camera[ERROR][ISP   ] abf40_aec_update: 735: abf40_aec_update [16.000000 - 18.382812 - 19.600000] = 0.661892
02-12 23:42:07.369   600 25408 E         : Camera[ERROR][ISP   ] abf40_aec_update: 735: abf40_aec_update [16.000000 - 18.382812 - 19.600000] = 0.661892
02-12 23:42:07.369   600 25415 E         : Camera[ERROR] aec_process_pack_output: 6671: aec_process_pack_output:6671  target_luma=50.000000, cur_luma=52.342052, exp_index=329, linecount=910, sensor_gain=18.382812, aec_settled=0, iso=800
02-12 23:42:07.369   600 25415 E         : Camera[ERROR] aec_process_pack_output: 6727: aec_process_pack_output:6727  ADRC: real_gain=18.382812, drc_gains=(-1.000000, -1.000000), drc_ratios=(-1.000000,-1.000000,-1.000000,-1.000000)
02-12 23:42:07.369   600 25415 E         : Camera[ERROR] aec_port_stats_done_callback: 1199: aec_port_stats_done_callback:1199  aec_port_stats_done_callback DONE AEC STATS ACK back
02-12 23:42:07.369   600 25415 E         : Camera[ERROR] aec_biz_pack_output: 977: aec_biz_pack_output:977  target_luma=50 cur_luma=52 stored_digital_gain=0.000000 exp_index=329, real_gain=18.382812, linecnt=910, aec_settled=0, iso 800, is_flash_snap=0, snap_lux_idx=309 snap_gain=18.382812 snap_lc=910
02-12 23:42:07.369   600 25415 E         : Camera[ERROR] aec_port_pack_update: 1007: aec_port_pack_update:1007  AEC OUTPUT: curr_sof:0 capt_sof:0 curr_luma:52 target_luma:50 real_gain:18.382812 linecount:910 s_real_gain:0.000000 s_linecnt:0 exp_idx:329 lux_indx:309.861481 est_state:0 led_state:0 exp_time:0.008320 iso:800 settled:0 aec_state:1 precap_start:0 flash_snap:0 shutter_flag:0 lls_capture:0
02-12 23:42:07.369   600 25415 E mm-camera-img: module_cac_set_lds 540: LDS 0
02-12 23:42:07.369   600 25415 E mm-camera-img: module_cac_handle_aec_update 722: LDS 0 lls_flag 0
02-12 23:42:07.379   600 25408 E         : Camera[ERROR] awb_process_downstream_mod_event: 1837: awb_process_downstream_mod_event:1837  Crop Event from ISP received. PP (0 0 320 240)
02-12 23:42:07.379   600 25408 E         : Camera[ERROR] awb_process_downstream_mod_event: 1840: awb_process_downstream_mod_event:1840  vfe map: (143 0 864 648) vfe_out: (320 240)
02-12 23:42:07.379   600 25415 E         : Camera[ERROR] ext_awb_algo_set_crop_info: 622: ext_awb_algo_set_crop_info:622  vfe_map[143:0:864:648] pp[0:0] pp_crou_out[320:240] vfe_out[320:240]
02-12 23:42:07.379   600 25419 E         : Camera[ERROR] afd_port_stats_done_callback: 98: afd_port_stats_done_callback:98  afd_port_stats_done_callback DONE AFD stats ACK back
02-12 23:42:07.379   600 25420 E         : Camera[ERROR] asd_port_stats_done_callback: 174: asd_port_stats_done_callback:174  asd_port_stats_done_callback Done ASD STATS ACK back
02-12 23:42:07.379   600 25432 E mm-camera-sensor: sensor_fast_aec_timeout_ack:300 count 12 timeout 16
02-12 23:42:07.379   600 25432 E mm-camera-sensor: 
02-12 23:42:07.379   600 25432 E         : Camera[ERROR][ISP   ] isp_util_report_stored_metadata: 3044: failed: post to bus
02-12 23:42:07.379   600 25432 E         : Camera[ERROR][ISP   ] isp_util_report_stored_metadata: 3044: failed: post to bus
02-12 23:42:07.379   600 25432 E         : Camera[ERROR][ISP   ] isp_util_report_stored_metadata: 3044: failed: post to bus
02-12 23:42:07.379   600 25432 E         : Camera[ERROR][ISP   ] isp_handler_control_sof: 281: failed: isp_util_report_stored_metadata
02-12 23:42:07.379   600 25415 E         : Camera[ERROR] aec_process_pack_output: 6671: aec_process_pack_output:6671  target_luma=50.000000, cur_luma=53.599930, exp_index=327, linecount=910, sensor_gain=17.328125, aec_settled=0, iso=640
02-12 23:42:07.379   600 25415 E         : Camera[ERROR] aec_process_pack_output: 6727: aec_process_pack_output:6727  ADRC: real_gain=17.328125, drc_gains=(-1.000000, -1.000000), drc_ratios=(-1.000000,-1.000000,-1.000000,-1.000000)
02-12 23:42:07.379   600 25415 E         : Camera[ERROR] aec_port_stats_done_callback: 1199: aec_port_stats_done_callback:1199  aec_port_stats_done_callback DONE AEC STATS ACK back
02-12 23:42:07.379   600 25415 E         : Camera[ERROR] aec_biz_pack_output: 977: aec_biz_pack_output:977  target_luma=50 cur_luma=53 stored_digital_gain=0.000000 exp_index=327, real_gain=17.328125, linecnt=910, aec_settled=0, iso 640, is_flash_snap=0, snap_lux_idx=309 snap_gain=17.328125 snap_lc=910
02-12 23:42:07.379   600 25415 E         : Camera[ERROR] aec_port_pack_update: 1007: aec_port_pack_update:1007  AEC OUTPUT: curr_sof:0 capt_sof:0 curr_luma:53 target_luma:50 real_gain:17.328125 linecount:910 s_real_gain:0.000000 s_linecnt:0 exp_idx:327 lux_indx:309.073120 est_state:0 led_state:0 exp_time:0.008320 iso:640 settled:0 aec_state:1 precap_start:0 flash_snap:0 shutter_flag:0 lls_capture:0
02-12 23:42:07.379   600 25415 E mm-camera-img: module_cac_set_lds 540: LDS 0
02-12 23:42:07.379   600 25415 E mm-camera-img: module_cac_handle_aec_update 722: LDS 0 lls_flag 0
02-12 23:42:07.379   600 25408 E         : Camera[ERROR][ISP   ] abf40_aec_update: 735: abf40_aec_update [16.000000 - 18.382812 - 19.600000] = 0.661892
02-12 23:42:07.379   600 25408 E         : Camera[ERROR][ISP   ] abf40_aec_update: 735: abf40_aec_update [16.000000 - 18.382812 - 19.600000] = 0.661892
02-12 23:42:07.379   600 25408 E         : Camera[ERROR] awb_process_downstream_mod_event: 1837: awb_process_downstream_mod_event:1837  Crop Event from ISP received. PP (0 0 320 240)
02-12 23:42:07.379   600 25408 E         : Camera[ERROR] awb_process_downstream_mod_event: 1840: awb_process_downstream_mod_event:1840  vfe map: (143 0 864 648) vfe_out: (320 240)
02-12 23:42:07.379   600 25415 E         : Camera[ERROR] ext_awb_algo_set_crop_info: 622: ext_awb_algo_set_crop_info:622  vfe_map[143:0:864:648] pp[0:0] pp_crou_out[320:240] vfe_out[320:240]
02-12 23:42:07.389   600 25419 E         : Camera[ERROR] afd_port_stats_done_callback: 98: afd_port_stats_done_callback:98  afd_port_stats_done_callback DONE AFD stats ACK back
02-12 23:42:07.389   600 25420 E         : Camera[ERROR] asd_port_stats_done_callback: 174: asd_port_stats_done_callback:174  asd_port_stats_done_callback Done ASD STATS ACK back
02-12 23:42:07.389   600 25432 E mm-camera-sensor: sensor_fast_aec_timeout_ack:300 count 13 timeout 16
02-12 23:42:07.389   600 25432 E mm-camera-sensor: 
02-12 23:42:07.389   600 25415 E         : Camera[ERROR] aec_process_pack_output: 6671: aec_process_pack_output:6671  target_luma=50.000000, cur_luma=56.635422, exp_index=327, linecount=910, sensor_gain=17.328125, aec_settled=0, iso=640
02-12 23:42:07.389   600 25415 E         : Camera[ERROR] aec_process_pack_output: 6727: aec_process_pack_output:6727  ADRC: real_gain=17.328125, drc_gains=(-1.000000, -1.000000), drc_ratios=(-1.000000,-1.000000,-1.000000,-1.000000)
02-12 23:42:07.389   600 25415 E         : Camera[ERROR] aec_port_stats_done_callback: 1199: aec_port_stats_done_callback:1199  aec_port_stats_done_callback DONE AEC STATS ACK back
02-12 23:42:07.389   600 25432 E         : Camera[ERROR][ISP   ] isp_util_report_stored_metadata: 3044: failed: post to bus
02-12 23:42:07.389   600 25432 E         : Camera[ERROR][ISP   ] isp_util_report_stored_metadata: 3044: failed: post to bus
02-12 23:42:07.389   600 25415 E         : Camera[ERROR] aec_biz_pack_output: 977: aec_biz_pack_output:977  target_luma=50 cur_luma=56 stored_digital_gain=0.000000 exp_index=327, real_gain=17.328125, linecnt=910, aec_settled=0, iso 640, is_flash_snap=0, snap_lux_idx=307 snap_gain=17.328125 snap_lc=910
02-12 23:42:07.389   600 25432 E         : Camera[ERROR][ISP   ] isp_util_report_stored_metadata: 3044: failed: post to bus
02-12 23:42:07.389   600 25415 E         : Camera[ERROR] aec_port_pack_update: 1007: aec_port_pack_update:1007  AEC OUTPUT: curr_sof:0 capt_sof:0 curr_luma:56 target_luma:50 real_gain:17.328125 linecount:910 s_real_gain:0.000000 s_linecnt:0 exp_idx:327 lux_indx:307.847076 est_state:0 led_state:0 exp_time:0.008320 iso:640 settled:0 aec_state:1 precap_start:0 flash_snap:0 shutter_flag:0 lls_capture:0
02-12 23:42:07.389   600 25432 E         : Camera[ERROR][ISP   ] isp_handler_control_sof: 281: failed: isp_util_report_stored_metadata
02-12 23:42:07.389   600 25408 E         : Camera[ERROR][ISP   ] abf40_aec_update: 735: abf40_aec_update [16.000000 - 17.328125 - 19.600000] = 0.368924
02-12 23:42:07.389   600 25408 E         : Camera[ERROR][ISP   ] abf40_aec_update: 735: abf40_aec_update [16.000000 - 17.328125 - 19.600000] = 0.368924
02-12 23:42:07.389   600 25408 E         : Camera[ERROR][ISP   ] abf40_trigger_update: 587: aec_ratio.ratio = 0.368924
02-12 23:42:07.389   600 25408 E         : Camera[ERROR][ISP   ] abf40_trigger_update: 587: aec_ratio.ratio = 0.368924
02-12 23:42:07.389   600 25415 E mm-camera-img: module_cac_set_lds 540: LDS 0
02-12 23:42:07.389   600 25415 E mm-camera-img: module_cac_handle_aec_update 722: LDS 0 lls_flag 0
02-12 23:42:07.389   600 25408 E         : Camera[ERROR] awb_process_downstream_mod_event: 1837: awb_process_downstream_mod_event:1837  Crop Event from ISP received. PP (0 0 320 240)
02-12 23:42:07.389   600 25408 E         : Camera[ERROR] awb_process_downstream_mod_event: 1840: awb_process_downstream_mod_event:1840  vfe map: (143 0 864 648) vfe_out: (320 240)
02-12 23:42:07.389   600 25415 E         : Camera[ERROR] ext_awb_algo_set_crop_info: 622: ext_awb_algo_set_crop_info:622  vfe_map[143:0:864:648] pp[0:0] pp_crou_out[320:240] vfe_out[320:240]
02-12 23:42:07.399   600 25419 E         : Camera[ERROR] afd_port_stats_done_callback: 98: afd_port_stats_done_callback:98  afd_port_stats_done_callback DONE AFD stats ACK back
02-12 23:42:07.399   600 25420 E         : Camera[ERROR] asd_port_stats_done_callback: 174: asd_port_stats_done_callback:174  asd_port_stats_done_callback Done ASD STATS ACK back
02-12 23:42:07.399   600 25432 E mm-camera-sensor: sensor_fast_aec_timeout_ack:300 count 14 timeout 16
02-12 23:42:07.399   600 25432 E mm-camera-sensor: 
02-12 23:42:07.399   600 25432 E         : Camera[ERROR][ISP   ] isp_util_report_stored_metadata: 3044: failed: post to bus
02-12 23:42:07.399   600 25432 E         : Camera[ERROR][ISP   ] isp_util_report_stored_metadata: 3044: failed: post to bus
02-12 23:42:07.399   600 25432 E         : Camera[ERROR][ISP   ] isp_util_report_stored_metadata: 3044: failed: post to bus
02-12 23:42:07.399   600 25432 E         : Camera[ERROR][ISP   ] isp_handler_control_sof: 281: failed: isp_util_report_stored_metadata
02-12 23:42:07.399   600 25415 E         : Camera[ERROR] aec_process_pack_output: 6671: aec_process_pack_output:6671  target_luma=50.000000, cur_luma=58.093884, exp_index=327, linecount=910, sensor_gain=17.328125, aec_settled=0, iso=640
02-12 23:42:07.399   600 25415 E         : Camera[ERROR] aec_process_pack_output: 6727: aec_process_pack_output:6727  ADRC: real_gain=17.328125, drc_gains=(-1.000000, -1.000000), drc_ratios=(-1.000000,-1.000000,-1.000000,-1.000000)
02-12 23:42:07.399   600 25415 E         : Camera[ERROR] aec_port_stats_done_callback: 1199: aec_port_stats_done_callback:1199  aec_port_stats_done_callback DONE AEC STATS ACK back
02-12 23:42:07.399   600 25408 E         : Camera[ERROR][ISP   ] abf40_aec_update: 735: abf40_aec_update [16.000000 - 17.328125 - 19.600000] = 0.368924
02-12 23:42:07.399   600 25408 E         : Camera[ERROR][ISP   ] abf40_aec_update: 735: abf40_aec_update [16.000000 - 17.328125 - 19.600000] = 0.368924
02-12 23:42:07.399   600 25415 E         : Camera[ERROR] aec_biz_pack_output: 977: aec_biz_pack_output:977  target_luma=50 cur_luma=58 stored_digital_gain=0.000000 exp_index=327, real_gain=17.328125, linecnt=910, aec_settled=0, iso 640, is_flash_snap=0, snap_lux_idx=307 snap_gain=17.328125 snap_lc=910
02-12 23:42:07.399   600 25415 E         : Camera[ERROR] aec_port_pack_update: 1007: aec_port_pack_update:1007  AEC OUTPUT: curr_sof:0 capt_sof:0 curr_luma:58 target_luma:50 real_gain:17.328125 linecount:910 s_real_gain:0.000000 s_linecnt:0 exp_idx:327 lux_indx:307.160675 est_state:0 led_state:0 exp_time:0.008320 iso:640 settled:0 aec_state:1 precap_start:0 flash_snap:0 shutter_flag:0 lls_capture:0
02-12 23:42:07.399   600 25415 E mm-camera-img: module_cac_set_lds 540: LDS 0
02-12 23:42:07.399   600 25415 E mm-camera-img: module_cac_handle_aec_update 722: LDS 0 lls_flag 0
02-12 23:42:07.399   600 25415 D AwbSp   : AwbSp[1]:Prv=1
02-12 23:42:07.399   600 25415 D AwbSp   : AwbSp[1]:Mov=1
02-12 23:42:07.399   600 25415 D AwbSp   : AwbSp[1]:WcP=1
02-12 23:42:07.399   600 25415 D AwbSp   : AwbSp[1]:WcM=1
02-12 23:42:07.399   600 25415 D alawb_algo: [AL_STATS]LED mode:0 LED sts:0 LED est:0 Flash_state:0 Stats:3010 
02-12 23:42:07.399   600 25408 E         : Camera[ERROR] awb_process_downstream_mod_event: 1837: awb_process_downstream_mod_event:1837  Crop Event from ISP received. PP (0 0 320 240)
02-12 23:42:07.399   600 25408 E         : Camera[ERROR] awb_process_downstream_mod_event: 1840: awb_process_downstream_mod_event:1840  vfe map: (143 0 864 648) vfe_out: (320 240)
02-12 23:42:07.399   600 25419 E         : Camera[ERROR] afd_port_stats_done_callback: 98: afd_port_stats_done_callback:98  afd_port_stats_done_callback DONE AFD stats ACK back
02-12 23:42:07.409   600 25420 E         : Camera[ERROR] asd_port_stats_done_callback: 174: asd_port_stats_done_callback:174  asd_port_stats_done_callback Done ASD STATS ACK back
02-12 23:42:07.409   600 25432 E mm-camera-sensor: sensor_fast_aec_timeout_ack:300 count 15 timeout 16
02-12 23:42:07.409   600 25432 E mm-camera-sensor: 
02-12 23:42:07.409   600 25432 E         : Camera[ERROR][ISP   ] isp_util_report_stored_metadata: 3044: failed: post to bus
02-12 23:42:07.409   600 25432 E         : Camera[ERROR][ISP   ] isp_util_report_stored_metadata: 3044: failed: post to bus
02-12 23:42:07.409   600 25432 E         : Camera[ERROR][ISP   ] isp_util_report_stored_metadata: 3044: failed: post to bus
02-12 23:42:07.409   600 25432 E         : Camera[ERROR][ISP   ] isp_handler_control_sof: 281: failed: isp_util_report_stored_metadata
02-12 23:42:07.409   600 25408 E         : Camera[ERROR][ISP   ] abf40_aec_update: 735: abf40_aec_update [16.000000 - 17.328125 - 19.600000] = 0.368924
02-12 23:42:07.409   600 25408 E         : Camera[ERROR][ISP   ] abf40_aec_update: 735: abf40_aec_update [16.000000 - 17.328125 - 19.600000] = 0.368924
02-12 23:42:07.409   600 25415 E         : Camera[ERROR] awb_port_stats_done_callback: 862: awb_port_stats_done_callback:862  awb_port_stats_done_callback DONE AWB STATS ACK back
02-12 23:42:07.409   600 25415 E         : Camera[ERROR] ext_awb_algo_set_crop_info: 622: ext_awb_algo_set_crop_info:622  vfe_map[143:0:864:648] pp[0:0] pp_crou_out[320:240] vfe_out[320:240]
02-12 23:42:07.409   600 25408 E         : Camera[ERROR] awb_process_downstream_mod_event: 1837: awb_process_downstream_mod_event:1837  Crop Event from ISP received. PP (0 0 320 240)
02-12 23:42:07.409   600 25408 E         : Camera[ERROR] awb_process_downstream_mod_event: 1840: awb_process_downstream_mod_event:1840  vfe map: (143 0 864 648) vfe_out: (320 240)
02-12 23:42:07.409   600 25415 E         : Camera[ERROR] aec_process_pack_output: 6671: aec_process_pack_output:6671  target_luma=50.000000, cur_luma=54.181400, exp_index=327, linecount=910, sensor_gain=17.328125, aec_settled=0, iso=640
02-12 23:42:07.409   600 25415 E         : Camera[ERROR] aec_process_pack_output: 6727: aec_process_pack_output:6727  ADRC: real_gain=17.328125, drc_gains=(-1.000000, -1.000000), drc_ratios=(-1.000000,-1.000000,-1.000000,-1.000000)
02-12 23:42:07.409   600 25415 E         : Camera[ERROR] aec_port_stats_done_callback: 1199: aec_port_stats_done_callback:1199  aec_port_stats_done_callback DONE AEC STATS ACK back
02-12 23:42:07.409   600 25415 E         : Camera[ERROR] aec_biz_pack_output: 977: aec_biz_pack_output:977  target_luma=50 cur_luma=54 stored_digital_gain=0.000000 exp_index=327, real_gain=17.328125, linecnt=910, aec_settled=0, iso 640, is_flash_snap=0, snap_lux_idx=307 snap_gain=17.328125 snap_lc=910
02-12 23:42:07.409   600 25415 E         : Camera[ERROR] aec_port_pack_update: 1007: aec_port_pack_update:1007  AEC OUTPUT: curr_sof:0 capt_sof:0 curr_luma:54 target_luma:50 real_gain:17.328125 linecount:910 s_real_gain:0.000000 s_linecnt:0 exp_idx:327 lux_indx:307.360626 est_state:0 led_state:0 exp_time:0.008320 iso:640 settled:0 aec_state:1 precap_start:0 flash_snap:0 shutter_flag:0 lls_capture:0
02-12 23:42:07.409   600 25415 E mm-camera-img: module_cac_set_lds 540: LDS 0
02-12 23:42:07.409   600 25415 E mm-camera-img: module_cac_handle_aec_update 722: LDS 0 lls_flag 0
02-12 23:42:07.409   600 25415 D alawb_algo: [AL_STATS]LED mode:0 LED sts:0 LED est:0 Flash_state:0 Stats:2789 
02-12 23:42:07.409   600 25419 E         : Camera[ERROR] afd_port_stats_done_callback: 98: afd_port_stats_done_callback:98  afd_port_stats_done_callback DONE AFD stats ACK back
02-12 23:42:07.409   600 25420 E         : Camera[ERROR] asd_port_stats_done_callback: 174: asd_port_stats_done_callback:174  asd_port_stats_done_callback Done ASD STATS ACK back
02-12 23:42:07.409   600 25434 E mm-camera-sensor: sensor_fast_aec_timeout_ack:300 count 16 timeout 16
02-12 23:42:07.409   600 25434 E mm-camera-sensor: 
02-12 23:42:07.409   600 25434 E         : Camera[ERROR][ISP   ] isp_util_report_stored_metadata: 3044: failed: post to bus
02-12 23:42:07.409   600 25434 E         : Camera[ERROR][ISP   ] isp_util_report_stored_metadata: 3044: failed: post to bus
02-12 23:42:07.409   600 25434 E         : Camera[ERROR][ISP   ] isp_util_report_stored_metadata: 3044: failed: post to bus
02-12 23:42:07.409   600 25434 E         : Camera[ERROR][ISP   ] isp_handler_control_sof: 281: failed: isp_util_report_stored_metadata
02-12 23:42:07.419   600 25408 E         : Camera[ERROR][ISP   ] abf40_aec_update: 735: abf40_aec_update [16.000000 - 17.328125 - 19.600000] = 0.368924
02-12 23:42:07.419   600 25408 E         : Camera[ERROR][ISP   ] abf40_aec_update: 735: abf40_aec_update [16.000000 - 17.328125 - 19.600000] = 0.368924
02-12 23:42:07.419   600 25408 E         : Camera[ERROR] awb_process_downstream_mod_event: 1837: awb_process_downstream_mod_event:1837  Crop Event from ISP received. PP (0 0 320 240)
02-12 23:42:07.419   600 25408 E         : Camera[ERROR] awb_process_downstream_mod_event: 1840: awb_process_downstream_mod_event:1840  vfe map: (143 0 864 648) vfe_out: (320 240)
02-12 23:42:07.419   600 25415 E         : Camera[ERROR] awb_port_stats_done_callback: 862: awb_port_stats_done_callback:862  awb_port_stats_done_callback DONE AWB STATS ACK back
02-12 23:42:07.419   600 25415 E         : Camera[ERROR] ext_awb_algo_set_crop_info: 622: ext_awb_algo_set_crop_info:622  vfe_map[143:0:864:648] pp[0:0] pp_crou_out[320:240] vfe_out[320:240]
02-12 23:42:07.419   600 25419 E         : Camera[ERROR] afd_port_stats_done_callback: 98: afd_port_stats_done_callback:98  afd_port_stats_done_callback DONE AFD stats ACK back
02-12 23:42:07.419   600 25420 E         : Camera[ERROR] asd_port_stats_done_callback: 174: asd_port_stats_done_callback:174  asd_port_stats_done_callback Done ASD STATS ACK back
02-12 23:42:07.419   600 25434 E mm-camera-sensor: sensor_fast_aec_timeout_ack:292 Fast Aec converge
02-12 23:42:07.419   600 25434 E mm-camera-sensor: 
02-12 23:42:07.419   600 25434 E mm-camera-sensor: sensor_fast_aec_timeout_ack:300 count 17 timeout 16
02-12 23:42:07.419   600 25434 E mm-camera-sensor: 
02-12 23:42:07.419   600 25434 E         : Camera[ERROR][ISP   ] isp_util_report_stored_metadata: 3044: failed: post to bus
02-12 23:42:07.419   600 25434 E         : Camera[ERROR][ISP   ] isp_util_report_stored_metadata: 3044: failed: post to bus
02-12 23:42:07.419   600 25434 E         : Camera[ERROR][ISP   ] isp_util_report_stored_metadata: 3044: failed: post to bus
02-12 23:42:07.419   600 25434 E         : Camera[ERROR][ISP   ] isp_handler_control_sof: 281: failed: isp_util_report_stored_metadata
02-12 23:42:07.419   600 25415 E         : Camera[ERROR] aec_process_pack_output: 6671: aec_process_pack_output:6671  target_luma=50.000000, cur_luma=53.450825, exp_index=325, linecount=910, sensor_gain=16.332031, aec_settled=0, iso=640
02-12 23:42:07.419   600 25415 E         : Camera[ERROR] aec_process_pack_output: 6727: aec_process_pack_output:6727  ADRC: real_gain=16.332031, drc_gains=(-1.000000, -1.000000), drc_ratios=(-1.000000,-1.000000,-1.000000,-1.000000)
02-12 23:42:07.419   600 25415 E         : Camera[ERROR] aec_port_stats_done_callback: 1199: aec_port_stats_done_callback:1199  aec_port_stats_done_callback DONE AEC STATS ACK back
02-12 23:42:07.419   600 25415 E         : Camera[ERROR] aec_biz_pack_output: 977: aec_biz_pack_output:977  target_luma=50 cur_luma=53 stored_digital_gain=0.000000 exp_index=325, real_gain=16.332031, linecnt=910, aec_settled=0, iso 640, is_flash_snap=0, snap_lux_idx=307 snap_gain=16.332031 snap_lc=910
02-12 23:42:07.419   600 25415 E         : Camera[ERROR] aec_port_pack_update: 1007: aec_port_pack_update:1007  AEC OUTPUT: curr_sof:0 capt_sof:0 curr_luma:53 target_luma:50 real_gain:16.332031 linecount:910 s_real_gain:0.000000 s_linecnt:0 exp_idx:325 lux_indx:307.349762 est_state:0 led_state:0 exp_time:0.008320 iso:640 settled:0 aec_state:1 precap_start:0 flash_snap:0 shutter_flag:0 lls_capture:0
02-12 23:42:07.419   600 25415 E         : Camera[ERROR] stats_port_event: 1831: stats_port_event:1831  stats_port_event stop sending AEC_UPDATE
02-12 23:42:07.419   600 25415 E mm-camera-img: module_cac_set_lds 540: LDS 0
02-12 23:42:07.419   600 25415 E mm-camera-img: module_cac_handle_aec_update 722: LDS 0 lls_flag 0
02-12 23:42:07.419   600 25415 E         : Camera[ERROR] aecawb_thread_handler: 510: aecawb_thread_handler:510  aecawb_thread_handler no_stats_mode awb
02-12 23:42:07.419   600 25415 E         : Camera[ERROR] awb_port_stats_done_callback: 862: awb_port_stats_done_callback:862  awb_port_stats_done_callback DONE AWB STATS ACK back
02-12 23:42:07.419   600 25415 E         : Camera[ERROR] stats_port_event: 1847: stats_port_event:1847  stats_port_event stop sending AWB_UPDATE
02-12 23:42:07.419   600 25415 E         : Camera[ERROR] ext_awb_algo_set_crop_info: 622: ext_awb_algo_set_crop_info:622  vfe_map[143:0:864:648] pp[0:0] pp_crou_out[320:240] vfe_out[320:240]
02-12 23:42:07.419   600 25415 E         : Camera[ERROR] aecawb_thread_handler: 398: aecawb_thread_handler:398  aecawb_thread_handler no_stats_mode awb
02-12 23:42:07.419   600 25415 E         : Camera[ERROR] aec_port_stats_done_callback: 1199: aec_port_stats_done_callback:1199  aec_port_stats_done_callback DONE AEC STATS ACK back
02-12 23:42:07.419   600 25415 E         : Camera[ERROR] aec_biz_pack_output: 977: aec_biz_pack_output:977  target_luma=50 cur_luma=53 stored_digital_gain=0.000000 exp_index=325, real_gain=16.332031, linecnt=910, aec_settled=0, iso 640, is_flash_snap=0, snap_lux_idx=307 snap_gain=16.332031 snap_lc=910
02-12 23:42:07.419   600 25415 E         : Camera[ERROR] aec_port_pack_update: 1007: aec_port_pack_update:1007  AEC OUTPUT: curr_sof:0 capt_sof:0 curr_luma:53 target_luma:50 real_gain:16.332031 linecount:910 s_real_gain:0.000000 s_linecnt:0 exp_idx:325 lux_indx:307.349762 est_state:0 led_state:0 exp_time:0.008320 iso:640 settled:0 aec_state:1 precap_start:0 flash_snap:0 shutter_flag:0 lls_capture:0
02-12 23:42:07.419   600 25415 E         : Camera[ERROR] stats_port_event: 1831: stats_port_event:1831  stats_port_event stop sending AEC_UPDATE
02-12 23:42:07.419   600 25415 E mm-camera-img: module_cac_set_lds 540: LDS 0
02-12 23:42:07.419   600 25415 E mm-camera-img: module_cac_handle_aec_update 722: LDS 0 lls_flag 0
02-12 23:42:07.419   600 25415 E         : Camera[ERROR] aecawb_thread_handler: 510: aecawb_thread_handler:510  aecawb_thread_handler no_stats_mode awb
02-12 23:42:07.419   600 25415 E         : Camera[ERROR] awb_port_stats_done_callback: 862: awb_port_stats_done_callback:862  awb_port_stats_done_callback DONE AWB STATS ACK back
02-12 23:42:07.419   600 25415 E         : Camera[ERROR] stats_port_event: 1847: stats_port_event:1847  stats_port_event stop sending AWB_UPDATE
02-12 23:42:07.419   600 25415 E         : Camera[ERROR] aec_biz_set_bestshot_mode: 669: aec_biz_set_bestshot_mode:669  new mode: 0
02-12 23:42:07.429   600 25412 E         : Camera[ERROR] is_port_handle_stream_event: 160: is_port_handle_stream_event:160  is_port_handle_stream_event: MCT_EVENT_CONTROL_STREAMOFF, identity = 0x20002
02-12 23:42:07.429   600 25412 E         : Camera[ERROR][ISP   ] isp_handler_control_streamoff: 890: stream_off 2 2 ide 20002
02-12 23:42:07.429   600 25408 E         : Camera[ERROR] awb_process_downstream_mod_event: 1837: awb_process_downstream_mod_event:1837  Crop Event from ISP received. PP (0 0 320 240)
02-12 23:42:07.429   600 25408 E         : Camera[ERROR] awb_process_downstream_mod_event: 1840: awb_process_downstream_mod_event:1840  vfe map: (143 0 864 648) vfe_out: (320 240)
02-12 23:42:07.429   600 25415 E         : Camera[ERROR] ext_awb_algo_set_crop_info: 622: ext_awb_algo_set_crop_info:622  vfe_map[143:0:864:648] pp[0:0] pp_crou_out[320:240] vfe_out[320:240]
02-12 23:42:07.439   600 25402 E         : Camera[ERROR][IFACE ] iface_streamoff: 2123: iface_streamoff: session_id = 2, active_streams = 0
02-12 23:42:07.439   600 25402 E         : Camera[ERROR][IFACE ] iface_util_release_resource: 8647: iface_util_release_resource: isp_id_mask 3 camif_cnt= 0 rdi_cnt= 0 used mask 10001
02-12 23:42:07.439   600 25402 E         : Camera[ERROR][IFACE ] iface_streamoff: 2200: iface_streamoff: all bundled stream streamoff, clear hal bundled mask
02-12 23:42:07.439   600 25412 E         : Camera[ERROR] pproc_module_offline_stream_param_buf: 2435: pproc_module_offline_stream_param_buf:2435 failed: parm_buf.type is invalid
02-12 23:42:07.439   600 25412 E         : Camera[ERROR][IFACE ] iface_util_set_hfr: 4983: iface_util_set_hfr: can't find hw stream, only save hfr mode
02-12 23:42:07.439   600 25412 E         : Camera[ERROR] q3a_port_process_event_for_led_af: 1003: q3a_port_process_event_for_led_af:1003  Fast-AEC mode : 0
02-12 23:42:07.439   600 25412 E         : Camera[ERROR] q3a_port_process_event_for_led_af: 1014: q3a_port_process_event_for_led_af:1014  Fast-AEC: Invalid state: 1
02-12 23:42:07.439   600 25412 I mm-camera-sensor: port_sensor_restore_stream_on:181 before module_sensor_stream_on
02-12 23:42:07.439   600 25412 I mm-camera-sensor: port_sensor_restore_stream_on:184 i 0
02-12 23:42:07.439   600 25412 I mm-camera-sensor: port_sensor_restore_stream_on:189 event identity 20002
02-12 23:42:07.439   600 25412 I mm-camera-sensor: port_sensor_restore_stream_on:194 calling module_sensor_stream_on
02-12 23:42:07.439   600 25412 I mm-camera-sensor: sensor_set_stop_stream:1703 Sensor stream OFF for s5k3p8sx 
02-12 23:42:07.439   600 25412 I mm-camera-sensor: 
02-12 23:42:07.449   600 25412 I mm-camera-sensor: module_sensor_stream_on:3150 ide 20002 SENSOR_START_STREAM
02-12 23:42:07.449   600 2