02-12 23:41:43.769   600 25327 E         : Camera[ERROR] af_process_frame: 1129: af_process_frame:1129  af_mode=2, af_state=16, caf_state=0, status=-1, trigger_caf=0
02-12 23:41:43.769   600 25327 E         : Camera[ERROR] af_process_update_fv_history: 814: af_process_update_fv_history:814  Current FV: 1531330.375000, Current FV Normalized 2501.560059, Current Pos: 325
02-12 23:41:43.769   600 25327 E         : Camera[ERROR] af_process_select_and_run_algo: 979: af_process_select_and_run_algo:979  Fail Undefined ALGO TYPE -2
02-12 23:41:43.769   600 25327 E         : Camera[ERROR] af_process_frame: 1212: af_process_frame:1212  Error running AF algorithm!
02-12 23:41:43.769   600 25327 E         : Camera[ERROR] af_port_stats_done_callback: 1530: af_port_stats_done_callback:1530  af_port_stats_done_callback DONE AF STATS ACK back
02-12 23:41:43.789   600 25314 E         : Camera[ERROR][CPP   ] cpp_thread_handle_process_buf_event: 333: cpp_thread_handle_process_buf_event: [CDS_LDS] identity 10002,streamtype 1,uv upsmple 0, lds 0
02-12 23:41:43.789   600 25314 E         : Camera[ERROR] cpp_params_create_frame_info: 6827: cpp_params_create_frame_info: [LDS:]stream_type 1,plane 0,cds 0,ds-mask 1, lds 0
02-12 23:41:43.789   600 25314 E         : Camera[ERROR] cpp_params_create_frame_info: 6827: cpp_params_create_frame_info: [LDS:]stream_type 1,plane 1,cds 0,ds-mask 1, lds 0
02-12 23:41:43.789   600 25329 E         : Camera[ERROR] asd_port_stats_done_callback: 174: asd_port_stats_done_callback:174  asd_port_stats_done_callback Done ASD STATS ACK back
02-12 23:41:43.789   550 25333 D mm-camera-intf: mm_stream_read_msm_frame: VIDIOC_DQBUF buf_index 0, frame_idx 37, stream type 1, rc 0,queued: 4, buf_type = 0
02-12 23:41:43.789   600 25326 E         : Camera[ERROR] aec_process_calc_current_hist_metered_luma: 1640: aec_process_calc_current_hist_metered_luma:1640  error: out of range, exit
02-12 23:41:43.789   600 25326 E         : Camera[ERROR] aec_process_pack_output: 6671: aec_process_pack_output:6671  target_luma=43.000000, cur_luma=50.362457, exp_index=374, linecount=6563, sensor_gain=9.638875, aec_settled=0, iso=400
02-12 23:41:43.789   600 25326 E         : Camera[ERROR] aec_process_pack_output: 6727: aec_process_pack_output:6727  ADRC: real_gain=9.638875, drc_gains=(-1.000000, -1.000000), drc_ratios=(-1.000000,-1.000000,-1.000000,-1.000000)
02-12 23:41:43.789   600 25326 E         : Camera[ERROR] aec_port_stats_done_callback: 1199: aec_port_stats_done_callback:1199  aec_port_stats_done_callback DONE AEC STATS ACK back
02-12 23:41:43.789   600 25326 D alawb_algo: [AL_STATS]LED mode:0 LED sts:0 LED est:0 Flash_state:0 Stats:50683 
02-12 23:41:43.789   600 25328 E         : Camera[ERROR] afd_port_stats_done_callback: 98: afd_port_stats_done_callback:98  afd_port_stats_done_callback DONE AFD stats ACK back
02-12 23:41:43.789   550 25335 D QCameraStream: dataProcRoutine: Do next job
02-12 23:41:43.789   550 25335 D QCamera2HWI: TsMakeupProcess pch_makeup_enable = null
02-12 23:41:43.789  1131  1824 I EDMNativeHelperService: isCameraEnabled
02-12 23:41:43.789   600 25326 E         : Camera[ERROR] awb_port_stats_done_callback: 862: awb_port_stats_done_callback:862  awb_port_stats_done_callback DONE AWB STATS ACK back
02-12 23:41:43.799   550 25335 D mm-camera-intf: mm_stream_qbuf: VIDIOC_QBUF buf_index 5, frame_idx 36 stream type 1, rc 0, queued: 5, buf_type = 0
02-12 23:41:43.809   600 25322 E mm-camera-img: module_cac_handle_sof:783] session id 1 mct_mod 0xf4b1d940 lds_enabled 0
02-12 23:41:43.809   600 25326 E         : Camera[ERROR] aec_biz_pack_output: 977: aec_biz_pack_output:977  target_luma=43 cur_luma=50 stored_digital_gain=0.000000 exp_index=374, real_gain=9.638875, linecnt=6563, aec_settled=0, iso 400, is_flash_snap=0, snap_lux_idx=364 snap_gain=9.638875 snap_lc=6563
02-12 23:41:43.809   600 25326 E         : Camera[ERROR] aec_port_pack_update: 1007: aec_port_pack_update:1007  AEC OUTPUT: curr_sof:38 capt_sof:0 curr_luma:50 target_luma:43 real_gain:9.638875 linecount:6563 s_real_gain:0.000000 s_linecnt:0 exp_idx:374 lux_indx:364.083862 est_state:0 led_state:0 exp_time:0.060005 iso:400 settled:0 aec_state:1 precap_start:0 flash_snap:0 shutter_flag:0 lls_capture:0
02-12 23:41:43.809   600 25315 E         : Camera[ERROR][ISP   ] mesh_rolloff40_trigger_update: 2508: Randy: not update (prv: 24632fc 24850f4, new: 24632fc 24850f4)
02-12 23:41:43.809   550 25333 D mm-camera-intf: mm_stream_read_msm_frame: VIDIOC_DQBUF buf_index 5, frame_idx 37, stream type 6, rc 0,queued: 15, buf_type = 0
02-12 23:41:43.809   600 25315 E         : Camera[ERROR][ISP   ] mesh_rolloff40_trigger_update: 2508: Randy: not update (prv: 24632fc 24850f4, new: 24632fc 24850f4)
02-12 23:41:43.809   550 25334 D QCameraStream: dataProcRoutine: Do next job
02-12 23:41:43.809   550 25334 E QCamera2HWI: metadata_stream_cb_routine::3992   light_value=0 
02-12 23:41:43.809   550 25334 E QCamera2HWI: metadata_stream_cb_routine:4019  current_light_value=0,0,1,4 
02-12 23:41:43.809   550 25334 W QCamera2HWI: processMetaCallback: lls not enabled, no ops here
02-12 23:41:43.809   550 25334 D QCameraParameters: getStreamDimension : Stream type = 1 Stream Dimension = 320 X 240
02-12 23:41:43.809   600 25315 E         : Camera[ERROR] awb_process_downstream_mod_event: 1837: awb_process_downstream_mod_event:1837  Crop Event from ISP received. PP (0 0 320 240)
02-12 23:41:43.809   600 25315 E         : Camera[ERROR] awb_process_downstream_mod_event: 1840: awb_process_downstream_mod_event:1840  vfe map: (0 0 4621 3466) vfe_out: (320 240)
02-12 23:41:43.809   600 25326 E mm-camera-img: module_cac_set_lds 540: LDS 0
02-12 23:41:43.809   600 25326 E mm-camera-img: module_cac_handle_aec_update 722: LDS 0 lls_flag 0
02-12 23:41:43.809   550 25299 D QCamera2HWI: processHistogramStats: Histogram not enabled, no ops here
02-12 23:41:43.809   600 25326 E         : Camera[ERROR] ext_awb_algo_set_crop_info: 622: ext_awb_algo_set_crop_info:622  vfe_map[0:0:4621:3466] pp[0:0] pp_crou_out[320:240] vfe_out[320:240]
02-12 23:41:43.809   550 25299 D QCamera2HWI: [AF_DBG] processAutoFocusEvent: [focusMode=1] m_tLastFocusState=16, m_tCurrentFocusState=16, m_bAFRunning=0, m_bCAFLocked=0, m_bNeedLockCAF=0
02-12 23:41:43.809   550 25299 E QCamera2HWI: [AF_DBG] processAutoFocusEvent: autoFocusEvent when no auto_focus running
02-12 23:41:43.809   550 25334 D mm-camera-intf: mm_stream_qbuf: VIDIOC_QBUF buf_index 5, frame_idx 37 stream type 6, rc 0, queued: 16, buf_type = 0
02-12 23:41:43.809  1131  1143 I EDMNativeHelperService: isCameraEnabled
02-12 23:41:43.829   600 25327 E         : Camera[ERROR] af_pdaf_proc_pd: 2208: af_pdaf_proc_pd:2208  grid(0) pd=-6.95, defocus(dac)=-129, conf=597, weight=1.00
02-12 23:41:43.829   600 25327 E         : Camera[ERROR] af_pdaf_proc_pd: 2214: af_pdaf_proc_pd:2214  CAF_SCAN_PDAF grid(0) pd=-6.95, defocus(dac)=-127.1, conf=597, weight=1.00
02-12 23:41:43.829   600 25327 E         : Camera[ERROR] af_pdaf_proc_pd: 2259: af_pdaf_proc_pd:2259  roi(0) lens_pos=325 index=36, pd=-6.95, defocus(um)=-127, conf=597, is_conf=TRUE, not_conf_cnt=0, is_stable=TRUE
02-12 23:41:43.829   600 25327 E         : Camera[ERROR] af_pdaf_get_min_stable_cnt: 2061: af_pdaf_get_min_stable_cnt:2061  fps=16, min_stable_cnt=1
02-12 23:41:43.829   600 25327 E         : Camera[ERROR] af_pdaf_get_min_stable_cnt: 2061: af_pdaf_get_min_stable_cnt:2061  fps=16, min_stable_cnt=1
02-12 23:41:43.829   600 25327 E         : Camera[ERROR] af_pdaf_get_min_stable_cnt: 2061: af_pdaf_get_min_stable_cnt:2061  fps=16, min_stable_cnt=1
02-12 23:41:43.829   600 25327 E         : Camera[ERROR] af_pdaf_proc_defocused: 2484: af_pdaf_proc_defocused:2484  roi(0) defocus=-127, dof_mult=2.0, defocus_thres=40.0, defocus_cnt=35, min_defocus_cnt=1, is_defocused=TRUE
02-12 23:41:43.829   600 25327 E         : Camera[ERROR] af_map_input_dciaf_info: 631: af_map_input_dciaf_info:631  input is invalid
02-12 23:41:43.829   600 25327 E         : Camera[ERROR] af_process_frame: 1129: af_process_frame:1129  af_mode=2, af_state=16, caf_state=0, status=-1, trigger_caf=0
02-12 23:41:43.829   600 25327 E         : Camera[ERROR] af_process_update_fv_history: 814: af_process_update_fv_history:814  Current FV: 1532218.875000, Current FV Normalized 2481.639893, Current Pos: 325
02-12 23:41:43.829   600 25327 E         : Camera[ERROR] af_process_select_and_run_algo: 979: af_process_select_and_run_algo:979  Fail Undefined ALGO TYPE -2
02-12 23:41:43.829   600 25327 E         : Camera[ERROR] af_process_frame: 1212: af_process_frame:1212  Error running AF algorithm!
02-12 23:41:43.829   600 25327 E         : Camera[ERROR] af_port_stats_done_callback: 1530: af_port_stats_done_callback:1530  af_port_stats_done_callback DONE AF STATS ACK back
02-12 23:41:43.839   600 25314 E         : Camera[ERROR][CPP   ] cpp_thread_handle_process_buf_event: 333: cpp_thread_handle_process_buf_event: [CDS_LDS] identity 10002,streamtype 1,uv upsmple 0, lds 0
02-12 23:41:43.839   600 25314 E         : Camera[ERROR] cpp_params_create_frame_info: 6827: cpp_params_create_frame_info: [LDS:]stream_type 1,plane 0,cds 0,ds-mask 1, lds 0
02-12 23:41:43.839   600 25314 E         : Camera[ERROR] cpp_params_create_frame_info: 6827: cpp_params_create_frame_info: [LDS:]stream_type 1,plane 1,cds 0,ds-mask 1, lds 0
02-12 23:41:43.839   550 25333 D mm-camera-intf: mm_stream_read_msm_frame: VIDIOC_DQBUF buf_index 1, frame_idx 38, stream type 1, rc 0,queued: 4, buf_type = 0
02-12 23:41:43.839   550 25335 D QCameraStream: dataProcRoutine: Do next job
02-12 23:41:43.839   550 25335 D QCamera2HWI: TsMakeupProcess pch_makeup_enable = null
02-12 23:41:43.839   600 25329 E         : Camera[ERROR] asd_port_stats_done_callback: 174: asd_port_stats_done_callback:174  asd_port_stats_done_callback Done ASD STATS ACK back
02-12 23:41:43.839   600 25328 E         : Camera[ERROR] afd_port_stats_done_callback: 98: afd_port_stats_done_callback:98  afd_port_stats_done_callback DONE AFD stats ACK back
02-12 23:41:43.839   600 25326 E         : Camera[ERROR] aec_process_calc_current_hist_metered_luma: 1640: aec_process_calc_current_hist_metered_luma:1640  error: out of range, exit
02-12 23:41:43.839   600 25326 E         : Camera[ERROR] aec_process_pack_output: 6671: aec_process_pack_output:6671  target_luma=43.000000, cur_luma=49.512310, exp_index=373, linecount=6563, sensor_gain=9.356783, aec_settled=0, iso=400
02-12 23:41:43.839   600 25326 E         : Camera[ERROR] aec_process_pack_output: 6727: aec_process_pack_output:6727  ADRC: real_gain=9.356783, drc_gains=(-1.000000, -1.000000), drc_ratios=(-1.000000,-1.000000,-1.000000,-1.000000)
02-12 23:41:43.839   600 25326 E         : Camera[ERROR] aec_port_stats_done_callback: 1199: aec_port_stats_done_callback:1199  aec_port_stats_done_callback DONE AEC STATS ACK back
02-12 23:41:43.839   600 25326 D alawb_algo: [AL_STATS]LED mode:0 LED sts:0 LED est:0 Flash_state:0 Stats:34789 
02-12 23:41:43.849  1131 11203 I EDMNativeHelperService: isCameraEnabled
02-12 23:41:43.849   600 25326 E         : Camera[ERROR] awb_port_stats_done_callback: 862: awb_port_stats_done_callback:862  awb_port_stats_done_callback DONE AWB STATS ACK back
02-12 23:41:43.859   550 25335 D mm-camera-intf: mm_stream_qbuf: VIDIOC_QBUF buf_index 0, frame_idx 37 stream type 1, rc 0, queued: 5, buf_type = 0
02-12 23:41:43.869   600 25322 E mm-camera-img: module_cac_handle_sof:783] session id 1 mct_mod 0xf4b1d940 lds_enabled 0
02-12 23:41:43.869   600 25326 E         : Camera[ERROR] aec_biz_pack_output: 977: aec_biz_pack_output:977  target_luma=43 cur_luma=49 stored_digital_gain=0.000000 exp_index=373, real_gain=9.356783, linecnt=6563, aec_settled=0, iso 400, is_flash_snap=0, snap_lux_idx=366 snap_gain=9.356784 snap_lc=6563
02-12 23:41:43.869   600 25326 E         : Camera[ERROR] aec_port_pack_update: 1007: aec_port_pack_update:1007  AEC OUTPUT: curr_sof:39 capt_sof:0 curr_luma:49 target_luma:43 real_gain:9.356783 linecount:6563 s_real_gain:0.000000 s_linecnt:0 exp_idx:373 lux_indx:366.006531 est_state:0 led_state:0 exp_time:0.060005 iso:400 settled:0 aec_state:1 precap_start:0 flash_snap:0 shutter_flag:0 lls_capture:0
02-12 23:41:43.869   550 25333 D mm-camera-intf: mm_stream_read_msm_frame: VIDIOC_DQBUF buf_index 6, frame_idx 38, stream type 6, rc 0,queued: 15, buf_type = 0
02-12 23:41:43.869   600 25315 E         : Camera[ERROR][ISP   ] mesh_rolloff40_trigger_update: 2508: Randy: not update (prv: 24632fc 24850f4, new: 24632fc 24850f4)
02-12 23:41:43.869   600 25326 E mm-camera-img: module_cac_set_lds 540: LDS 0
02-12 23:41:43.869   600 25326 E mm-camera-img: module_cac_handle_aec_update 722: LDS 0 lls_flag 0
02-12 23:41:43.869   600 25315 E         : Camera[ERROR][ISP   ] mesh_rolloff40_trigger_update: 2508: Randy: not update (prv: 24632fc 24850f4, new: 24632fc 24850f4)
02-12 23:41:43.869   550 25334 D QCameraStream: dataProcRoutine: Do next job
02-12 23:41:43.869   550 25334 E QCamera2HWI: metadata_stream_cb_routine::3992   light_value=0 
02-12 23:41:43.869   600 25315 E         : Camera[ERROR] awb_process_downstream_mod_event: 1837: awb_process_downstream_mod_event:1837  Crop Event from ISP received. PP (0 0 320 240)
02-12 23:41:43.869   600 25315 E         : Camera[ERROR] awb_process_downstream_mod_event: 1840: awb_process_downstream_mod_event:1840  vfe map: (0 0 4621 3466) vfe_out: (320 240)
02-12 23:41:43.869   600 25326 E         : Camera[ERROR] ext_awb_algo_set_crop_info: 622: ext_awb_algo_set_crop_info:622  vfe_map[0:0:4621:3466] pp[0:0] pp_crou_out[320:240] vfe_out[320:240]
02-12 23:41:43.869   550 25334 E QCamera2HWI: metadata_stream_cb_routine:4019  current_light_value=0,0,1,4 
02-12 23:41:43.869   550 25334 W QCamera2HWI: processMetaCallback: lls not enabled, no ops here
02-12 23:41:43.869   550 25334 D QCameraParameters: getStreamDimension : Stream type = 1 Stream Dimension = 320 X 240
02-12 23:41:43.869   550 25334 D mm-camera-intf: mm_stream_qbuf: VIDIOC_QBUF buf_index 6, frame_idx 38 stream type 6, rc 0, queued: 16, buf_type = 0
02-12 23:41:43.869   550 25299 D QCamera2HWI: processHistogramStats: Histogram not enabled, no ops here
02-12 23:41:43.869   550 25299 D QCamera2HWI: [AF_DBG] processAutoFocusEvent: [focusMode=1] m_tLastFocusState=16, m_tCurrentFocusState=16, m_bAFRunning=0, m_bCAFLocked=0, m_bNeedLockCAF=0
02-12 23:41:43.869   550 25299 E QCamera2HWI: [AF_DBG] processAutoFocusEvent: autoFocusEvent when no auto_focus running
02-12 23:41:43.869  1131  2453 I EDMNativeHelperService: isCameraEnabled
02-12 23:41:43.889   600 25327 E         : Camera[ERROR] af_pdaf_proc_pd: 2208: af_pdaf_proc_pd:2208  grid(0) pd=-6.84, defocus(dac)=-127, conf=646, weight=1.00
02-12 23:41:43.889   600 25327 E         : Camera[ERROR] af_pdaf_proc_pd: 2214: af_pdaf_proc_pd:2214  CAF_SCAN_PDAF grid(0) pd=-6.84, defocus(dac)=-125.2, conf=646, weight=1.00
02-12 23:41:43.889   600 25327 E         : Camera[ERROR] af_pdaf_proc_pd: 2259: af_pdaf_proc_pd:2259  roi(0) lens_pos=325 index=37, pd=-6.84, defocus(um)=-125, conf=646, is_conf=TRUE, not_conf_cnt=0, is_stable=TRUE
02-12 23:41:43.889   600 25327 E         : Camera[ERROR] af_pdaf_get_min_stable_cnt: 2061: af_pdaf_get_min_stable_cnt:2061  fps=16, min_stable_cnt=1
02-12 23:41:43.889   600 25327 E         : Camera[ERROR] af_pdaf_get_min_stable_cnt: 2061: af_pdaf_get_min_stable_cnt:2061  fps=16, min_stable_cnt=1
02-12 23:41:43.889   600 25327 E         : Camera[ERROR] af_pdaf_get_min_stable_cnt: 2061: af_pdaf_get_min_stable_cnt:2061  fps=16, min_stable_cnt=1
02-12 23:41:43.889   600 25327 E         : Camera[ERROR] af_pdaf_proc_defocused: 2484: af_pdaf_proc_defocused:2484  roi(0) defocus=-125, dof_mult=2.0, defocus_thres=40.0, defocus_cnt=36, min_defocus_cnt=1, is_defocused=TRUE
02-12 23:41:43.889   600 25327 E         : Camera[ERROR] af_map_input_dciaf_info: 631: af_map_input_dciaf_info:631  input is invalid
02-12 23:41:43.889   600 25327 E         : Camera[ERROR] af_process_frame: 1129: af_process_frame:1129  af_mode=2, af_state=16, caf_state=0, status=-1, trigger_caf=0
02-12 23:41:43.889   600 25327 E         : Camera[ERROR] af_process_update_fv_history: 814: af_process_update_fv_history:814  Current FV: 1634488.750000, Current FV Normalized 2442.931152, Current Pos: 325
02-12 23:41:43.889   600 25327 E         : Camera[ERROR] af_process_select_and_run_algo: 979: af_process_select_and_run_algo:979  Fail Undefined ALGO TYPE -2
02-12 23:41:43.889   600 25327 E         : Camera[ERROR] af_process_frame: 1212: af_process_frame:1212  Error running AF algorithm!
02-12 23:41:43.889   600 25327 E         : Camera[ERROR] af_port_stats_done_callback: 1530: af_port_stats_done_callback:1530  af_port_stats_done_callback DONE AF STATS ACK back
02-12 23:41:43.899   600 25328 E         : Camera[ERROR] afd_port_stats_done_callback: 98: afd_port_stats_done_callback:98  afd_port_stats_done_callback DONE AFD stats ACK back
02-12 23:41:43.899   600 25329 E         : Camera[ERROR] asd_port_stats_done_callback: 174: asd_port_stats_done_callback:174  asd_port_stats_done_callback Done ASD STATS ACK back
02-12 23:41:43.899   600 25314 E         : Camera[ERROR][CPP   ] cpp_thread_handle_process_buf_event: 333: cpp_thread_handle_process_buf_event: [CDS_LDS] identity 10002,streamtype 1,uv upsmple 0, lds 0
02-12 23:41:43.899   600 25314 E         : Camera[ERROR] cpp_params_create_frame_info: 6827: cpp_params_create_frame_info: [LDS:]stream_type 1,plane 0,cds 0,ds-mask 1, lds 0
02-12 23:41:43.899   600 25314 E         : Camera[ERROR] cpp_params_create_frame_info: 6827: cpp_params_create_frame_info: [LDS:]stream_type 1,plane 1,cds 0,ds-mask 1, lds 0
02-12 23:41:43.909   600 25326 E         : Camera[ERROR] aec_process_calc_current_hist_metered_luma: 1640: aec_process_calc_current_hist_metered_luma:1640  error: out of range, exit
02-12 23:41:43.909   550 25333 D mm-camera-intf: mm_stream_read_msm_frame: VIDIOC_DQBUF buf_index 2, frame_idx 39, stream type 1, rc 0,queued: 4, buf_type = 0
02-12 23:41:43.909   600 25326 E         : Camera[ERROR] aec_process_pack_output: 6671: aec_process_pack_output:6671  target_luma=43.000000, cur_luma=48.678978, exp_index=372, linecount=6563, sensor_gain=9.087710, aec_settled=0, iso=400
02-12 23:41:43.909   600 25326 E         : Camera[ERROR] aec_process_pack_output: 6727: aec_process_pack_output:6727  ADRC: real_gain=9.087710, drc_gains=(-1.000000, -1.000000), drc_ratios=(-1.000000,-1.000000,-1.000000,-1.000000)
02-12 23:41:43.909   600 25326 E         : Camera[ERROR] aec_port_stats_done_callback: 1199: aec_port_stats_done_callback:1199  aec_port_stats_done_callback DONE AEC STATS ACK back
02-12 23:41:43.909   600 25326 D alawb_algo: [AL_STATS]LED mode:0 LED sts:0 LED est:0 Flash_state:0 Stats:76445 
02-12 23:41:43.909   550 25335 D QCameraStream: dataProcRoutine: Do next job
02-12 23:41:43.909   550 25335 D QCamera2HWI: TsMakeupProcess pch_makeup_enable = null
02-12 23:41:43.909  1131  1144 I EDMNativeHelperService: isCameraEnabled
02-12 23:41:43.919   600 25326 E         : Camera[ERROR] awb_port_stats_done_callback: 862: awb_port_stats_done_callback:862  awb_port_stats_done_callback DONE AWB STATS ACK back
02-12 23:41:43.929   600 25322 E mm-camera-img: module_cac_handle_sof:783] session id 1 mct_mod 0xf4b1d940 lds_enabled 0
02-12 23:41:43.929   550 25333 D mm-camera-intf: mm_stream_read_msm_frame: VIDIOC_DQBUF buf_index 7, frame_idx 39, stream type 6, rc 0,queued: 15, buf_type = 0
02-12 23:41:43.929   600 25326 E         : Camera[ERROR] aec_biz_pack_output: 977: aec_biz_pack_output:977  target_luma=43 cur_luma=48 stored_digital_gain=0.000000 exp_index=372, real_gain=9.087710, linecnt=6563, aec_settled=0, iso 400, is_flash_snap=0, snap_lux_idx=366 snap_gain=9.087710 snap_lc=6563
02-12 23:41:43.929   600 25326 E         : Camera[ERROR] aec_port_pack_update: 1007: aec_port_pack_update:1007  AEC OUTPUT: curr_sof:40 capt_sof:0 curr_luma:48 target_luma:43 real_gain:9.087710 linecount:6563 s_real_gain:0.000000 s_linecnt:0 exp_idx:372 lux_indx:366.691956 est_state:0 led_state:0 exp_time:0.060005 iso:400 settled:0 aec_state:1 precap_start:0 flash_snap:0 shutter_flag:0 lls_capture:0
02-12 23:41:43.929   600 25315 E         : Camera[ERROR][ISP   ] mesh_rolloff40_trigger_update: 2508: Randy: not update (prv: 24632fc 24850f4, new: 24632fc 24850f4)
02-12 23:41:43.929   600 25326 E mm-camera-img: module_cac_set_lds 540: LDS 0
02-12 23:41:43.929   600 25326 E mm-camera-img: module_cac_handle_aec_update 722: LDS 0 lls_flag 0
02-12 23:41:43.929   600 25315 E         : Camera[ERROR][ISP   ] mesh_rolloff40_trigger_update: 2508: Randy: not update (prv: 24632fc 24850f4, new: 24632fc 24850f4)
02-12 23:41:43.929   550 25334 D QCameraStream: dataProcRoutine: Do next job
02-12 23:41:43.929   550 25334 E QCamera2HWI: metadata_stream_cb_routine::3992   light_value=0 
02-12 23:41:43.929   550 25334 E QCamera2HWI: metadata_stream_cb_routine:4019  current_light_value=0,0,1,4 
02-12 23:41:43.929   550 25334 W QCamera2HWI: processMetaCallback: lls not enabled, no ops here
02-12 23:41:43.929   550 25334 D QCameraParameters: getStreamDimension : Stream type = 1 Stream Dimension = 320 X 240
02-12 23:41:43.929   550 25334 D mm-camera-intf: mm_stream_qbuf: VIDIOC_QBUF buf_index 7, frame_idx 39 stream type 6, rc 0, queued: 16, buf_type = 0
02-12 23:41:43.929   550 25299 D QCamera2HWI: processHistogramStats: Histogram not enabled, no ops here
02-12 23:41:43.929   600 25315 E         : Camera[ERROR] awb_process_downstream_mod_event: 1837: awb_process_downstream_mod_event:1837  Crop Event from ISP received. PP (0 0 320 240)
02-12 23:41:43.929   600 25315 E         : Camera[ERROR] awb_process_downstream_mod_event: 1840: awb_process_downstream_mod_event:1840  vfe map: (0 0 4621 3466) vfe_out: (320 240)
02-12 23:41:43.929   550 25299 D QCamera2HWI: [AF_DBG] processAutoFocusEvent: [focusMode=1] m_tLastFocusState=16, m_tCurrentFocusState=16, m_bAFRunning=0, m_bCAFLocked=0, m_bNeedLockCAF=0
02-12 23:41:43.929   550 25299 E QCamera2HWI: [AF_DBG] processAutoFocusEvent: autoFocusEvent when no auto_focus running
02-12 23:41:43.929   550 25335 D mm-camera-intf: mm_stream_qbuf: VIDIOC_QBUF buf_index 1, frame_idx 38 stream type 1, rc 0, queued: 5, buf_type = 0
02-12 23:41:43.929   600 25326 E         : Camera[ERROR] ext_awb_algo_set_crop_info: 622: ext_awb_algo_set_crop_info:622  vfe_map[0:0:4621:3466] pp[0:0] pp_crou_out[320:240] vfe_out[320:240]
02-12 23:41:43.939  1131  2072 I EDMNativeHelperService: isCameraEnabled
02-12 23:41:43.949   600 25327 E         : Camera[ERROR] af_pdaf_proc_pd: 2208: af_pdaf_proc_pd:2208  grid(0) pd=-7.86, defocus(dac)=-146, conf=717, weight=1.00
02-12 23:41:43.949   600 25327 E         : Camera[ERROR] af_pdaf_proc_pd: 2214: af_pdaf_proc_pd:2214  CAF_SCAN_PDAF grid(0) pd=-7.86, defocus(dac)=-143.9, conf=717, weight=1.00
02-12 23:41:43.949   600 25327 E         : Camera[ERROR] af_pdaf_proc_pd: 2259: af_pdaf_proc_pd:2259  roi(0) lens_pos=325 index=38, pd=-7.86, defocus(um)=-143, conf=717, is_conf=TRUE, not_conf_cnt=0, is_stable=TRUE
02-12 23:41:43.949   600 25327 E         : Camera[ERROR] af_pdaf_get_min_stable_cnt: 2061: af_pdaf_get_min_stable_cnt:2061  fps=16, min_stable_cnt=1
02-12 23:41:43.949   600 25327 E         : Camera[ERROR] af_pdaf_get_min_stable_cnt: 2061: af_pdaf_get_min_stable_cnt:2061  fps=16, min_stable_cnt=1
02-12 23:41:43.949   600 25327 E         : Camera[ERROR] af_pdaf_get_min_stable_cnt: 2061: af_pdaf_get_min_stable_cnt:2061  fps=16, min_stable_cnt=1
02-12 23:41:43.949   600 25327 E         : Camera[ERROR] af_pdaf_proc_defocused: 2484: af_pdaf_proc_defocused:2484  roi(0) defocus=-143, dof_mult=2.0, defocus_thres=40.0, defocus_cnt=37, min_defocus_cnt=1, is_defocused=TRUE
02-12 23:41:43.949   600 25327 E         : Camera[ERROR] af_map_input_dciaf_info: 631: af_map_input_dciaf_info:631  input is invalid
02-12 23:41:43.949   600 25327 E         : Camera[ERROR] af_process_frame: 1129: af_process_frame:1129  af_mode=2, af_state=16, caf_state=0, status=-1, trigger_caf=0
02-12 23:41:43.949   600 25327 E         : Camera[ERROR] af_process_update_fv_history: 814: af_process_update_fv_history:814  Current FV: 1675102.250000, Current FV Normalized 2437.876709, Current Pos: 325
02-12 23:41:43.949   600 25327 E         : Camera[ERROR] af_process_select_and_run_algo: 979: af_process_select_and_run_algo:979  Fail Undefined ALGO TYPE -2
02-12 23:41:43.949   600 25327 E         : Camera[ERROR] af_process_frame: 1212: af_process_frame:1212  Error running AF algorithm!
02-12 23:41:43.949   600 25327 E         : Camera[ERROR] af_port_stats_done_callback: 1530: af_port_stats_done_callback:1530  af_port_stats_done_callback DONE AF STATS ACK back
02-12 23:41:43.959   600 25314 E         : Camera[ERROR][CPP   ] cpp_thread_handle_process_buf_event: 333: cpp_thread_handle_process_buf_event: [CDS_LDS] identity 10002,streamtype 1,uv upsmple 0, lds 0
02-12 23:41:43.959   600 25314 E         : Camera[ERROR] cpp_params_create_frame_info: 6827: cpp_params_create_frame_info: [LDS:]stream_type 1,plane 0,cds 0,ds-mask 1, lds 0
02-12 23:41:43.959   600 25314 E         : Camera[ERROR] cpp_params_create_frame_info: 6827: cpp_params_create_frame_info: [LDS:]stream_type 1,plane 1,cds 0,ds-mask 1, lds 0
02-12 23:41:43.959   600 25328 E         : Camera[ERROR] afd_port_stats_done_callback: 98: afd_port_stats_done_callback:98  afd_port_stats_done_callback DONE AFD stats ACK back
02-12 23:41:43.959   600 25329 E         : Camera[ERROR] asd_port_stats_done_callback: 174: asd_port_stats_done_callback:174  asd_port_stats_done_callback Done ASD STATS ACK back
02-12 23:41:43.959   550 25333 D mm-camera-intf: mm_stream_read_msm_frame: VIDIOC_DQBUF buf_index 3, frame_idx 40, stream type 1, rc 0,queued: 4, buf_type = 0
02-12 23:41:43.969   550 25335 D QCameraStream: dataProcRoutine: Do next job
02-12 23:41:43.969   550 25335 D QCamera2HWI: TsMakeupProcess pch_makeup_enable = null
02-12 23:41:43.969   600 25326 E         : Camera[ERROR] aec_process_pack_output: 6671: aec_process_pack_output:6671  target_luma=43.000000, cur_luma=46.654568, exp_index=372, linecount=6563, sensor_gain=9.087710, aec_settled=0, iso=400
02-12 23:41:43.969   600 25326 E         : Camera[ERROR] aec_process_pack_output: 6727: aec_process_pack_output:6727  ADRC: real_gain=9.087710, drc_gains=(-1.000000, -1.000000), drc_ratios=(-1.000000,-1.000000,-1.000000,-1.000000)
02-12 23:41:43.969   600 25326 E         : Camera[ERROR] aec_port_stats_done_callback: 1199: aec_port_stats_done_callback:1199  aec_port_stats_done_callback DONE AEC STATS ACK back
02-12 23:41:43.969   600 25326 D alawb_algo: [AL_STATS]LED mode:0 LED sts:0 LED est:0 Flash_state:0 Stats:70959 
02-12 23:41:43.969  1131  2316 I EDMNativeHelperService: isCameraEnabled
02-12 23:41:43.969   600 25326 E         : Camera[ERROR] awb_port_stats_done_callback: 862: awb_port_stats_done_callback:862  awb_port_stats_done_callback DONE AWB STATS ACK back
02-12 23:41:43.979   550 25335 D mm-camera-intf: mm_stream_qbuf: VIDIOC_QBUF buf_index 2, frame_idx 39 stream type 1, rc 0, queued: 5, buf_type = 0
02-12 23:41:43.989   600 25322 E mm-camera-img: module_cac_handle_sof:783] session id 1 mct_mod 0xf4b1d940 lds_enabled 0
02-12 23:41:43.989   600 25326 E         : Camera[ERROR] aec_biz_pack_output: 977: aec_biz_pack_output:977  target_luma=43 cur_luma=46 stored_digital_gain=0.000000 exp_index=372, real_gain=9.087710, linecnt=6563, aec_settled=0, iso 400, is_flash_snap=0, snap_lux_idx=367 snap_gain=9.087710 snap_lc=6563
02-12 23:41:43.989   600 25326 E         : Camera[ERROR] aec_port_pack_update: 1007: aec_port_pack_update:1007  AEC OUTPUT: curr_sof:41 capt_sof:0 curr_luma:46 target_luma:43 real_gain:9.087710 linecount:6563 s_real_gain:0.000000 s_linecnt:0 exp_idx:372 lux_indx:367.278137 est_state:0 led_state:0 exp_time:0.060005 iso:400 settled:0 aec_state:1 precap_start:0 flash_snap:0 shutter_flag:0 lls_capture:0
02-12 23:41:43.989   600 25326 E mm-camera-img: module_cac_set_lds 540: LDS 0
02-12 23:41:43.989   600 25326 E mm-camera-img: module_cac_handle_aec_update 722: LDS 0 lls_flag 0
02-12 23:41:43.989   550 25333 D mm-camera-intf: mm_stream_read_msm_frame: VIDIOC_DQBUF buf_index 8, frame_idx 40, stream type 6, rc 0,queued: 15, buf_type = 0
02-12 23:41:43.989   600 25315 E         : Camera[ERROR][ISP   ] mesh_rolloff40_trigger_update: 2508: Randy: not update (prv: 24632fc 24850f4, new: 24632fc 24850f4)
02-12 23:41:43.989   550 25334 D QCameraStream: dataProcRoutine: Do next job
02-12 23:41:43.989   550 25334 E QCamera2HWI: metadata_stream_cb_routine::3992   light_value=0 
02-12 23:41:43.989   550 25334 E QCamera2HWI: metadata_stream_cb_routine:4019  current_light_value=0,0,1,4 
02-12 23:41:43.989   550 25334 W QCamera2HWI: processMetaCallback: lls not enabled, no ops here
02-12 23:41:43.989   550 25334 D QCameraParameters: getStreamDimension : Stream type = 1 Stream Dimension = 320 X 240
02-12 23:41:43.989   600 25315 E         : Camera[ERROR][ISP   ] mesh_rolloff40_trigger_update: 2508: Randy: not update (prv: 24632fc 24850f4, new: 24632fc 24850f4)
02-12 23:41:43.989   550 25334 D mm-camera-intf: mm_stream_qbuf: VIDIOC_QBUF buf_index 8, frame_idx 40 stream type 6, rc 0, queued: 16, buf_type = 0
02-12 23:41:43.989   600 25315 E         : Camera[ERROR] awb_process_downstream_mod_event: 1837: awb_process_downstream_mod_event:1837  Crop Event from ISP received. PP (0 0 320 240)
02-12 23:41:43.989   600 25315 E         : Camera[ERROR] awb_process_downstream_mod_event: 1840: awb_process_downstream_mod_event:1840  vfe map: (0 0 4621 3466) vfe_out: (320 240)
02-12 23:41:43.989   600 25326 E         : Camera[ERROR] ext_awb_algo_set_crop_info: 622: ext_awb_algo_set_crop_info:622  vfe_map[0:0:4621:3466] pp[0:0] pp_crou_out[320:240] vfe_out[320:240]
02-12 23:41:43.989  1131  2919 I EDMNativeHelperService: isCameraEnabled
02-12 23:41:43.999   550 25299 D QCamera2HWI: processHistogramStats: Histogram not enabled, no ops here
02-12 23:41:43.999   550 25299 D QCamera2HWI: [AF_DBG] processAutoFocusEvent: [focusMode=1] m_tLastFocusState=16, m_tCurrentFocusState=16, m_bAFRunning=0, m_bCAFLocked=0, m_bNeedLockCAF=0
02-12 23:41:43.999   550 25299 E QCamera2HWI: [AF_DBG] processAutoFocusEvent: autoFocusEvent when no auto_focus running
02-12 23:41:44.009   600 25327 E         : Camera[ERROR] af_pdaf_proc_pd: 2208: af_pdaf_proc_pd:2208  grid(0) pd=-6.65, defocus(dac)=-124, conf=831, weight=1.00
02-12 23:41:44.009   600 25327 E         : Camera[ERROR] af_pdaf_proc_pd: 2214: af_pdaf_proc_pd:2214  CAF_SCAN_PDAF grid(0) pd=-6.65, defocus(dac)=-122.2, conf=831, weight=1.00
02-12 23:41:44.009   600 25327 E         : Camera[ERROR] af_pdaf_proc_pd: 2259: af_pdaf_proc_pd:2259  roi(0) lens_pos=325 index=39, pd=-6.65, defocus(um)=-122, conf=831, is_conf=TRUE, not_conf_cnt=0, is_stable=TRUE
02-12 23:41:44.009   600 25327 E         : Camera[ERROR] af_pdaf_get_min_stable_cnt: 2061: af_pdaf_get_min_stable_cnt:2061  fps=16, min_stable_cnt=1
02-12 23:41:44.009   600 25327 E         : Camera[ERROR] af_pdaf_get_min_stable_cnt: 2061: af_pdaf_get_min_stable_cnt:2061  fps=16, min_stable_cnt=1
02-12 23:41:44.009   600 25327 E         : Camera[ERROR] af_pdaf_get_min_stable_cnt: 2061: af_pdaf_get_min_stable_cnt:2061  fps=16, min_stable_cnt=1
02-12 23:41:44.009   600 25327 E         : Camera[ERROR] af_pdaf_proc_defocused: 2484: af_pdaf_proc_defocused:2484  roi(0) defocus=-122, dof_mult=2.0, defocus_thres=40.0, defocus_cnt=38, min_defocus_cnt=1, is_defocused=TRUE
02-12 23:41:44.009   600 25327 E         : Camera[ERROR] af_map_input_dciaf_info: 631: af_map_input_dciaf_info:631  input is invalid
02-12 23:41:44.009   600 25327 E         : Camera[ERROR] af_process_frame: 1129: af_process_frame:1129  af_mode=2, af_state=16, caf_state=0, status=-1, trigger_caf=0
02-12 23:41:44.009   600 25327 E         : Camera[ERROR] af_process_update_fv_history: 814: af_process_update_fv_history:814  Current FV: 1577590.000000, Current FV Normalized 2358.000244, Current Pos: 325
02-12 23:41:44.009   600 25327 E         : Camera[ERROR] af_process_select_and_run_algo: 979: af_process_select_and_run_algo:979  Fail Undefined ALGO TYPE -2
02-12 23:41:44.009   600 25327 E         : Camera[ERROR] af_process_frame: 1212: af_process_frame:1212  Error running AF algorithm!
02-12 23:41:44.009   600 25327 E         : Camera[ERROR] af_port_stats_done_callback: 1530: af_port_stats_done_callback:1530  af_port_stats_done_callback DONE AF STATS ACK back
02-12 23:41:44.019  1980  2090 I CMHServiceInterface: unbinding from CMH
02-12 23:41:44.029   600 25314 E         : Camera[ERROR][CPP   ] cpp_thread_handle_process_buf_event: 333: cpp_thread_handle_process_buf_event: [CDS_LDS] identity 10002,streamtype 1,uv upsmple 0, lds 0
02-12 23:41:44.029   600 25314 E         : Camera[ERROR] cpp_params_create_frame_info: 6827: cpp_params_create_frame_info: [LDS:]stream_type 1,plane 0,cds 0,ds-mask 1, lds 0
02-12 23:41:44.029   600 25314 E         : Camera[ERROR] cpp_params_create_frame_info: 6827: cpp_params_create_frame_info: [LDS:]stream_type 1,plane 1,cds 0,ds-mask 1, lds 0
02-12 23:41:44.029   600 25329 E         : Camera[ERROR] asd_port_stats_done_callback: 174: asd_port_stats_done_callback:174  asd_port_stats_done_callback Done ASD STATS ACK back
02-12 23:41:44.029   550 25333 D mm-camera-intf: mm_stream_read_msm_frame: VIDIOC_DQBUF buf_index 4, frame_idx 41, stream type 1, rc 0,queued: 4, buf_type = 0
02-12 23:41:44.029   550 25335 D QCameraStream: dataProcRoutine: Do next job
02-12 23:41:44.029   600 25326 E         : Camera[ERROR] aec_process_pack_output: 6671: aec_process_pack_output:6671  target_luma=43.000000, cur_luma=44.354561, exp_index=372, linecount=6563, sensor_gain=9.087710, aec_settled=1, iso=400
02-12 23:41:44.029   600 25326 E         : Camera[ERROR] aec_process_pack_output: 6727: aec_process_pack_output:6727  ADRC: real_gain=9.087710, drc_gains=(-1.000000, -1.000000), drc_ratios=(-1.000000,-1.000000,-1.000000,-1.000000)
02-12 23:41:44.029   600 25326 E         : Camera[ERROR] aec_port_stats_done_callback: 1199: aec_port_stats_done_callback:1199  aec_port_stats_done_callback DONE AEC STATS ACK back
02-12 23:41:44.029   600 25326 D alawb_algo: [AL_STATS]LED mode:0 LED sts:0 LED est:0 Flash_state:0 Stats:70362 
02-12 23:41:44.029   550 25335 D QCamera2HWI: TsMakeupProcess pch_makeup_enable = null
02-12 23:41:44.029   600 25328 E         : Camera[ERROR] afd_port_stats_done_callback: 98: afd_port_stats_done_callback:98  afd_port_stats_done_callback DONE AFD stats ACK back
02-12 23:41:44.029  1131  2454 I EDMNativeHelperService: isCameraEnabled
02-12 23:41:44.029   600 25326 E         : Camera[ERROR] awb_port_stats_done_callback: 862: awb_port_stats_done_callback:862  awb_port_stats_done_callback DONE AWB STATS ACK back
02-12 23:41:44.039 13692 13692 I CMHService: [#CMH#] onDestroy() 
02-12 23:41:44.049   550 25335 D mm-camera-intf: mm_stream_qbuf: VIDIOC_QBUF buf_index 3, frame_idx 40 stream type 1, rc 0, queued: 5, buf_type = 0
02-12 23:41:44.049   600 25326 E         : Camera[ERROR] aec_biz_pack_output: 977: aec_biz_pack_output:977  target_luma=43 cur_luma=44 stored_digital_gain=0.000000 exp_index=372, real_gain=9.087710, linecnt=6563, aec_settled=1, iso 400, is_flash_snap=0, snap_lux_idx=367 snap_gain=9.087710 snap_lc=6563
02-12 23:41:44.049   600 25326 E         : Camera[ERROR] aec_port_pack_update: 1007: aec_port_pack_update:1007  AEC OUTPUT: curr_sof:42 capt_sof:0 curr_luma:44 target_luma:43 real_gain:9.087710 linecount:6563 s_real_gain:0.000000 s_linecnt:0 exp_idx:372 lux_indx:367.951843 est_state:0 led_state:0 exp_time:0.060005 iso:400 settled:1 aec_state:1 precap_start:0 flash_snap:0 shutter_flag:0 lls_capture:0
02-12 23:41:44.049   600 25322 E mm-camera-img: module_cac_handle_sof:783] session id 1 mct_mod 0xf4b1d940 lds_enabled 0
02-12 23:41:44.049   600 25326 E mm-camera-img: module_cac_set_lds 540: LDS 0
02-12 23:41:44.049   600 25326 E mm-camera-img: module_cac_handle_aec_update 722: LDS 0 lls_flag 0
02-12 23:41:44.049   600 25315 E         : Camera[ERROR][ISP   ] mesh_rolloff40_trigger_update: 2508: Randy: not update (prv: 24632fc 24850f4, new: 24632fc 24850f4)
02-12 23:41:44.049   550 25333 D mm-camera-intf: mm_stream_read_msm_frame: VIDIOC_DQBUF buf_index 9, frame_idx 41, stream type 6, rc 0,queued: 15, buf_type = 0
02-12 23:41:44.049   600 25315 E         : Camera[ERROR][ISP   ] mesh_rolloff40_trigger_update: 2508: Randy: not update (prv: 24632fc 24850f4, new: 24632fc 24850f4)
02-12 23:41:44.049   550 25334 D QCameraStream: dataProcRoutine: Do next job
02-12 23:41:44.049   600 25315 E         : Camera[ERROR] awb_process_downstream_mod_event: 1837: awb_process_downstream_mod_event:1837  Crop Event from ISP received. PP (0 0 320 240)
02-12 23:41:44.049   600 25315 E         : Camera[ERROR] awb_process_downstream_mod_event: 1840: awb_process_downstream_mod_event:1840  vfe map: (0 0 4621 3466) vfe_out: (320 240)
02-12 23:41:44.049   600 25326 E         : Camera[ERROR] ext_awb_algo_set_crop_info: 622: ext_awb_algo_set_crop_info:622  vfe_map[0:0:4621:3466] pp[0:0] pp_crou_out[320:240] vfe_out[320:240]
02-12 23:41:44.049   550 25334 E QCamera2HWI: metadata_stream_cb_routine::3992   light_value=0 
02-12 23:41:44.049   550 25334 E QCamera2HWI: metadata_stream_cb_routine:4019  current_light_value=0,0,1,4 
02-12 23:41:44.049   550 25334 W QCamera2HWI: processMetaCallback: lls not enabled, no ops here
02-12 23:41:44.059   550 25334 D QCameraParameters: getStreamDimension : Stream type = 1 Stream Dimension = 320 X 240
02-12 23:41:44.059   550 25299 D QCamera2HWI: processHistogramStats: Histogram not enabled, no ops here
02-12 23:41:44.059   550 25299 D QCamera2HWI: [AF_DBG] processAutoFocusEvent: [focusMode=1] m_tLastFocusState=16, m_tCurrentFocusState=16, m_bAFRunning=0, m_bCAFLocked=0, m_bNeedLockCAF=0
02-12 23:41:44.059   550 25299 E QCamera2HWI: [AF_DBG] processAutoFocusEvent: autoFocusEvent when no auto_focus running
02-12 23:41:44.059   550 25334 D mm-camera-intf: mm_stream_qbuf: VIDIOC_QBUF buf_index 9, frame_idx 41 stream type 6, rc 0, queued: 16, buf_type = 0
02-12 23:41:44.059  1131  2280 I EDMNativeHelperService: isCameraEnabled
02-12 23:41:44.059  1131 25362 W VirtualScreenManagerService: moveTaskBackToDisplayIfNeeded(): root is not base activity
02-12 23:41:44.059   545   545 F DEBUG   : 
02-12 23:41:44.059   545   545 F DEBUG   : Tombstone written to: /data/tombstones/tombstone_09
02-12 23:41:44.059   545   545 E DEBUG   : AM write failed: Broken pipe
02-12 23:41:44.059   545   545 E         : ro.product_ship = true
02-12 23:41:44.059   545   545 E         : ro.debug_level = 0x4f4c
02-12 23:41:44.059   545   545 E         : sys.mobilecare.preload = false
02-12 23:41:44.059  1131 25362 W ActivityManager:   Force finishing activity com.android.rtmpvideo/.MainActivity
02-12 23:41:44.059  1131  1343 I BootReceiver: Copying /data/tombstones/tombstone_09 to DropBox (SYSTEM_TOMBSTONE)
02-12 23:41:44.069  1131 25362 W VirtualScreenManagerService: moveTaskBackToDisplayIfNeeded(): root activity or app is null
02-12 23:41:44.069  3044  3044 E audit   : type=1701 msg=audit(1518450104.059:753): auid=4294967295 uid=10238 gid=10238 ses=4294967295 subj=u:r:untrusted_app:s0:c512,c768 pid=25355 comm="Thread-1309" reason="memory violation" sig=11
02-12 23:41:44.069  1980  2842 I ContentSyncInterface: unbinding from SCloud
02-12 23:41:44.069   600 25327 E         : Camera[ERROR] af_pdaf_proc_pd: 2208: af_pdaf_proc_pd:2208  grid(0) pd=-7.35, defocus(dac)=-137, conf=841, weight=1.00
02-12 23:41:44.069   600 25327 E         : Camera[ERROR] af_pdaf_proc_pd: 2214: af_pdaf_proc_pd:2214  CAF_SCAN_PDAF grid(0) pd=-7.35, defocus(dac)=-135.0, conf=841, weight=1.00
02-12 23:41:44.069   600 25327 E         : Camera[ERROR] af_pdaf_proc_pd: 2259: af_pdaf_proc_pd:2259  roi(0) lens_pos=325 index=40, pd=-7.35, defocus(um)=-135, conf=841, is_conf=TRUE, not_conf_cnt=0, is_stable=TRUE
02-12 23:41:44.069   600 25327 E         : Camera[ERROR] af_pdaf_get_min_stable_cnt: 2061: af_pdaf_get_min_stable_cnt:2061  fps=16, min_stable_cnt=1
02-12 23:41:44.069   600 25327 E         : Camera[ERROR] af_pdaf_get_min_stable_cnt: 2061: af_pdaf_get_min_stable_cnt:2061  fps=16, min_stable_cnt=1
02-12 23:41:44.069   600 25327 E         : Camera[ERROR] af_pdaf_get_min_stable_cnt: 2061: af_pdaf_get_min_stable_cnt:2061  fps=16, min_stable_cnt=1
02-12 23:41:44.069   600 25327 E         : Camera[ERROR] af_pdaf_proc_defocused: 2484: af_pdaf_proc_defocused:2484  roi(0) defocus=-135, dof_mult=2.0, defocus_thres=40.0, defocus_cnt=39, min_defocus_cnt=1, is_defocused=TRUE
02-12 23:41:44.069   600 25327 E         : Camera[ERROR] af_map_input_dciaf_info: 631: af_map_input_dciaf_info:631  input is invalid
02-12 23:41:44.069   600 25327 E         : Camera[ERROR] af_process_frame: 1129: af_process_frame:1129  af_mode=2, af_state=16, caf_state=0, status=-1, trigger_caf=0
02-12 23:41:44.069   600 25327 E         : Camera[ERROR] af_process_update_fv_history: 814: af_process_update_fv_history:814  Current FV: 1494009.625000, Current FV Normalized 2259.070801, Current Pos: 325
02-12 23:41:44.069   600 25327 E         : Camera[ERROR] af_process_select_and_run_algo: 979: af_process_select_and_run_algo:979  Fail Undefined ALGO TYPE -2
02-12 23:41:44.069   600 25327 E         : Camera[ERROR] af_process_frame: 1212: af_process_frame:1212  Error running AF algorithm!
02-12 23:41:44.069   600 25327 E         : Camera[ERROR] af_port_stats_done_callback: 1530: af_port_stats_done_callback:1530  af_port_stats_done_callback DONE AF STATS ACK back
02-12 23:41:44.069  1131 25362 D InputDispatcher: Focused application set to: xxxx
02-12 23:41:44.069  1131 25362 D InputDispatcher: Focus left window: 25256
02-12 23:41:44.069  1131 25362 D FocusedStackFrame: Set to : 0
02-12 23:41:44.079  1131 25362 D ActivityTrigger: ActivityTrigger activityPauseTrigger 
02-12 23:41:44.079  1131  1359 D PointerIcon: setMouseIconStyle1 pointerType: 1001 iconType:101 flag:0 pid:1131 uid:1000
02-12 23:41:44.079  1131  1359 D PointerIcon: setMouseCustomIcon IconType is same.101
02-12 23:41:44.079   600 25314 E         : Camera[ERROR][CPP   ] cpp_thread_handle_process_buf_event: 333: cpp_thread_handle_process_buf_event: [CDS_LDS] identity 10002,streamtype 1,uv upsmple 0, lds 0
02-12 23:41:44.079   600 25314 E         : Camera[ERROR] cpp_params_create_frame_info: 6827: cpp_params_create_frame_info: [LDS:]stream_type 1,plane 0,cds 0,ds-mask 1, lds 0
02-12 23:41:44.079   600 25314 E         : Camera[ERROR] cpp_params_create_frame_info: 6827: cpp_params_create_frame_info: [LDS:]stream_type 1,plane 1,cds 0,ds-mask 1, lds 0
02-12 23:41:44.079   550 25333 D mm-camera-intf: mm_stream_read_msm_frame: VIDIOC_DQBUF buf_index 5, frame_idx 42, stream type 1, rc 0,queued: 4, buf_type = 0
02-12 23:41:44.079   600 25326 E         : Camera[ERROR] aec_process_pack_output: 6671: aec_process_pack_output:6671  target_luma=43.000000, cur_luma=41.874252, exp_index=372, linecount=6563, sensor_gain=9.087710, aec_settled=1, iso=400
02-12 23:41:44.079   600 25326 E         : Camera[ERROR] aec_process_pack_output: 6727: aec_process_pack_output:6727  ADRC: real_gain=9.087710, drc_gains=(-1.000000, -1.000000), drc_ratios=(-1.000000,-1.000000,-1.000000,-1.000000)
02-12 23:41:44.079   600 25326 E         : Camera[ERROR] aec_port_stats_done_callback: 1199: aec_port_stats_done_callback:1199  aec_port_stats_done_callback DONE AEC STATS ACK back
02-12 23:41:44.079   600 25326 D alawb_algo: [AL_STATS]LED mode:0 LED sts:0 LED est:0 Flash_state:0 Stats:70273 
02-12 23:41:44.089   600 25328 E         : Camera[ERROR] afd_port_stats_done_callback: 98: afd_port_stats_done_callback:98  afd_port_stats_done_callback DONE AFD stats ACK back
02-12 23:41:44.089   600 25329 E         : Camera[ERROR] asd_port_stats_done_callback: 174: asd_port_stats_done_callback:174  asd_port_stats_done_callback Done ASD STATS ACK back
02-12 23:41:44.089   550 25335 D QCameraStream: dataProcRoutine: Do next job
02-12 23:41:44.089   550 25335 D QCamera2HWI: TsMakeupProcess pch_makeup_enable = null
02-12 23:41:44.089  1131  1144 I EDMNativeHelperService: isCameraEnabled
02-12 23:41:44.089   600 25326 E         : Camera[ERROR] awb_port_stats_done_callback: 862: awb_port_stats_done_callback:862  awb_port_stats_done_callback DONE AWB STATS ACK back
02-12 23:41:44.099  1131  1686 W InputDispatcher: channel ~ Consumer closed input channel or an error occurred.  events=0x9
02-12 23:41:44.099  1131  1686 E InputDispatcher: channel ~ Channel is unrecoverably broken and will be disposed!
02-12 23:41:44.099  1131  1824 D GraphicsStats: Buffer count: 13
02-12 23:41:44.099   550  1263 E CameraService: notifyError(CAMERA_MSG_ERROR, CAMERA_ERROR_RELEASED)
02-12 23:41:44.099   550  1263 I ShotCommon: disablePreviewMsgBy : msg(In:0x2, Out:0x0)
02-12 23:41:44.099   550  1263 D QCamera2HWI: disable_msg_type : E, msg type -1
02-12 23:41:44.099   550 25299 D QCamera2HWI: disableMsgType (0xffffffff) : mMsgEnabled = 0x0
02-12 23:41:44.099   437  3757 E         : BitTube(): close sendFd (76)
02-12 23:41:44.099   437  3757 E         : BitTube(): close sendFd (91)
02-12 23:41:44.099   550  1264 E OMXNodeInstance: !!! Observer died. Quickly, do something, ... anything...
02-12 23:41:44.099   550  1263 D QCamera2HWI: disable_msg_type : X
02-12 23:41:44.099   550  1263 I ShotCommon: disableMsgType : msg(In:0xffffffff, Out:0x0)
02-12 23:41:44.099   550  1263 D SecCameraCoreManager: virtual void android::SecCameraCoreManager::stopPreview():stop IT Policy checking thread
02-12 23:41:44.099   550 25335 D mm-camera-intf: mm_stream_qbuf: VIDIOC_QBUF buf_index 4, frame_idx 41 stream type 1, rc 0, queued: 5, buf_type = 0
02-12 23:41:44.109  1131  1144 W InputDispatcher: Attempted to unregister already unregistered input channel
02-12 23:41:44.109   600 25326 E         : Camera[ERROR] aec_biz_pack_output: 977: aec_biz_pack_output:977  target_luma=43 cur_luma=41 stored_digital_gain=0.000000 exp_index=372, real_gain=9.087710, linecnt=6563, aec_settled=1, iso 400, is_flash_snap=0, snap_lux_idx=368 snap_gain=9.087710 snap_lc=6563
02-12 23:41:44.109   600 25326 E         : Camera[ERROR] aec_port_pack_update: 1007: aec_port_pack_update:1007  AEC OUTPUT: curr_sof:43 capt_sof:0 curr_luma:41 target_luma:43 real_gain:9.087710 linecount:6563 s_real_gain:0.000000 s_linecnt:0 exp_idx:372 lux_indx:368.506165 est_state:0 led_state:0 exp_time:0.060005 iso:400 settled:1 aec_state:2 precap_start:0 flash_snap:0 shutter_flag:0 lls_capture:0
02-12 23:41:44.109   600 25322 E mm-camera-img: module_cac_handle_sof:783] session id 1 mct_mod 0xf4b1d940 lds_enabled 0
02-12 23:41:44.109   600 25326 E mm-camera-img: module_cac_set_lds 540: LDS 0
02-12 23:41:44.109   600 25326 E mm-camera-img: module_cac_handle_aec_update 722: LDS 0 lls_flag 0
02-12 23:41:44.109   600 25315 E         : Camera[ERROR][ISP   ] mesh_rolloff40_trigger_update: 2508: Randy: not update (prv: 24632fc 24850f4, new: 24632fc 24850f4)
02-12 23:41:44.109   550 25333 D mm-camera-intf: mm_stream_read_msm_frame: VIDIOC_DQBUF buf_index 10, frame_idx 42, stream type 6, rc 0,queued: 15, buf_type = 0
02-12 23:41:44.109   600 25315 E         : Camera[ERROR][ISP   ] mesh_rolloff40_trigger_update: 2508: Randy: not update (prv: 24632fc 24850f4, new: 24632fc 24850f4)
02-12 23:41:44.109   550 25334 D QCameraStream: dataProcRoutine: Do next job
02-12 23:41:44.109   550 25299 D QCamera2HWI: processHistogramStats: Histogram not enabled, no ops here
02-12 23:41:44.109   550 25334 D mm-camera-intf: mm_stream_qbuf: VIDIOC_QBUF buf_index 10, frame_idx 42 stream type 6, rc 0, queued: 16, buf_type = 0
02-12 23:41:44.109   550 25299 D QCamera2HWI: [AF_DBG] processAutoFocusEvent: [focusMode=1] m_tLastFocusState=16, m_tCurrentFocusState=16, m_bAFRunning=0, m_bCAFLocked=0, m_bNeedLockCAF=0
02-12 23:41:44.109   550 25299 E QCamera2HWI: [AF_DBG] processAutoFocusEvent: autoFocusEvent when no auto_focus running
02-12 23:41:44.109   600 25315 E         : Camera[ERROR] awb_process_downstream_mod_event: 1837: awb_process_downstream_mod_event:1837  Crop Event from ISP received. PP (0 0 320 240)
02-12 23:41:44.109   600 25315 E         : Camera[ERROR] awb_process_downstream_mod_event: 1840: awb_process_downstream_mod_event:1840  vfe map: (0 0 4621 3466) vfe_out: (320 240)
02-12 23:41:44.109   600 25326 E         : Camera[ERROR] ext_awb_algo_set_crop_info: 622: ext_awb_algo_set_crop_info:622  vfe_map[0:0:4621:3466] pp[0:0] pp_crou_out[320:240] vfe_out[320:240]
02-12 23:41:44.109   579   579 I Zygote  : Process 25256 exited due to signal (11)
02-12 23:41:44.109  1131  1144 I WindowState: WIN DEATH: Window{5a0b6be u0 d0 p25256 com.android.rtmpvideo/com.android.rtmpvideo.MainActivity}
02-12 23:41:44.109  1131  1287 W ContextImpl: Calling a method in the system process without a qualified user: android.app.ContextImpl.sendBroadcast:843 com.android.server.policy.PhoneWindowManager.notifyToSSRM:9201 com.android.server.policy.PhoneWindowManager.access$2100:331 com.android.server.policy.PhoneWindowManager$PolicyHandler.handleMessage:1307 android.os.Handler.dispatchMessage:102 
02-12 23:41:44.109  1131  1144 D PowerManagerService: [api] [s] userActivity : event: 0 flags: 0 (uid: 1000 pid: 1131) eventTime = 27291789
02-12 23:41:44.119  1131  1144 D PowerManagerService: [api] release WakeLock SCREEN_BRIGHT_WAKE_LOCK        'WindowManager' ON_AFTER_RELEASE (uid=1000, pid=1131, ws=WorkSource{10238}, pkg=android, elapsedTime=2560) (0x0)
02-12 23:41:44.119  1131  1144 D PowerManagerService: [api] applyWakeLockFlagsOnReleaseLocked : userActivityNoUpdateLocked is called : SCREEN_BRIGHT_WAKE_LOCK        'WindowManager' ON_AFTER_RELEASE (uid=1000, pid=1131, ws=WorkSource{10238}, pkg=android, elapsedTime=2560)
02-12 23:41:44.119  1131 25362 W ActivityManager: Exception thrown during pause
02-12 23:41:44.119  1131 25362 W ActivityManager: android.os.DeadObjectException
02-12 23:41:44.119  1131 25362 W ActivityManager: 	at android.os.BinderProxy.transactNative(Native Method)
