02-12 23:40:01.249  1131  1367 D PowerManagerService: [PWL] sb release: PowerManagerService.Display
02-12 23:40:04.129  1131  5189 D SSRM:w  : SIOP:: AP = 260, PST = 270 (W:18), CP = 30, CUR = 268, LCD = 1
02-12 23:40:04.129  1131  5189 D ConnectivityService: returning getNetworkInfo for network type 1 : [type: WIFI[] - WIFI, state: CONNECTED/CONNECTED, reason: (unspecified), extra: "zhidongni", roaming: false, failover: false, isAvailable: true] /UID : 1000 , PID : 1131
02-12 23:40:04.229  1131  1275 I UsageStatsService: User[0] Flushing usage stats to disk
02-12 23:40:06.019  1131 11203 D BatteryService: !@BatteryListener : batteryPropertiesChanged!
02-12 23:40:06.019  1131 11203 D BatteryService: level:100, scale:100, status:5, health:2, present:true, voltage: 4293, temperature: 232, technology: Li-ion, AC powered:false, USB powered:true, POGO powered:false, Wireless powered:false, icon:17303480, invalid charger:0, maxChargingCurrent:0
02-12 23:40:06.019  1131 11203 D BatteryService: online:4, current avg:259, charge type:1, power sharing:false, high voltage charger:false, capacity:280000, batterySWSelfDischarging:false, misc_event:0, current_now:264
02-12 23:40:06.029  1131 11203 D BatteryService: stay LED for fully charged
02-12 23:40:06.029  1131  1131 D BatteryService: Sending ACTION_BATTERY_CHANGED.
02-12 23:40:06.029  1131  1131 I MotionRecognitionService: Plugged
02-12 23:40:06.029  1131  1131 D MotionRecognitionService:   cableConnection= 1
02-12 23:40:06.029  1131  1131 D MotionRecognitionService: setPowerConnected | current backoff  = 1024 , state =1024
02-12 23:40:06.029  1131  1131 D MotionRecognitionService: skip setTransmitPower. 
02-12 23:40:06.029  1131  1131 D GameManagerService: new battery level: 100
02-12 23:40:06.039  1810  1810 D PowerUI : BATTERY_MISC_EVENT_TIMEOUT_OPEN_TYPE - 0 oldFullyConnected = true mFullyConnected = true
02-12 23:40:06.039  1810  1810 D PowerUI : priorPlugType = 2 mPlugType =  2
02-12 23:40:06.039  1810  1810 D BatteryMeterView: ACTION_BATTERY_CHANGED : level:100 status:5 health:2
02-12 23:40:06.039  1810  1810 D BatteryMeterView: ACTION_BATTERY_CHANGED : level:100 status:5 health:2
02-12 23:40:09.439  1131  1675 V AlarmManager: Expired Alarm result :4
02-12 23:40:09.439  1131  1675 V AlarmManager: setInexact (T:3/F:0/AC:false) 20180212T234309 - CU:1000/CP:1131
02-12 23:40:09.439  1131  1284 V BroadcastQueue: [background] Process cur broadcast BroadcastRecord{a4e8d3d u0 wns.heartbeat qIdx=4}, state= (APP_RECEIVE) DELIVERED for app ProcessRecord{3c76374 22720:com.tencent.android.qqdownloader:wns/u0a171}
02-12 23:40:09.459  1131  2280 V AlarmManager: setInexact (T:2/F:0/AC:false) 20180212T234329 - CU:10171/CP:22720
02-12 23:40:09.459  1131 11204 W BroadcastQueue: Permission Denial: broadcasting Intent { act=wns.heartbeat flg=0x14 VirtualScreenParam=Params{mDisplayId=-1, null, mFlags=0x00000000)} (has extras) } from com.tencent.android.qqdownloader (pid=-1, uid=10171) is not exported from uid 10184 due to receiver com.tencent.qqmusic/com.tencent.base.os.clock.AlarmClockReceiver
02-12 23:40:09.459  1131 11204 E MARsPolicyManager: Package: com.tencent.qqmusic hostingType: broadcast is Restricted by policy: applockerpolicy(3) caller is: null
02-12 23:40:09.459  1131  1355 I MARsDBManager: updateInfo  debug at here.
02-12 23:40:09.459  1131  1355 I MARsDBManager: updateInfo  callee = com.tencent.qqmusic
02-12 23:40:09.459  1131  1355 I MARsDBManager: updateInfo  caller = null
02-12 23:40:09.459  1131  1355 I MARsDBManager: updateInfo  isBlocked = true
02-12 23:40:09.459  1131  1355 I MARsDBManager: updateInfo  requestTime = 1518450009464
02-12 23:40:09.469  1131  1131 V AlarmManager: setInexact (T:3/F:8/AC:false) 20180213T021106 - CU:1000/CP:1131
02-12 23:40:09.469  1131  1131 V AlarmManager: setInexact (T:3/F:8/AC:false) 20180213T170400 - CU:1000/CP:1131
02-12 23:40:14.159  1131  5189 D SSRM:w  : SIOP:: AP = 250, PST = 268 (W:18), CP = 30, CUR = 285, LCD = 1
02-12 23:40:14.159  1131  5189 D ConnectivityService: returning getNetworkInfo for network type 1 : [type: WIFI[] - WIFI, state: CONNECTED/CONNECTED, reason: (unspecified), extra: "zhidongni", roaming: false, failover: false, isAvailable: true] /UID : 1000 , PID : 1131
02-12 23:40:14.179  1131  2024 E Watchdog: !@Sync 906 [02-12 23:40:14.180]
02-12 23:40:16.089  1131  2454 D BatteryService: !@BatteryListener : batteryPropertiesChanged!
02-12 23:40:16.099  1131  2454 D BatteryService: level:100, scale:100, status:5, health:2, present:true, voltage: 4314, temperature: 232, technology: Li-ion, AC powered:false, USB powered:true, POGO powered:false, Wireless powered:false, icon:17303480, invalid charger:0, maxChargingCurrent:0
02-12 23:40:16.099  1131  2454 D BatteryService: online:4, current avg:300, charge type:1, power sharing:false, high voltage charger:false, capacity:280000, batterySWSelfDischarging:false, misc_event:0, current_now:349
02-12 23:40:16.099  1131  2454 D BatteryService: stay LED for fully charged
02-12 23:40:16.099  1131  1131 D BatteryService: Sending ACTION_BATTERY_CHANGED.
02-12 23:40:16.099  1131  1131 I MotionRecognitionService: Plugged
02-12 23:40:16.099  1131  1131 D MotionRecognitionService:   cableConnection= 1
02-12 23:40:16.099  1131  1131 D MotionRecognitionService: setPowerConnected | current backoff  = 1024 , state =1024
02-12 23:40:16.099  1131  1131 D MotionRecognitionService: skip setTransmitPower. 
02-12 23:40:16.099  1131  1131 D GameManagerService: new battery level: 100
02-12 23:40:16.099  1810  1810 D PowerUI : BATTERY_MISC_EVENT_TIMEOUT_OPEN_TYPE - 0 oldFullyConnected = true mFullyConnected = true
02-12 23:40:16.099  1810  1810 D PowerUI : priorPlugType = 2 mPlugType =  2
02-12 23:40:16.139  1810  1810 D BatteryMeterView: ACTION_BATTERY_CHANGED : level:100 status:5 health:2
02-12 23:40:16.139  1810  1810 D BatteryMeterView: ACTION_BATTERY_CHANGED : level:100 status:5 health:2
02-12 23:40:24.189  1131  5189 D SSRM:w  : SIOP:: AP = 250, PST = 267 (W:18), CP = 30, CUR = 339, LCD = 1
02-12 23:40:24.189  1131  5189 D ConnectivityService: returning getNetworkInfo for network type 1 : [type: WIFI[] - WIFI, state: CONNECTED/CONNECTED, reason: (unspecified), extra: "zhidongni", roaming: false, failover: false, isAvailable: true] /UID : 1000 , PID : 1131
02-12 23:40:26.159  1131  2454 D BatteryService: !@BatteryListener : batteryPropertiesChanged!
02-12 23:40:31.319   544  1582 E NetlinkEvent: NetlinkEvent::FindParam(): Parameter 'LABEL' not found
02-12 23:40:31.319  1131  1144 I ActivityManager: Killing 10429:com.samsung.android.packageinstaller/u0a33 (adj 15): empty for 1806s
02-12 23:40:31.329  1131  1144 I ActivityManager: Killing 20606:com.sec.android.app.shealth/u0a41 (adj 15): empty for 1806s
02-12 23:40:31.329  1131  1144 I ActivityManager: Killing 5802:com.samsung.android.sm.devicesecurity/5012 (adj 15): empty for 1807s
02-12 23:40:31.329  1131  1144 I ActivityManager: Killing 29144:com.sec.android.app.samsungapps/u0a17 (adj 15): empty for 1807s
02-12 23:40:31.329  1131  1144 I ActivityManager: Killing 6942:com.sec.android.app.sbrowser/u0a109 (adj 15): empty for 1807s
02-12 23:40:31.329  1131  1144 I ActivityManager: Killing 20553:com.samsung.knox.rcp.components/u0a107 (adj 15): empty for 1807s
02-12 23:40:31.329  1131  1144 I ActivityManager: Killing 6832:com.enhance.gameservice/u0a90 (adj 15): empty for 1807s
02-12 23:40:31.329  1131  1144 I ActivityManager: Killing 20519:com.samsung.android.app.assistantmenu/1000 (adj 15): empty for 1807s
02-12 23:40:31.329  1131  1144 I ActivityManager: Killing 20504:com.samsung.android.tzdata.update_M/u0a200 (adj 15): empty for 1807s
02-12 23:40:31.329  1131  1144 I ActivityManager: Killing 6656:com.android.settings/1000 (adj 15): empty for 1807s
02-12 23:40:31.329  1131  1144 I ActivityManager: Killing 20489:com.sec.android.app.billing/u0a46 (adj 15): empty for 1808s
02-12 23:40:31.389  1131  2454 D ActivityManager: cleanUpApplicationRecord -- 6942
02-12 23:40:31.399  1131 11203 D ActivityManager: cleanUpApplicationRecord -- 20606
02-12 23:40:31.409  1131  2314 D ActivityManager: cleanUpApplicationRecord -- 20553
02-12 23:40:31.409  1131  1143 D ActivityManager: cleanUpApplicationRecord -- 29144
02-12 23:40:31.419  1131  2280 D ActivityManager: cleanUpApplicationRecord -- 20504
02-12 23:40:31.429  1131  2069 D ActivityManager: cleanUpApplicationRecord -- 20489
02-12 23:40:31.429  1131  1867 D ActivityManager: cleanUpApplicationRecord -- 5802
02-12 23:40:31.439  1131  2072 D ActivityManager: cleanUpApplicationRecord -- 6832
02-12 23:40:31.449  1131  1143 D ActivityManager: cleanUpApplicationRecord -- 20519
02-12 23:40:31.449  1131  2919 D ActivityManager: cleanUpApplicationRecord -- 6656
02-12 23:40:31.449  1131  2453 D ActivityManager: cleanUpApplicationRecord -- 10429
02-12 23:40:34.219  1131  5189 D SSRM:w  : SIOP:: AP = 250, PST = 265 (W:18), CP = 30, CUR = 346, LCD = 1
02-12 23:40:34.229  1131  5189 D ConnectivityService: returning getNetworkInfo for network type 1 : [type: WIFI[] - WIFI, state: CONNECTED/CONNECTED, reason: (unspecified), extra: "zhidongni", roaming: false, failover: false, isAvailable: true] /UID : 1000 , PID : 1131
02-12 23:40:34.339   544  1582 E NetlinkEvent: NetlinkEvent::FindParam(): Parameter 'LABEL' not found
02-12 23:40:34.359  1131  2280 V AlarmManager: setExact (T:0/F:1/AC:false) 20180212T234504 - CU:10150/CP:4931
02-12 23:40:34.389  1131  1866 V AlarmManager: setExact (T:0/F:1/AC:false) 20180212T234504 - CU:10150/CP:4931
02-12 23:40:34.389  1131  2454 D AlarmManager: Cancel Alarm calling from uid:10150 pid :4931 / operation:PendingIntent{41effdd: PendingIntentRecord{bef5498 com.eg.android.AlipayGphone broadcastIntent}}
02-12 23:40:36.229  1131  2453 D BatteryService: !@BatteryListener : batteryPropertiesChanged!
02-12 23:40:44.179  1131  2024 E Watchdog: !@Sync 907 [02-12 23:40:44.181]
02-12 23:40:44.249  1131  1675 V AlarmManager: Expired Alarm result :4
02-12 23:40:44.259  1131  5189 D SSRM:w  : SIOP:: AP = 250, PST = 263 (W:20), CP = 29, CUR = 354, LCD = 1
02-12 23:40:44.259  1131  1284 V BroadcastQueue: [background] Process cur broadcast BroadcastRecord{e57fa23 u0 com.sec.spp.push.ACTION_SEND_PING_MESSAGE qIdx=4}, state= (APP_RECEIVE) DELIVERED for app ProcessRecord{99cb6a0 7194:com.sec.spp.push/u0a43}
02-12 23:40:44.259  1131  5189 D ConnectivityService: returning getNetworkInfo for network type 1 : [type: WIFI[] - WIFI, state: CONNECTED/CONNECTED, reason: (unspecified), extra: "zhidongni", roaming: false, failover: false, isAvailable: true] /UID : 1000 , PID : 1131
02-12 23:40:44.259  1131  1705 D NetworkPolicy: isUidForegroundLocked: 10043, mScreenOn: false, uidstate: 6, mProxSensorScreenOff: false
02-12 23:40:44.259  1131  1705 V NetworkPolicy: getFirewallRuleWifi UID:10043 policy:0
02-12 23:40:44.269  1131  1705 D NetworkPolicy: isUidForegroundLocked: 10043, mScreenOn: false, uidstate: 6, mProxSensorScreenOff: false
02-12 23:40:44.269  1131  1705 V NetworkPolicy: getFirewallRuleWifi UID:10043 policy:0
02-12 23:40:44.279  1131  2069 V AlarmManager: setExact (T:2/F:5/AC:false) 20180212T234224 - CU:10043/CP:7194
02-12 23:40:44.289  1131  2280 V BroadcastQueue: [background] Process cur broadcast BroadcastRecord{a00b69e u0 com.sec.dlc.DLC_REQUEST qIdx=4}, state= (APP_RECEIVE) DELIVERED for app ProcessRecord{78c94d9 2379:com.sec.spp.push:RemoteDlcProcess/u0a43}
02-12 23:40:44.299  1131  2314 D AlarmManager: Cancel Alarm calling from uid:10043 pid :2379 / operation:PendingIntent{7fe094c: PendingIntentRecord{a202fe3 com.sec.spp.push broadcastIntent}}
02-12 23:40:46.299  1131  2072 D BatteryService: !@BatteryListener : batteryPropertiesChanged!
02-12 23:40:54.269  1131  1705 D NetworkPolicy: isUidForegroundLocked: 10043, mScreenOn: false, uidstate: 6, mProxSensorScreenOff: false
02-12 23:40:54.269  1131  1705 V NetworkPolicy: getFirewallRuleWifi UID:10043 policy:0
02-12 23:40:54.269  1131  1705 D NetworkPolicy: isUidForegroundLocked: 10043, mScreenOn: false, uidstate: 6, mProxSensorScreenOff: false
02-12 23:40:54.269  1131  1705 V NetworkPolicy: getFirewallRuleWifi UID:10043 policy:0
02-12 23:40:54.289  1131  5189 D SSRM:w  : SIOP:: AP = 250, PST = 260 (W:20), CP = 29, CUR = 352, LCD = 1
02-12 23:40:54.289  1131  5189 D ConnectivityService: returning getNetworkInfo for network type 1 : [type: WIFI[] - WIFI, state: CONNECTED/CONNECTED, reason: (unspecified), extra: "zhidongni", roaming: false, failover: false, isAvailable: true] /UID : 1000 , PID : 1131
02-12 23:40:56.369  1131  2072 D BatteryService: !@BatteryListener : batteryPropertiesChanged!
02-12 23:40:59.989  1131  1675 V AlarmManager: Expired Alarm result :8
02-12 23:41:00.039  1131  1675 V AlarmManager: Expired Alarm result :4
02-12 23:41:00.039  1131  1675 V AlarmManager: Send whitelist package alarm :PendingIntent{886e8a6: PendingIntentRecord{175ec06 com.samsung.android.app.aodservice broadcastIntent}}
02-12 23:41:00.039  1131  1131 V AlarmManager: setExact (T:3/F:1/AC:false) 20180212T234200 - CU:1000/CP:1131
02-12 23:41:00.199  1131 11203 D PowerManagerService: [api] acquire WakeLock flags=0x80 tag=Window:AOD uid=1000 pid=1131 ws=WorkSource{10001 com.samsung.android.app.aodservice} pkg=android
02-12 23:41:00.199  1131 11203 D PowerManagerService: mDisplayReady: false
02-12 23:41:00.199  1131  1367 D DisplayPowerController: animateScreenStateChange[0]: target=3
02-12 23:41:00.199  1131  1367 D DisplayPowerController: [Dual Screen Compatible] state[0] :3
02-12 23:41:00.199  1131  1367 D DisplayPowerController: getFinalBrightness : Summary is 1 -> 1
02-12 23:41:00.199  1131  1367 D DisplayPowerController: Animating brightness: target=1, rate=2000 (PSM:false, AB limit:(-1 ~ -1) MB Limit:(-1 ~ -1))
02-12 23:41:00.199  1131  1367 D PowerManagerService: [PWL] sb acquire: PowerManagerService.Display
02-12 23:41:00.199  1131  1394 D DisplayManagerService: !@display_state: DOZE_SUSPEND -> DOZE brightness: 1 -> 1
02-12 23:41:00.199  1131  1359 I DisplayManagerService: Display device changed state: "内置屏幕", DOZE
02-12 23:41:00.229  1131  1367 D DisplayPowerController: animateScreenStateChange[0]: target=3
02-12 23:41:00.229  1131  1367 D DisplayPowerController: [Dual Screen Compatible] state[0] :3
02-12 23:41:00.229  1131  1367 D DisplayPowerController: getFinalBrightness : Summary is 1 -> 1
02-12 23:41:00.229  1131  1367 D DisplayPowerController: Animating brightness: target=1, rate=2000 (PSM:false, AB limit:(-1 ~ -1) MB Limit:(-1 ~ -1))
02-12 23:41:00.229  1131  1367 D DisplayPowerController: animateScreenStateChange[0]: target=3
02-12 23:41:00.229  1131  1367 D DisplayPowerController: [Dual Screen Compatible] state[0] :3
02-12 23:41:00.229  1131  1367 D DisplayPowerController: getFinalBrightness : Summary is 1 -> 1
02-12 23:41:00.229  1131  1367 D DisplayPowerController: Animating brightness: target=1, rate=2000 (PSM:false, AB limit:(-1 ~ -1) MB Limit:(-1 ~ -1))
02-12 23:41:00.229  1131  1367 D PowerManagerService: [s] DisplayPowerCallbacks : onStateChanged()
02-12 23:41:00.229  1131  1367 D PowerManagerService: mDisplayReady: true
02-12 23:41:00.229  1131  1367 D PowerManagerService: [PWL] sb release: PowerManagerService.Display
02-12 23:41:00.229  1131  1144 V AlarmManager: Add whitelist package alarm :PendingIntent{49c2e11: PendingIntentRecord{175ec06 com.samsung.android.app.aodservice broadcastIntent}}
02-12 23:41:00.229  1131  1144 V AlarmManager: setExact (T:0/F:9/AC:false) 20180212T234200 - CU:10001/CP:2026
02-12 23:41:00.239  1131  2069 I PowerManagerService: [api] setDozeOverrideFromAod AlpmHlpmSysfs = -1, screenState = 4, Brightness = 0, wakefulness = false
02-12 23:41:00.239  1131  2069 D PowerManagerService: setDozeModeBySysfs:  value is -1 , we ignore it. 
02-12 23:41:00.239  1131  2072 D PowerManagerService: [api] acquire WakeLock flags=0x80 tag=Window:AOD uid=1000 pid=1131 ws=WorkSource{10001 com.samsung.android.app.aodservice} pkg=android
02-12 23:41:00.249  1131 11203 D PowerManagerService: [api] acquire WakeLock flags=0x80 tag=Window:AOD uid=1000 pid=1131 ws=WorkSource{10001 com.samsung.android.app.aodservice} pkg=android
02-12 23:41:00.399  1131  1131 D PowerManagerService: [api] release WakeLock DRAW_WAKE_LOCK                 'Window:AOD' (uid=1000, pid=1131, ws=WorkSource{10001 com.samsung.android.app.aodservice}, pkg=android, elapsedTime=199) (0x0)
02-12 23:41:00.399  1131  1131 D PowerManagerService: mDisplayReady: false
02-12 23:41:00.399  1131  1131 D PowerManagerService: [PWL] sb acquire: PowerManagerService.Display
02-12 23:41:00.399  1131  1367 D DisplayPowerController: animateScreenStateChange[0]: target=4
02-12 23:41:00.399  1131  1367 D DisplayPowerController: [Dual Screen Compatible] state[0] :4
02-12 23:41:00.399  1131  1367 D DisplayPowerController: Animating brightness: target=1, rate=0 (PSM:false, AB limit:(-1 ~ -1) MB Limit:(-1 ~ -1))
02-12 23:41:00.399  1131  1394 D DisplayManagerService: !@display_state: DOZE -> DOZE_SUSPEND brightness: 1 -> 1
02-12 23:41:00.399  1131  1359 I DisplayManagerService: Display device changed state: "内置屏幕", DOZE_SUSPEND
02-12 23:41:00.409  1131  1367 D DisplayPowerController: animateScreenStateChange[0]: target=4
02-12 23:41:00.409  1131  1367 D DisplayPowerController: [Dual Screen Compatible] state[0] :4
02-12 23:41:00.409  1131  1367 D DisplayPowerController: Animating brightness: target=1, rate=0 (PSM:false, AB limit:(-1 ~ -1) MB Limit:(-1 ~ -1))
02-12 23:41:00.409  1131  1367 D DisplayPowerController: animateScreenStateChange[0]: target=4
02-12 23:41:00.409  1131  1367 D DisplayPowerController: [Dual Screen Compatible] state[0] :4
02-12 23:41:00.409  1131  1367 D DisplayPowerController: Animating brightness: target=1, rate=0 (PSM:false, AB limit:(-1 ~ -1) MB Limit:(-1 ~ -1))
02-12 23:41:00.409  1131  1367 D PowerManagerService: [s] DisplayPowerCallbacks : onStateChanged()
02-12 23:41:00.409  1131  1367 D PowerManagerService: mDisplayReady: true
02-12 23:41:00.409  1131  1367 D PowerManagerService: [PWL] sb release: PowerManagerService.Display
02-12 23:41:04.319  1131  5189 D SSRM:w  : SIOP:: AP = 250, PST = 259 (W:20), CP = 29, CUR = 74, LCD = 1
02-12 23:41:04.329  1131  5189 D ConnectivityService: returning getNetworkInfo for network type 1 : [type: WIFI[] - WIFI, state: CONNECTED/CONNECTED, reason: (unspecified), extra: "zhidongni", roaming: false, failover: false, isAvailable: true] /UID : 1000 , PID : 1131
02-12 23:41:06.439  1131  2072 D BatteryService: !@BatteryListener : batteryPropertiesChanged!
02-12 23:41:14.179  1131  2024 E Watchdog: !@Sync 908 [02-12 23:41:14.182]
02-12 23:41:14.359  1131  5189 D SSRM:w  : SIOP:: AP = 250, PST = 258 (W:20), CP = 29, CUR = 293, LCD = 1
02-12 23:41:14.359  1131  5189 D ConnectivityService: returning getNetworkInfo for network type 1 : [type: WIFI[] - WIFI, state: CONNECTED/CONNECTED, reason: (unspecified), extra: "zhidongni", roaming: false, failover: false, isAvailable: true] /UID : 1000 , PID : 1131
02-12 23:41:16.519  1131  2316 D BatteryService: !@BatteryListener : batteryPropertiesChanged!
02-12 23:41:22.439  1131  1144 V AlarmManager: setExact (T:2/F:0/AC:false) 20180212T234130 - CU:10157/CP:4044
02-12 23:41:22.439  1131  2454 V AlarmManager: setInexact (T:2/F:0/AC:false) 20180212T234552 - CU:10157/CP:4044
02-12 23:41:22.449  1131 11204 D AlarmManager: Cancel Alarm calling from uid:10157 pid :4044 / operation:PendingIntent{99235e4: PendingIntentRecord{4633577 com.tencent.mm broadcastIntent}}
02-12 23:41:22.449  1131  2453 V AlarmManager: setInexact (T:2/F:0/AC:false) 20180212T234552 - CU:10157/CP:4044
02-12 23:41:24.399  1131  5189 D SSRM:w  : SIOP:: AP = 250, PST = 257 (W:22), CP = 29, CUR = 317, LCD = 1
02-12 23:41:24.399  1131  5189 D ConnectivityService: returning getNetworkInfo for network type 1 : [type: WIFI[] - WIFI, state: CONNECTED/CONNECTED, reason: (unspecified), extra: "zhidongni", roaming: false, failover: false, isAvailable: true] /UID : 1000 , PID : 1131
02-12 23:41:26.579  1131 11204 D BatteryService: !@BatteryListener : batteryPropertiesChanged!
02-12 23:41:26.589  1131 11204 D BatteryService: level:100, scale:100, status:5, health:2, present:true, voltage: 4313, temperature: 231, technology: Li-ion, AC powered:false, USB powered:true, POGO powered:false, Wireless powered:false, icon:17303480, invalid charger:0, maxChargingCurrent:0
02-12 23:41:26.589  1131 11204 D BatteryService: online:4, current avg:317, charge type:1, power sharing:false, high voltage charger:false, capacity:280000, batterySWSelfDischarging:false, misc_event:0, current_now:323
02-12 23:41:26.589  1131 11204 D BatteryService: stay LED for fully charged
02-12 23:41:26.589  1131  1131 D BatteryService: Sending ACTION_BATTERY_CHANGED.
02-12 23:41:26.589  1131  1131 I MotionRecognitionService: Plugged
02-12 23:41:26.589  1131  1131 D MotionRecognitionService:   cableConnection= 1
02-12 23:41:26.589  1131  1131 D MotionRecognitionService: setPowerConnected | current backoff  = 1024 , state =1024
02-12 23:41:26.589  1131  1131 D MotionRecognitionService: skip setTransmitPower. 
02-12 23:41:26.589  1131  1131 D GameManagerService: new battery level: 100
02-12 23:41:26.589  1810  1810 D PowerUI : BATTERY_MISC_EVENT_TIMEOUT_OPEN_TYPE - 0 oldFullyConnected = true mFullyConnected = true
02-12 23:41:26.589  1810  1810 D PowerUI : priorPlugType = 2 mPlugType =  2
02-12 23:41:26.599  1810  1810 D BatteryMeterView: ACTION_BATTERY_CHANGED : level:100 status:5 health:2
02-12 23:41:26.599  1810  1810 D BatteryMeterView: ACTION_BATTERY_CHANGED : level:100 status:5 health:2
02-12 23:41:28.199  1131  1675 V AlarmManager: Expired Alarm result :4
02-12 23:41:28.199  1131  1131 I ActivityManager: Killing 20818:com.samsung.android.app.notes/u0a101 (adj 15): empty for 1822s
02-12 23:41:28.229  1131  2314 D ActivityManager: cleanUpApplicationRecord -- 20818
02-12 23:41:28.249  1131  1275 D MARsPolicyManager: AutoRun Policy isSamsungService -- SystemPackage:android
02-12 23:41:28.249  1131  1275 D MARsPolicyManager: AutoRun Policy isSyncManagerPackage -- package = com.ss.android.article.news
02-12 23:41:28.249  1131  1275 D MARsPolicyManager: Blocked by AutoRun policy -- SyncManagerPackage!!
02-12 23:41:28.249  1131  1275 E MARsPolicyManager: Package: com.ss.android.article.news hostingType: bindService is Restricted by policy: autorunpolicy(4) caller is: ProcessRecord{62b7164 1131:system/1000}
02-12 23:41:28.249  1131  1355 I MARsDBManager: updateInfo  debug at here.
02-12 23:41:28.249  1131  1355 I MARsDBManager: updateInfo  callee = com.ss.android.article.news
02-12 23:41:28.249  1131  1355 I MARsDBManager: updateInfo  caller = android
02-12 23:41:28.249  1131  1355 I MARsDBManager: updateInfo  isBlocked = true
02-12 23:41:28.249  1131  1355 I MARsDBManager: updateInfo  requestTime = 1518450088256
02-12 23:41:28.259  1131  1275 E MARsPolicyManager: Package: com.youku.phone hostingType: bindService is Restricted by policy: applockerpolicy(3) caller is: ProcessRecord{62b7164 1131:system/1000}
02-12 23:41:28.259  1131  1355 I MARsDBManager: updateInfo  debug at here.
02-12 23:41:28.259  1131  1355 I MARsDBManager: updateInfo  callee = com.youku.phone
02-12 23:41:28.259  1131  1355 I MARsDBManager: updateInfo  caller = android
02-12 23:41:28.259  1131  1355 I MARsDBManager: updateInfo  isBlocked = true
02-12 23:41:28.259  1131  1355 I MARsDBManager: updateInfo  requestTime = 1518450088271
02-12 23:41:28.269  1131  1275 V AlarmManager: setExact (T:2/F:9/AC:false) 20180212T234952 - CU:1000/CP:1131
02-12 23:41:28.269  1131  1275 V AlarmManager: setExact (T:2/F:9/AC:false) 20180212T234952 - CU:1000/CP:1131
02-12 23:41:30.439  1131  1675 V AlarmManager: Expired Alarm result :4
02-12 23:41:30.439  1131  2453 D AlarmManager: Cancel Alarm calling from uid:10157 pid :4044 / operation:PendingIntent{d96034e: PendingIntentRecord{2049a4d com.tencent.mm broadcastIntent}}
02-12 23:41:30.449  1131  2454 V AlarmManager: setExact (T:2/F:0/AC:false) 20180212T234130 - CU:10157/CP:4044
02-12 23:41:30.459  1131  2006 V AlarmManager: setInexact (T:2/F:0/AC:false) 20180212T234530 - CU:10157/CP:4044
02-12 23:41:30.959  1131  2454 V AlarmManager: setInexact (T:2/F:0/AC:false) 20180212T234152 - CU:10157/CP:4044
02-12 23:41:31.449  1131  1675 V AlarmManager: Expired Alarm result :4
02-12 23:41:34.439  1131  5189 D SSRM:w  : SIOP:: AP = 250, PST = 255 (W:22), CP = 29, CUR = 328, LCD = 1
02-12 23:41:34.439  1131  5189 D ConnectivityService: returning getNetworkInfo for network type 1 : [type: WIFI[] - WIFI, state: CONNECTED/CONNECTED, reason: (unspecified), extra: "zhidongni", roaming: false, failover: false, isAvailable: true] /UID : 1000 , PID : 1131
02-12 23:41:36.279  1131  1144 V AlarmManager: setExact (T:0/F:1/AC:false) 20180212T234606 - CU:10186/CP:23121
02-12 23:41:36.329  1131  2069 V AlarmManager: setExact (T:0/F:1/AC:false) 20180212T234606 - CU:10186/CP:23121
02-12 23:41:36.339  1131  2316 D AlarmManager: Cancel Alarm calling from uid:10186 pid :23121 / operation:PendingIntent{965508b: PendingIntentRecord{ed019df com.antfortune.wealth broadcastIntent}}
02-12 23:41:36.649  1131  2069 D BatteryService: !@BatteryListener : batteryPropertiesChanged!
02-12 23:41:38.439  1131  1143 D CustomFrequencyManagerService: acquireDVFSLockLocked : type : DVFS_MIN_LIMIT  frequency : 1804800  uid : 1000  pid : 1131  pkgName : KEYGUARD_FINGERPRINT_BOOST@2
02-12 23:41:38.439  1131 11204 D PowerManagerService: [api] [s] userActivity : event: 0 flags: 0 (uid: 10001 pid: 1810) eventTime = 27286116
02-12 23:41:38.439  1810  1810 W ResourcesManager: Resource getTopLevelResources for package com.samsung.android.fingerprint.serviceoverlayDirs =Null
02-12 23:41:38.459  1131  2316 D CustomFrequencyManagerService: releaseDVFSLockLocked : Getting Lock type frm List : DVFS_MIN_LIMIT  frequency : 1804800  uid : 1000  pid : 1131  tag : KEYGUARD_FINGERPRINT_BOOST@2
02-12 23:41:38.469  1131  2006 D CustomFrequencyManagerService: acquireDVFSLockLocked : type : DVFS_MIN_LIMIT  frequency : 1804800  uid : 1000  pid : 1131  pkgName : KEYGUARD_FINGERPRINT_BOOST@2
02-12 23:41:38.469  1131  2454 D PowerManagerService: [api] [s] userActivity : event: 0 flags: 0 (uid: 10001 pid: 1810) eventTime = 27286143
02-12 23:41:38.479  1131  1687 D CustomFrequencyManagerService: acquireDVFSLockLocked : type : DVFS_MIN_LIMIT  frequency : 1382400  uid : 1000  pid : 1131  pkgName : WAKEUP_BOOSTER@47
02-12 23:41:38.479  1131  1687 D PowerManagerService: [api] [s] wakeUpWithReason (uid: 1000 pid: 1131) eventTime = 27286150 event = 1
02-12 23:41:38.479  1131  1687 I PowerManagerService: !@[ps] Screen__On  - 73 :  wakeUpWithReason: 1 (uid: 1000 pid: 1131) (1)
02-12 23:41:38.479  1131  1687 I PowerManagerService: Waking up from dozing (uid 1000)...
02-12 23:41:38.479  1131  1687 D PowerManagerService: [PWL] sb acquire: PowerManagerService.Broadcasts
02-12 23:41:38.479  1131  1687 D PowerManagerService: [s] UserActivityState : 4 -> 1
02-12 23:41:38.479  1131  1687 D PowerManagerService: mDisplayReady: false
02-12 23:41:38.479  1131  1367 D DisplayPowerController: animateScreenStateChange[0]: target=2
02-12 23:41:38.479  1131  1367 D ColorFade: prepare: mode=2
02-12 23:41:38.479  1131  1367 D ColorFade: ColorFade is already prepared
02-12 23:41:38.479  1131  1687 D PowerManagerService: [PWL] sb acquire: PowerManagerService.Display
02-12 23:41:38.479  1131  1367 D DisplayPowerState: !@ [0] ColorFade entry
02-12 23:41:38.479  1131  1367 D PowerManagerService: [input device light] onColorFadeExit(false)
02-12 23:41:38.479  1131  1367 D DisplayPowerController: [M OS] 0 REPORTED_TO_POLICY_SCREEN_OFF -> REPORTED_TO_POLICY_SCREEN_TURNING_ON.
02-12 23:41:38.479  1131  1367 I DisplayPowerController: Blocking screen on until initial contents have been drawn.
02-12 23:41:38.479  1131  1752 D NetworkPolicy: onScreenStateChanged, state: true, reason: 1
02-12 23:41:38.479  1131  1367 D DisplayPowerController: mWindowManagerPolicy.screenTurningOn(mPendingScreenOnUnblocker, 0)
02-12 23:41:38.479  1131  1752 D PowerManagerNotifier: handleEarlyInteractiveChange reason = 1
02-12 23:41:38.479  1131  1367 D DisplayPowerController: animateScreenStateChange[0]: return as screen on blocked
02-12 23:41:38.479  1131  1367 D DisplayPowerController: [Dual Screen Compatible] state[0] :2
02-12 23:41:38.479  1131  1367 D DisplayPowerController: getFinalBrightness : Summary is 79 -> 79
02-12 23:41:38.479  1131  1367 D DisplayPowerController: Animating brightness: target=79, rate=2000 (PSM:false, AB limit:(-1 ~ -1) MB Limit:(-1 ~ -1))
02-12 23:41:38.479  1131  1394 D DisplayManagerService: !@display_state: DOZE_SUSPEND -> ON brightness: 1 -> 0
02-12 23:41:38.479  1131  1359 I DisplayManagerService: Display device changed state: "内置屏幕", ON
02-12 23:41:38.479  1131  1131 D LightsService: [api] [SvcLED] turnOff:: id = 5 (uid: 1000 pid: 1131) 
02-12 23:41:38.479  1131  1131 D PowerManagerUtil: fileWriteString to /sys/power/wake_lock, LightsService
02-12 23:41:38.489  1131  1131 D LightsService: [SvcLED] setSvcLedStateLocked:: SvcLEDState : 0x40 -> 0x0 | SvcLED(id=5) set Off
02-12 23:41:38.489  1131  1131 D BatteryService: turn off LED
02-12 23:41:38.489  1131  1387 D LightsService: [SvcLED] handleForcedSvcLEDTask()
02-12 23:41:38.489  1131  2314 D MountService: getExternalStorageMountMode : 3
02-12 23:41:38.489  1131  2314 D MountService: getExternalStorageMountMode : 3
02-12 23:41:38.489  1131  2314 D MountService: getExternalStorageMountMode : final mountMode=3, uid : 10101, packageName : com.samsung.android.app.notes
02-12 23:41:38.489  1131  2453 D PowerManagerService: [api] acquire WakeLock flags=0x80 tag=Window:AOD uid=1000 pid=1131 ws=WorkSource{10001 com.samsung.android.app.aodservice} pkg=android
02-12 23:41:38.489  1131  1387 D LightsService: [SvcLED]  setSvcLedLightLocked :: Current SvcLED(id=5) maintains its priority right
02-12 23:41:38.489  1131  1387 D PowerManagerUtil: fileWriteString to /sys/power/wake_unlock, LightsService
02-12 23:41:38.499 25177 25177 I libpersona: KNOX_SDCARD checking this for 10101
02-12 23:41:38.499 25177 25177 I libpersona: KNOX_SDCARD not a persona
02-12 23:41:38.499  1131  2314 I ActivityManager: Start proc 25177:com.samsung.android.app.notes/u0a101 for content provider com.samsung.android.app.notes/.screenoffmemo.ScreenOffMemoProvider
02-12 23:41:38.499  1131  1705 D NetworkPolicy: isUidForegroundLocked: 10101, mScreenOn: false, uidstate: -1, mProxSensorScreenOff: false
02-12 23:41:38.499  1131  1705 V NetworkPolicy: getFirewallRuleWifi UID:10101 policy:0
02-12 23:41:38.509  1131  5189 D SSRM:w  : SIOP:: AP = 250, PST = 254 (W:22), CP = 29, CUR = 338, LCD = 0
02-12 23:41:38.509  1131  5189 D ConnectivityService: returning getNetworkInfo for network type 1 : [type: WIFI[] - WIFI, state: CONNECTED/CONNECTED, reason: (unspecified), extra: "zhidongni", roaming: false, failover: false, isAvailable: true] /UID : 1000 , PID : 1131
02-12 23:41:38.509  1131  1705 D NetworkPolicy: isUidForegroundLocked: 10101, mScreenOn: false, uidstate: 16, mProxSensorScreenOff: false
02-12 23:41:38.509  1131  1705 V NetworkPolicy: getFirewallRuleWifi UID:10101 policy:0
02-12 23:41:38.519  1131  1131 D MotionRecognitionService:   mReceiver.onReceive : ACTION_SCREEN_ON
02-12 23:41:38.519  1131  1367 D DisplayPowerController: animateScreenStateChange[0]: target=2
02-12 23:41:38.519  1131  1367 D DisplayPowerController: animateScreenStateChange[0]: return as screen on blocked
02-12 23:41:38.519  1131  1367 D DisplayPowerController: [Dual Screen Compatible] state[0] :2
02-12 23:41:38.519  1131  1367 D DisplayPowerController: getFinalBrightness : Summary is 79 -> 79
02-12 23:41:38.519  1131  1367 D DisplayPowerController: Animating brightness: target=79, rate=2000 (PSM:false, AB limit:(-1 ~ -1) MB Limit:(-1 ~ -1))
02-12 23:41:38.529  1131  1681 D MotionRecognitionService:   .isMotionEngineEnabled : true
02-12 23:41:38.529  1131  1681 E MotionRecognitionService:  handler : SCREEN_ON end
02-12 23:41:38.569  1131  1131 W ContextImpl: Calling a method in the system process without a qualified user: android.app.ContextImpl.sendBroadcast:843 com.android.server.fingerprint.FingerprintService.insertSurveyLog:2051 com.android.server.fingerprint.FingerprintService$ClientMonitor.sendAuthenticated:1436 com.android.server.fingerprint.FingerprintService$ClientMonitor.access$900:1215 com.android.server.fingerprint.FingerprintService.handleAuthenticated:434 
02-12 23:41:38.579  1131  1866 V BroadcastQueue: [background] Process cur broadcast BroadcastRecord{6ab2e26 u0 com.samsung.android.providers.context.log.action.USE_APP_FEATURE_SURVEY qIdx=4}, state= (APP_RECEIVE) DELIVERED for app ProcessRecord{2cb8497 2958:com.samsung.android.providers.context/u0a11}
02-12 23:41:38.579 25177 25177 W ResourcesManager: Resource getTopLevelResources for package com.samsung.android.app.notesoverlayDirs =Null
02-12 23:41:38.579  1131  1866 V BroadcastQueue: [background] Process cur broadcast BroadcastRecord{6566a67 u-1 com.samsung.ssrm.SCREEN_ON qIdx=4}, state= (APP_RECEIVE) DELIVERED for app ProcessRecord{b000d61 7419:com.sec.android.daemonapp/u0a133}
02-12 23:41:38.589  1131  1131 D NotificationService: ACTION_SCREEN_ON
02-12 23:41:38.589  1131  1131 D LightsService: [api] [SvcLED] turnOff:: id = 6 (uid: 1000 pid: 1131) 
02-12 23:41:38.589  1131  1131 D PowerManagerUtil: fileWriteString to /sys/power/wake_lock, LightsService
02-12 23:41:38.589  1131  1131 D LightsService: [SvcLED] setSvcLedStateLocked:: SvcLEDState : 0x0 -> 0x0 | SvcLED(id=6) set Off
02-12 23:41:38.589  1131  1387 D LightsService: [SvcLED] handleForcedSvcLEDTask()
02-12 23:41:38.589  1131  1387 D LightsService: [SvcLED]  setSvcLedLightLocked :: Current SvcLED(id=5) maintains its priority right
02-12 23:41:38.589  1131  1387 D PowerManagerUtil: fileWriteString to /sys/power/wake_unlock, LightsService
02-12 23:41:38.589 25177 25177 D ContextRelationManager: ContextRelationManager() : FEATURE_ENABLED=true
02-12 23:41:38.599  1131  1867 V BroadcastQueue: [background] Process cur broadcast BroadcastRecord{6566a67 u-1 com.samsung.ssrm.SCREEN_ON qIdx=4}, state= (APP_RECEIVE) DELIVERED for app ProcessRecord{b000d61 7419:com.sec.android.daemonapp/u0a133}
02-12 23:41:38.599  1131  1686 D VoIPInterfaceManager: isVoIPRinging()...
02-12 23:41:38.599  1131  1686 D VoIPInterfaceManager: isVoIPRunningAndDeregi()...
02-12 23:41:38.599  1131  1686 D VoIPInterfaceManager: Not exist call session
02-12 23:41:38.599  1131  1131 D AlarmManager: Cancel Alarm calling from uid:1000 pid :1131 / operation:PendingIntent{b74c292: PendingIntentRecord{2eb8463 android broadcastIntent}}
02-12 23:41:38.609  1131  1394 D PowerManagerUtil: Excessive delay in !@display_state: ON: 128ms
02-12 23:41:38.609  1131  1367 D DisplayPowerController: animateScreenStateChange[0]: target=2
02-12 23:41:38.609  1131  1367 D DisplayPowerController: animateScreenStateChange[0]: return as screen on blocked
02-12 23:41:38.609  1131  1367 D DisplayPowerController: [Dual Screen Compatible] state[0] :2
02-12 23:41:38.609  1131  1367 D DisplayPowerController: getFinalBrightness : Summary is 79 -> 79
02-12 23:41:38.609  1131  1367 D DisplayPowerController: Animating brightness: target=79, rate=2000 (PSM:false, AB limit:(-1 ~ -1) MB Limit:(-1 ~ -1))
02-12 23:41:38.609  1131  1131 I MdnieScenarioControlService: action  :  android.intent.action.SCREEN_ON
02-12 23:41:38.609  1131  1131 D MdnieScenarioControlService: isLockScreenOn : true
02-12 23:41:38.619  1131  1131 D WifiService: ACTION_SCREEN_ON, checkSensorStatus !!
02-12 23:41:38.619  1131  1131 D WifiService: SContextManager is NOT available for SContext.TYPE_ACTIVITY_TRACKER
02-12 23:41:38.619  1131  1708 D AlarmManager: Cancel Alarm calling from uid:1000 pid :1131 / operation:PendingIntent{82fb860: PendingIntentRecord{bef119 android broadcastIntent}}
02-12 23:41:38.619  1131  1359 D IpRemoteDisplayController: intent received android.intent.action.SCREEN_ON
02-12 23:41:38.619  1131  1359 D IpRemoteDisplayController: Bridge Server is not available
02-12 23:41:38.629  1131  1824 V BroadcastQueue: [background] Process cur broadcast BroadcastRecord{c7db0bd u0 com.sec.android.widgetapp.ap.hero.accuweather.widget.action.WEATHER_SCREEN_ON qIdx=4}, state= (APP_RECEIVE) DELIVERED for app ProcessRecord{b000d61 7419:com.sec.android.daemonapp/u0a133}
02-12 23:41:38.639  1131  1131 D PowerManagerService: [api] release WakeLock DRAW_WAKE_LOCK                 'Window:AOD' (uid=1000, pid=1131, ws=WorkSource{10001 com.samsung.android.app.aodservice}, pkg=android, elapsedTime=151) (0x0)
02-12 23:41:38.649  1131  1705 D NetworkPolicy: MSG_SCREEN_ON_CHANGED: 1
02-12 23:41:38.649  1131  1705 D NetworkPolicy: isUidForegroundLocked: 10001, mScreenOn: true, uidstate: 0, mProxSensorScreenOff: false
02-12 23:41:38.649  1131  1705 V NetworkPolicy: getFirewallRuleWifi UID:10001 policy:0
02-12 23:41:38.649  1131  1705 D NetworkPolicy: isUidForegroundLocked: 10004, mScreenOn: true, uidstate: 4, mProxSensorScreenOff: false
02-12 23:41:38.649  1131  1705 V NetworkPolicy: getFirewallRuleWifi UID:10004 policy:0
02-12 23:41:38.649  1131  1705 D NetworkPolicy: isUidForegroundLocked: 10011, mScreenOn: true, uidstate: 0, mProxSensorScreenOff: false
02-12 23:41:38.649  1131  1705 V NetworkPolicy: getFirewallRuleWifi UID:10011 policy:0
02-12 23:41:38.649  1131  1705 D NetworkPolicy: isUidForegroundLocked: 10150, mScreenOn: true, uidstate: 4, mProxSensorScreenOff: false
02-12 23:41:38.649  1131  1705 V NetworkPolicy: getFirewallRuleWifi UID:10150 policy:0
02-12 23:41:38.649  1131  1705 D NetworkPolicy: isUidForegroundLocked: 10157, mScreenOn: true, uidstate: 4, mProxSensorScreenOff: false
02-12 23:41:38.649  1131  1705 V NetworkPolicy: getFirewallRuleWifi UID:10157 policy:0
02-12 23:41:38.649  1131  1705 D NetworkPolicy: isUidForegroundLocked: 10170, mScreenOn: true, uidstate: 4, mProxSensorScreenOff: false
02-12 23:41:38.649  1131  1705 V NetworkPolicy: getFirewallRuleWifi UID:10170 policy:0
02-12 23:41:38.649  1131  1705 D NetworkPolicy: isUidForegroundLocked: 10171, mScreenOn: true, uidstate: 2, mProxSensorScreenOff: false
02-12 23:41:38.649  1131  1705 V NetworkPolicy: getFirewallRuleWifi UID:10171 policy:0
02-12 23:41:38.649  1131  1705 D NetworkPolicy: isUidForegroundLocked: 10186, mScreenOn: true, uidstate: 4, mProxSensorScreenOff: false
02-12 23:41:38.649  1131  1705 V NetworkPolicy: getFirewallRuleWifi UID:10186 policy:0
02-12 23:41:38.659  1131  2006 D AlarmManager: Cancel Alarm calling from uid:10101 pid :25177 / operation:PendingIntent{fd99bb9: PendingIntentRecord{72fdbfe com.samsung.android.app.notes broadcastIntent}}
02-12 23:41:38.659  1131  2069 V BroadcastQueue: [background] Process cur broadcast BroadcastRecord{c7db0bd u0 com.sec.android.widgetapp.ap.hero.accuweather.widget.action.WEATHER_SCREEN_ON qIdx=4}, state= (APP_RECEIVE) DELIVERED for app ProcessRecord{b000d61 7419:com.sec.android.daemonapp/u0a133}
02-12 23:41:38.669  1131  2069 V BroadcastQueue: [background] Process cur broadcast BroadcastRecord{c7db0bd u0 com.sec.android.widgetapp.ap.hero.accuweather.widget.action.WEATHER_SCREEN_ON qIdx=4}, state= (APP_RECEIVE) DELIVERED for app ProcessRecord{b000d61 7419:com.sec.android.daemonapp/u0a133}
02-12 23:41:38.679  1131  2919 D AlarmManager: Cancel Alarm calling from uid:10101 pid :25177 / operation:PendingIntent{8dc3f5f: PendingIntentRecord{72fdbfe com.samsung.android.app.notes broadcastIntent}}
02-12 23:41:38.689  1131  1287 D DisplayPowerController: [api] WindowManagerPolicy.ScreenOnListener : Received onScreenOn().
02-12 23:41:38.689  1131  1367 I DisplayPowerController: Unblocked screen on after 209 ms
02-12 23:41:38.689  1131  1367 D DisplayPowerController: animateScreenStateChange[0]: target=2
02-12 23:41:38.689  1131  1367 D DisplayPowerState: !@ [0] ColorFade exit
02-12 23:41:38.689  1131  1367 D PowerManagerService: [input device light] onColorFadeExit(true)
02-12 23:41:38.689  1131  1359 V WindowOrientationListener: setCurrentAppOrientation :1
02-12 23:41:38.689  1131  1359 V WindowManager: rotationForOrientationLw(orient=1, last=0); user=0 USER_ROTATION_LOCKED sensorRotation=-1 mLidState=-1 mDockMode=0 mHdmiPlugged=false mMobileKeyboardEnabled=false displayId=0
02-12 23:41:38.689  1131  1287 V WindowManager: MSG_REQUEST_TRAVERSAL_BY_PWM
02-12 23:41:38.689  1131  1359 D PowerManagerService: [api] setUserActivityTimeoutOverrideFromWindowManagerInternal: timeoutMillis: 5000
02-12 23:41:38.689  1131  1359 D PowerManagerService: [s] getScreenOffTimeoutLocked: 30000 -> 5000
02-12 23:41:38.689  1131  1359 D PowerManagerService: [api] setScreenDimDurationOverrideFromWindowManagerInternal: timeoutMillis: 0
02-12 23:41:38.689  1131  1287 D StatusBarManagerService: manageDisableList userId=0 what=0x0 pkg=Window{b9ff395 u0 d0 p1810 StatusBar}
02-12 23:41:38.689  1131  1367 D DisplayPowerController: [Dual Screen Compatible] state[0] :2
02-12 23:41:38.689  1131  1144 D PowerManagerService: [api] acquire WakeLock flags=0x80 tag=Window:StatusBar uid=1000 pid=1131 ws=WorkSource{10001 com.android.systemui} pkg=android
02-12 23:41:38.689  1131  1367 D DisplayPowerController: getFinalBrightness : Summary is 79 -> 79
02-12 23:41:38.689  1131  1367 D DisplayPowerController: Animating brightness: target=79, rate=2000 (PSM:false, AB limit:(-1 ~ -1) MB Limit:(-1 ~ -1))
02-12 23:41:38.689  1131  1367 D DisplayPowerState: Requesting new screen state: [0] state=ON, backlight (By colorFade)=79
02-12 23:41:38.689  1131  1367 D DisplayPowerController: animateScreenStateChange[0]: target=2
02-12 23:41:38.689  1131  1367 D DisplayPowerController: [Dual Screen Compatible] state[0] :2
02-12 23:41:38.689  1131  1367 D DisplayPowerController: getFinalBrightness : Summary is 79 -> 79
02-12 23:41:38.689  1131  1367 D DisplayPowerController: Animating brightness: target=79, rate=2000 (PSM:false, AB limit:(-1 ~ -1) MB Limit:(-1 ~ -1))
02-12 23:41:38.689  1131  1367 D DisplayPowerController: [M OS] 0 Notify policy about screen turned on.
02-12 23:41:38.689  1131  1367 D DisplayPowerController: [M OS] 0 REPORTED_TO_POLICY_SCREEN_TURNING_ON -> REPORTED_TO_POLICY_SCREEN_ON.
02-12 23:41:38.689  1131  1367 D PowerManagerService: [s] DisplayPowerCallbacks : onStateChanged()
02-12 23:41:38.689  1131  1367 D PowerManagerService: mDisplayReady: true
02-12 23:41:38.689  1131  1755 D DisplayPowerState: Updating screen state [0]: state=ON, backlight (by ColorFade)=79
02-12 23:41:38.689  1131 11203 D PowerManagerService: [api] release WakeLock DOZE_WAKE_LOCK                 'AlpmModeManager' (uid=10001, pid=2026, ws=null, pkg=com.samsung.android.app.aodservice, elapsedTime=104244) (0x0)
02-12 23:41:38.699  1131  2006 I PowerManagerService: [api] setDozeOverrideFromAod AlpmHlpmSysfs = -1, screenState = 0, Brightness = 0, wakefulness = true
02-12 23:41:38.699  1131  2006 D PowerManagerService: setDozeModeBySysfs:  value is -1 , we ignore it. 
02-12 23:41:38.699  1131 11203 D AlarmManager: Cancel Alarm calling from uid:10001 pid :2026 / operation:PendingIntent{3901dac: PendingIntentRecord{175ec06 com.samsung.android.app.aodservice broadcastIntent}}
02-12 23:41:38.699  1131 11204 D AlarmManager: Cancel Alarm calling from uid:10001 pid :2026 / operation:PendingIntent{c6f3a75: PendingIntentRecord{50180f4 com.samsung.android.app.aodservice broadcastIntent}}
02-12 23:41:38.699  1131  2453 D SettingsProvider: isChangeAllowed() : name = aod_show_state
02-12 23:41:38.699  1131  2453 D SettingsProvider: edmUri: content://com.sec.knox.provider/RestrictionPolicy3
02-12 23:41:38.699  1131  2453 D SettingsProvider: projectionArgs: isSettingsChangesAllowed
02-12 23:41:38.699  1131  2453 D SettingsProvider: selectionArgs: false
02-12 23:41:38.699  1131  2453 D SettingsProvider: selectionArgs: 10001
02-12 23:41:38.699  1131  2453 D SettingsProvider: ret = -1
02-12 23:41:38.709  1131  1131 D AlarmManager: Cancel Alarm calling from uid:1000 pid :1131 / operation:PendingIntent{ac6c213: PendingIntentRecord{8a9f0a7 android broadcastIntent}}
02-12 23:41:38.709  1131  1131 D AlarmManager: Cancel Alarm calling from uid:1000 pid :1131 / operation:PendingIntent{ca1181e: PendingIntentRecord{bf3f7b1 android broadcastIntent}}
02-12 23:41:38.709  1131  1131 D AlarmManager: Cancel Alarm calling from uid:1000 pid :1131 / operation:PendingIntent{b2498ff: PendingIntentRecord{f00ab48 android broadcastIntent}}
02-12 23:41:38.709  1131  1131 D AlarmManager: Cancel Alarm calling from uid:1000 pid :1131 / operation:PendingIntent{96d06cc: PendingIntentRecord{500da58 android broadcastIntent}}
02-12 23:41:38.709  1131  1131 D AlarmManager: Cancel Alarm calling from uid:1000 pid :1131 / operation:PendingIntent{3749c50: PendingIntentRecord{fd88954 android broadcastIntent}}
02-12 23:41:38.709  1131  1131 D AlarmManager: Cancel Alarm calling from uid:1000 pid :1131 / operation:PendingIntent{9463d15: PendingIntentRecord{5bba706 android broadcastIntent}}
02-12 23:41:38.729  1131  2919 D CustomFrequencyManagerService: FrequencyrequestList.getNextMaxCPUCoreRequest, index: 0
02-12 23:41:38.729  1131  1143 D CustomFrequencyManagerService: releaseDVFSLockLocked : Getting Lock type frm List : DVFS_MIN_LIMIT  frequency : 1804800  uid : 1000  pid : 1131  tag : KEYGUARD_FINGERPRINT_BOOST@2
02-12 23:41:38.729  1131 11203 D CustomFrequencyManagerService: acquireDVFSLockLocked : type : DVFS_MIN_LIMIT  frequency : 1804800  uid : 1000  pid : 1131  pkgName : KEYGUARD_FINGERPRINT_BOOST@2
02-12 23:41:38.739  1131  1143 D PowerManagerService: [api] [s] userActivity : event: 0 flags: 0 (uid: 10001 pid: 1810) eventTime = 27286412
02-12 23:41:38.749  1131  2316 D CustomStartingWindowManager: CustomStartingWindow file wrote normally./data/system/startingwindow/com.samsung.android.app.notes.xml
02-12 23:41:38.759  1131  1284 V BroadcastQueue: [background] Process cur broadcast BroadcastRecord{c8608f1 u0 com.samsung.android.providers.context.log.action.USE_APP_FEATURE_SURVEY qIdx=4}, state= (APP_RECEIVE) DELIVERED for app ProcessRecord{2cb8497 2958:com.samsung.android.providers.context/u0a11}
02-12 23:41:38.759  1131  2314 D ConnectivityService: returning getNetworkInfo for network type 0 : [type: MOBILE[] - MOBILE, state: DISCONNECTED/DISCONNECTED, reason: (unspecified), extra: (none), roaming: false, failover: false, isAvailable: true] /UID : 10150 , PID : 4931
02-12 23:41:38.759  1131  2314 D ConnectivityService: returning getNetworkInfo for network type 1 : [type: WIFI[] - WIFI, state: CONNECTED/CONNECTED, reason: (unspecified), extra: "zhidongni", roaming: false, failover: false, isAvailable: true] /UID : 10150 , PID : 4931
02-12 23:41:38.759  1131  2314 D ConnectivityService: returning getNetworkInfo for network type 2 : [type: MOBILE_MMS[] - MOBILE_MMS, state: DISCONNECTED/DISCONNECTED, reason: (unspecified), extra: (none), roaming: false, failover: false, isAvailable: true] /UID : 10150 , PID : 4931
02-12 23:41:38.769  1131  2314 D ConnectivityService: returning getNetworkInfo for network type 3 : [type: MOBILE_SUPL[] - MOBILE_SUPL, state: DISCONNECTED/DISCONNECTED, reason: (unspecified), extra: (none), roaming: false, failover: false, isAvailable: true] /UID : 10150 , PID : 4931
02-12 23:41:38.769  1131  2314 D ConnectivityService: returning getNetworkInfo for network type 4 : [type: MOBILE_DUN[] - MOBILE_DUN, state: DISCONNECTED/DISCONNECTED, reason: (unspecified), extra: (none), roaming: false, failover: false, isAvailable: true] /UID : 10150 , PID : 4931
02-12 23:41:38.769  1131  2314 D ConnectivityService: returning getNetworkInfo for network type 5 : [type: MOBILE_HIPRI[] - MOBILE_HIPRI, state: DISCONNECTED/DISCONNECTED, reason: (unspecified), extra: (none), roaming: false, failover: false, isAvailable: true] /UID : 10150 , PID : 4931
02-12 23:41:38.769  1131  2314 D ConnectivityService: returning getNetworkInfo for network type 7 : [type: BLUETOOTH[] - BLUETOOTH, state: DISCONNECTED/DISCONNECTED, reason: (unspecified), extra: (none), roaming: false, failover: false, isAvailable: true] /UID : 10150 , PID : 4931
02-12 23:41:38.769  1131  1824 D SettingsProvider: isChangeAllowed() : name = lockscreen.failedUnlockAttemptNumber
02-12 23:41:38.769  1131  1824 D SettingsProvider: edmUri: content://com.sec.knox.provider/RestrictionPolicy3
02-12 23:41:38.769  1131  1824 D SettingsProvider: projectionArgs: isSettingsChangesAllowed
02-12 23:41:38.769  1131  1824 D SettingsProvider: selectionArgs: false
02-12 23:41:38.769  1131  1824 D SettingsProvider: selectionArgs: 10001
02-12 23:41:38.769  1131  2314 D ConnectivityService: returning getNetworkInfo for network type 9 : [type: ETHERNET[] - ETHERNET, state: DISCONNECTED/DISCONNECTED, reason: (unspecified), extra: (none), roaming: false, failover: false, isAvailable: true] /UID : 10150 , PID : 4931
02-12 23:41:38.769  1131  2314 D ConnectivityService: returning getNetworkInfo for network type 10 : [type: MOBILE_FOTA[] - MOBILE_FOTA, state: DISCONNECTED/DISCONNECTED, reason: (unspecified), extra: (none), roaming: false, failover: false, isAvailable: true] /UID : 10150 , PID : 4931
02-12 23:41:38.769  1131  2314 D ConnectivityService: returning getNetworkInfo for network type 11 : [type: MOBILE_IMS[] - MOBILE_IMS, state: DISCONNECTED/DISCONNECTED, reason: (unspecified), extra: (none), roaming: false, failover: false, isAvailable: true] /UID : 10150 , PID : 4931
02-12 23:41:38.769  1131  2314 D ConnectivityService: returning getNetworkInfo for network type 12 : [type: MOBILE_CBS[] - MOBILE_CBS, state: DISCONNECTED/DISCONNECTED, reason: (unspecified), extra: (none), roaming: false, failover: false, isAvailable: true] /UID : 10150 , PID : 4931
02-12 23:41:38.769  1131  2314 D ConnectivityService: returning getNetworkInfo for network type 13 : [type: WIFI_P2P[] - WIFI_P2P, state: DISCONNECTED/DISCONNECTED, reason: (unspecified), extra: (none), roaming: false, failover: false, isAvailable: true] /UID : 10150 , PID : 4931
02-12 23:41:38.769  1131  1824 D SettingsProvider: ret = -1
