--------- beginning of system
02-12 23:39:53.369  1131  1367 D PowerManagerService: [s] UserActivityState : 2 -> 4
02-12 23:39:53.369  1131  1367 I PowerManagerService: Nap time (uid 1000)...
02-12 23:39:53.369  1131  1367 D PowerManagerService: handleSandman : startDreaming: false  (canDreamLocked: false  canDozeLocked: false)
02-12 23:39:53.369  1131  1367 I PowerManagerService: !@[ps] Screen__Off - 72 :  dream(timeout) (2)
02-12 23:39:53.369  1131  1367 I PowerManagerService: Going to sleep due to screen timeout (uid 1000)...
02-12 23:39:53.369  1131  1367 D PowerManagerService: mDisplayReady: false
02-12 23:39:53.369  1131  1367 D DisplayPowerController: animateScreenStateChange[0]: target=1
02-12 23:39:53.369  1131  1367 D ColorFade: prepare: mode=4
02-12 23:39:53.369  1131  1752 D NetworkPolicy: onScreenStateChanged, state: false, reason: 3
02-12 23:39:53.389  1131 11204 V AlarmManager: setExact (T:2/F:1/AC:false) 20180212T233958 - CU:10001/CP:1810
02-12 23:39:53.399  1131  1367 D ColorFade: ColorFade is ready
02-12 23:39:53.399  1131  1367 D DisplayPowerController: ColorFade: onAnimationStart
02-12 23:39:53.399  1131  1367 D DisplayPowerController: [Dual Screen Compatible] state[0] :2
02-12 23:39:53.689  1131  1866 D CustomFrequencyManagerService: acquireDVFSLockLocked : type : DVFS_MIN_LIMIT  frequency : 1804800  uid : 1000  pid : 1131  pkgName : KEYGUARD_FINGERPRINT_BOOST@2
02-12 23:39:53.689  1131  2072 D PowerManagerService: [api] [s] userActivity : event: 0 flags: 0 (uid: 10001 pid: 1810) eventTime = 27181361
02-12 23:39:53.699  1131  1367 D DisplayPowerState: !@ [0] ColorFade entry
02-12 23:39:53.699  1131  1367 D PowerManagerService: [input device light] onColorFadeExit(false)
02-12 23:39:53.699  1131  1367 D DisplayPowerController: ColorFade: onAnimationEnd
02-12 23:39:53.699  1131  1367 D DisplayPowerController: animateScreenStateChange[0]: target=1
02-12 23:39:53.699  1131  1367 D DisplayPowerController: [M OS] 0 REPORTED_TO_POLICY_SCREEN_* -> REPORTED_TO_POLICY_SCREEN_OFF.
02-12 23:39:53.759  1131  1705 D NetworkPolicy: isUidForegroundLocked: 10065, mScreenOn: true, uidstate: 5, mProxSensorScreenOff: false
02-12 23:39:53.759  1131  1705 V NetworkPolicy: getFirewallRuleWifi UID:10065 policy:0
02-12 23:39:53.759  1131  1367 D DisplayPowerController: mWindowManagerPolicy.screenTurnedOff(0)
02-12 23:39:53.759  1131  1367 D DisplayPowerController: [Dual Screen Compatible] state[0] :1
02-12 23:39:53.759  1131  1367 D DisplayPowerController: Animating brightness: target=0, rate=0 (PSM:false, AB limit:(-1 ~ -1) MB Limit:(-1 ~ -1))
02-12 23:39:53.759  1131  1367 D DisplayPowerController: animateScreenStateChange[0]: target=1
02-12 23:39:53.759  1131  1367 D DisplayPowerController: [Dual Screen Compatible] state[0] :1
02-12 23:39:53.759  1131  1367 D DisplayPowerController: Animating brightness: target=0, rate=0 (PSM:false, AB limit:(-1 ~ -1) MB Limit:(-1 ~ -1))
02-12 23:39:53.759  2259  2259 V ActivityThread: updateVisibility : ActivityRecord{fb05cd3 token=android.os.BinderProxy@725dfe9 {com.sec.android.app.launcher/com.sec.android.app.launcher.activities.LauncherActivity}} show : true
02-12 23:39:53.799  1131  2919 D SettingsProvider: isChangeAllowed() : name = aod_show_state
02-12 23:39:53.799  1131  2919 D SettingsProvider: edmUri: content://com.sec.knox.provider/RestrictionPolicy3
02-12 23:39:53.799  1131  2919 D SettingsProvider: projectionArgs: isSettingsChangesAllowed
02-12 23:39:53.799  1131  2919 D SettingsProvider: selectionArgs: false
02-12 23:39:53.799  1131  2919 D SettingsProvider: selectionArgs: 10001
02-12 23:39:53.799  1131  2919 D SettingsProvider: ret = -1
02-12 23:39:53.819  1131  1394 D PowerManagerUtil: Excessive delay in nativeSetInteractive(false): 58ms
02-12 23:39:53.819  1131  1394 D DisplayManagerService: !@display_state: ON -> OFF brightness: 0 -> 0
02-12 23:39:53.819  1131  1359 I DisplayManagerService: Display device changed state: "内置屏幕", OFF
02-12 23:39:53.839  1131  1287 D StatusBarManagerService: manageDisableList userId=0 what=0x0 pkg=Window{7434507 u0 d0 p2026 AOD}
02-12 23:39:53.849  1131  1144 V AlarmManager: Add whitelist package alarm :PendingIntent{116b634: PendingIntentRecord{175ec06 com.samsung.android.app.aodservice broadcastIntent}}
02-12 23:39:53.849  1131  1284 W BroadcastQueue: Permission Denial: broadcasting Intent { act=com.samsung.cover.REQUEST_REMOTEVIEWS flg=0x10 VirtualScreenParam=Params{mDisplayId=-1, null, mFlags=0x00000000)} } from com.samsung.android.app.aodservice (pid=2026, uid=10001) is not exported from uid 10041 due to receiver com.sec.android.app.shealth/.widget.ClearCoverBroadcastReciever
02-12 23:39:53.849  1131  1144 V AlarmManager: setExact (T:0/F:9/AC:false) 20180212T234000 - CU:10001/CP:2026
02-12 23:39:53.849  1131 11204 D AlarmManager: Cancel Alarm calling from uid:10001 pid :2026 / operation:PendingIntent{2679c5d: PendingIntentRecord{50180f4 com.samsung.android.app.aodservice broadcastIntent}}
02-12 23:39:53.959  1131  5189 D SSRM:w  : SIOP:: AP = 260, PST = 268 (W:16), CP = 30, CUR = 23, LCD = 0
02-12 23:39:53.959  1131  5189 D ConnectivityService: returning getNetworkInfo for network type 1 : [type: WIFI[] - WIFI, state: CONNECTED/CONNECTED, reason: (unspecified), extra: "zhidongni", roaming: false, failover: false, isAvailable: true] /UID : 1000 , PID : 1131
02-12 23:39:54.049  1131  1394 D PowerManagerUtil: Excessive delay in !@display_state: OFF: 233ms
02-12 23:39:54.049  1131  1394 D PowerManagerUtil: Excessive delay in DisplayManagerInternal.requestDesiredDisplayState: 291ms
02-12 23:39:54.049  1131  1367 D DisplayPowerController: animateScreenStateChange[0]: target=1
02-12 23:39:54.049  1131  1367 D DisplayPowerController: [Dual Screen Compatible] state[0] :1
02-12 23:39:54.049  1131  1367 D DisplayPowerController: Animating brightness: target=0, rate=0 (PSM:false, AB limit:(-1 ~ -1) MB Limit:(-1 ~ -1))
02-12 23:39:54.049  1131  1367 I PowerManagerService: [PWL] Off : 0s ago
02-12 23:39:54.049  1131  1367 I PowerManagerService: [PWL]   PowerManagerService.WakeLocks: ref count=1
02-12 23:39:54.049  1131  1367 I PowerManagerService: [PWL]     mWakeLockSummary : 0x1
02-12 23:39:54.049  1131  1367 I PowerManagerService: [PWL]       PARTIAL_WAKE_LOCK              'AlwaysOnDisplay_EnsureWorkingTime' (uid=10001, pid=2026, ws=null, pkg=com.samsung.android.app.aodservice, elapsedTime=275)
02-12 23:39:54.049  1131  1367 I PowerManagerService: [PWL]   PowerManagerService.Display: ref count=2
02-12 23:39:54.049  1131  1367 I PowerManagerService: [PWL]     mUserActivitySummary : 0x4
02-12 23:39:54.049  1131  1367 I PowerManagerService: [PWL]     mDisplayReady : false
02-12 23:39:54.049  1131  1367 D DisplayPowerController: animateScreenStateChange[0]: target=1
02-12 23:39:54.049  1131  1367 D DisplayPowerController: [Dual Screen Compatible] state[0] :1
02-12 23:39:54.049  1131  1367 D DisplayPowerController: Animating brightness: target=0, rate=0 (PSM:false, AB limit:(-1 ~ -1) MB Limit:(-1 ~ -1))
02-12 23:39:54.049  1131  1367 D PowerManagerService: [s] DisplayPowerCallbacks : onStateChanged()
02-12 23:39:54.049  1131  1367 D PowerManagerService: mDisplayReady: true
02-12 23:39:54.049  1131  1367 D PowerManagerService: [PWL] sb release: PowerManagerService.Display
02-12 23:39:54.049  1131  1367 D PowerManagerService: handleSandman : startDreaming: true  (canDreamLocked: false  canDozeLocked: true)
02-12 23:39:54.049  1131  1367 D PowerManagerService: handleSandman : startDream(true)
02-12 23:39:54.049  1131  1367 E PowerManagerService: handleSandman : startDreaming, but isDreaming false
02-12 23:39:54.049  1131  1367 I PowerManagerService: Sleeping (uid 1000)...
02-12 23:39:54.049  1131  1367 D PowerManagerService: [s] UserActivityState : 4 -> 0
02-12 23:39:54.049  1131  1367 D PowerManagerService: [PWL] sb acquire: PowerManagerService.Broadcasts
02-12 23:39:54.049  1131  2006 V WindowOrientationListener: setCurrentAppOrientation :5
02-12 23:39:54.049  1131  2006 V WindowManager: rotationForOrientationLw(orient=5, last=0); user=0 USER_ROTATION_LOCKED sensorRotation=-1 mLidState=-1 mDockMode=0 mHdmiPlugged=false mMobileKeyboardEnabled=false displayId=0
02-12 23:39:54.059  2102  2102 D Recents_RecentsActivity: Screen off broadcast is received
02-12 23:39:54.059  2102  2102 D Recents_RecentsActivity: clearWindowFlag is getting called
02-12 23:39:54.059  2102  2102 D Recents_RecentsActivity: dismissRecentsToHome, animated=false
02-12 23:39:54.069  1131  1131 D LightsService: [api] [SvcLED] setFlashing :: id = 5, color = 0, mode = 14, onMS = 0, offMS = 0,  (uid: 1000 pid: 1131) 
02-12 23:39:54.069  1131  1131 D PowerManagerUtil: fileWriteString to /sys/power/wake_lock, LightsService
02-12 23:39:54.069  1131  1131 D LightsService: [SvcLED] setSvcLedStateLocked:: SvcLEDState : 0x0 -> 0x40 | SvcLED(id=5) set On
02-12 23:39:54.079  1131  1387 D LightsService: [SvcLED]  onSensorChanged::light value = 0
02-12 23:39:54.079  1131  1131 D BatteryService: turn on LED for fully charged
02-12 23:39:54.079  1131  1359 V WindowAnimator: hide by NightClock Window{b9ff395 u0 d0 p1810 StatusBar}
02-12 23:39:54.079  1131  1359 V WindowAnimator: hide by NightClock Window{646e96e u0 d0 p12664 com.bst.airmessage.content}
02-12 23:39:54.079  1131  1359 V WindowAnimator: hide by NightClock Window{dc45df8 u0 d0 p2259 com.sec.android.app.launcher/com.sec.android.app.launcher.activities.LauncherActivity}
02-12 23:39:54.089  1131  1143 W InputMethodManagerService: Starting input on non-focused client com.android.internal.view.IInputMethodClient$Stub$Proxy@c9ed732 (uid=10065 pid=2259)
02-12 23:39:54.099  1131  1387 D LightsService: [SvcLED]  setSvcLedLightLocked :: Current SvcLED(id=5) maintains its priority right
02-12 23:39:54.099  1131  1387 D PowerManagerUtil: fileWriteString to /sys/power/wake_unlock, LightsService
02-12 23:39:54.099  1131  1387 D AlarmManager: Cancel Alarm calling from uid:1000 pid :1131 / operation:PendingIntent{60899db: PendingIntentRecord{aec6c78 android broadcastIntent}}
02-12 23:39:54.099  1131  5189 D SSRM:w  : SIOP:: AP = 260, PST = 269 (W:16), CP = 31, CUR = -10, LCD = 0
02-12 23:39:54.099  1131  5189 D ConnectivityService: returning getNetworkInfo for network type 1 : [type: WIFI[] - WIFI, state: CONNECTED/CONNECTED, reason: (unspecified), extra: "zhidongni", roaming: false, failover: false, isAvailable: true] /UID : 1000 , PID : 1131
02-12 23:39:54.099  1131  1387 V AlarmManager: setInexact (T:3/F:8/AC:false) 20180212T234954 - CU:1000/CP:1131
02-12 23:39:54.099  1131  1131 D MotionRecognitionService:   mReceiver.onReceive : ACTION_SCREEN_OFF
02-12 23:39:54.099  1131  1681 D MotionRecognitionService: Screen off setAccIntStatus 
02-12 23:39:54.099  1131  1681 E MotionRecognitionService:  handler : SCREEN_OFF end 
02-12 23:39:54.109  1131  1284 V BroadcastQueue: [background] Process cur broadcast BroadcastRecord{4b019d2 u-1 com.samsung.settings.action.directaccess.CLOSE_DIALOG qIdx=4}, state= (APP_RECEIVE) DELIVERED for app ProcessRecord{f12b10f 20793:com.samsung.android.SettingsReceiver/1000}
02-12 23:39:54.119  1131  1131 D NotificationService: ACTION_SCREEN_OFF
02-12 23:39:54.119  1131  1131 D LightsService: [api] [SvcLED] turnOff:: id = 6 (uid: 1000 pid: 1131) 
02-12 23:39:54.119  1131  1131 D PowerManagerUtil: fileWriteString to /sys/power/wake_lock, LightsService
02-12 23:39:54.119  1131  1131 D LightsService: [SvcLED] setSvcLedStateLocked:: SvcLEDState : 0x40 -> 0x40 | SvcLED(id=6) set Off
02-12 23:39:54.119  1131  1387 D LightsService: [SvcLED]  onSensorChanged::light value = 0
02-12 23:39:54.129  1131  1387 D LightsService: [SvcLED]  setSvcLedLightLocked :: Current SvcLED(id=5) maintains its priority right
02-12 23:39:54.129  1131  1387 D PowerManagerUtil: fileWriteString to /sys/power/wake_unlock, LightsService
02-12 23:39:54.129  1131  1387 D AlarmManager: Cancel Alarm calling from uid:1000 pid :1131 / operation:PendingIntent{60899db: PendingIntentRecord{aec6c78 android broadcastIntent}}
02-12 23:39:54.129  1131  1387 V AlarmManager: setInexact (T:3/F:8/AC:false) 20180212T234954 - CU:1000/CP:1131
02-12 23:39:54.129  1131  1131 V AlarmManager: setInexact (T:2/F:8/AC:false) 20180213T005054 - CU:1000/CP:1131
02-12 23:39:54.129  1131  1131 I MdnieScenarioControlService: action  :  android.intent.action.SCREEN_OFF
02-12 23:39:54.139  1131  1131 V AlarmManager: setInexact (T:3/F:8/AC:false) 20180212T234004 - CU:1000/CP:1131
02-12 23:39:54.139  1131  1131 V AlarmManager: setInexact (T:3/F:8/AC:false) 20180212T234007 - CU:1000/CP:1131
02-12 23:39:54.139  1131  1359 D IpRemoteDisplayController: intent received android.intent.action.SCREEN_OFF
02-12 23:39:54.139  1131  1359 D IpRemoteDisplayController: Bridge Server is not available
02-12 23:39:54.149  1131  1131 D NetworkPolicy: mScreenReceiver: ACTION_SCREEN_OFF, extra: 3
02-12 23:39:54.149  1131  1705 D NetworkPolicy: MSG_SCREEN_ON_CHANGED: 3
02-12 23:39:54.149  1131  1705 D NetworkPolicy: isUidForegroundLocked: 10001, mScreenOn: false, uidstate: 0, mProxSensorScreenOff: false
02-12 23:39:54.149  1131  1705 V NetworkPolicy: getFirewallRuleWifi UID:10001 policy:0
02-12 23:39:54.149  1131  1705 D NetworkPolicy: isUidForegroundLocked: 10004, mScreenOn: false, uidstate: 4, mProxSensorScreenOff: false
02-12 23:39:54.149  1131  1705 V NetworkPolicy: getFirewallRuleWifi UID:10004 policy:0
02-12 23:39:54.149  1131  1705 D NetworkPolicy: isUidForegroundLocked: 10011, mScreenOn: false, uidstate: 0, mProxSensorScreenOff: false
02-12 23:39:54.149  1131  1705 V NetworkPolicy: getFirewallRuleWifi UID:10011 policy:0
02-12 23:39:54.149  1131  1705 D NetworkPolicy: isUidForegroundLocked: 10150, mScreenOn: false, uidstate: 4, mProxSensorScreenOff: false
02-12 23:39:54.149  1131  1705 V NetworkPolicy: getFirewallRuleWifi UID:10150 policy:0
02-12 23:39:54.149  1131  1705 D NetworkPolicy: isUidForegroundLocked: 10157, mScreenOn: false, uidstate: 4, mProxSensorScreenOff: false
02-12 23:39:54.149  1131  1705 V NetworkPolicy: getFirewallRuleWifi UID:10157 policy:0
02-12 23:39:54.149  1131  1705 D NetworkPolicy: isUidForegroundLocked: 10170, mScreenOn: false, uidstate: 4, mProxSensorScreenOff: false
02-12 23:39:54.149  1131  1705 V NetworkPolicy: getFirewallRuleWifi UID:10170 policy:0
02-12 23:39:54.149  1131  1705 D NetworkPolicy: isUidForegroundLocked: 10171, mScreenOn: false, uidstate: 2, mProxSensorScreenOff: false
02-12 23:39:54.149  1131  1705 V NetworkPolicy: getFirewallRuleWifi UID:10171 policy:0
02-12 23:39:54.149  1131  1705 D NetworkPolicy: isUidForegroundLocked: 10186, mScreenOn: false, uidstate: 4, mProxSensorScreenOff: false
02-12 23:39:54.149  1131  1705 V NetworkPolicy: getFirewallRuleWifi UID:10186 policy:0
02-12 23:39:54.159  1131  1131 D MARsPolicyManager: GPS INTENT send
02-12 23:39:54.289  1131  1131 V AlarmManager: setExact (T:1/F:9/AC:false) 20180212T234954 - CU:1000/CP:1131
02-12 23:39:54.289  1131  1131 V AlarmManager: setExact (T:0/F:9/AC:false) 20180212T234452 - CU:1000/CP:1131
02-12 23:39:54.319  1131  1824 D ConnectivityService: returning getNetworkInfo for network type 0 : [type: MOBILE[] - MOBILE, state: DISCONNECTED/DISCONNECTED, reason: (unspecified), extra: (none), roaming: false, failover: false, isAvailable: true] /UID : 10150 , PID : 4931
02-12 23:39:54.319  1131  1824 D ConnectivityService: returning getNetworkInfo for network type 1 : [type: WIFI[] - WIFI, state: CONNECTED/CONNECTED, reason: (unspecified), extra: "zhidongni", roaming: false, failover: false, isAvailable: true] /UID : 10150 , PID : 4931
02-12 23:39:54.319  1131  1824 D ConnectivityService: returning getNetworkInfo for network type 2 : [type: MOBILE_MMS[] - MOBILE_MMS, state: DISCONNECTED/DISCONNECTED, reason: (unspecified), extra: (none), roaming: false, failover: false, isAvailable: true] /UID : 10150 , PID : 4931
02-12 23:39:54.319  1131  1824 D ConnectivityService: returning getNetworkInfo for network type 3 : [type: MOBILE_SUPL[] - MOBILE_SUPL, state: DISCONNECTED/DISCONNECTED, reason: (unspecified), extra: (none), roaming: false, failover: false, isAvailable: true] /UID : 10150 , PID : 4931
02-12 23:39:54.319  1131  1824 D ConnectivityService: returning getNetworkInfo for network type 4 : [type: MOBILE_DUN[] - MOBILE_DUN, state: DISCONNECTED/DISCONNECTED, reason: (unspecified), extra: (none), roaming: false, failover: false, isAvailable: true] /UID : 10150 , PID : 4931
02-12 23:39:54.319  1131  1824 D ConnectivityService: returning getNetworkInfo for network type 5 : [type: MOBILE_HIPRI[] - MOBILE_HIPRI, state: DISCONNECTED/DISCONNECTED, reason: (unspecified), extra: (none), roaming: false, failover: false, isAvailable: true] /UID : 10150 , PID : 4931
02-12 23:39:54.319  1131  1824 D ConnectivityService: returning getNetworkInfo for network type 7 : [type: BLUETOOTH[] - BLUETOOTH, state: DISCONNECTED/DISCONNECTED, reason: (unspecified), extra: (none), roaming: false, failover: false, isAvailable: true] /UID : 10150 , PID : 4931
02-12 23:39:54.319  1131  1824 D ConnectivityService: returning getNetworkInfo for network type 9 : [type: ETHERNET[] - ETHERNET, state: DISCONNECTED/DISCONNECTED, reason: (unspecified), extra: (none), roaming: false, failover: false, isAvailable: true] /UID : 10150 , PID : 4931
02-12 23:39:54.319  1131  1824 D ConnectivityService: returning getNetworkInfo for network type 10 : [type: MOBILE_FOTA[] - MOBILE_FOTA, state: DISCONNECTED/DISCONNECTED, reason: (unspecified), extra: (none), roaming: false, failover: false, isAvailable: true] /UID : 10150 , PID : 4931
02-12 23:39:54.319  1131  1824 D ConnectivityService: returning getNetworkInfo for network type 11 : [type: MOBILE_IMS[] - MOBILE_IMS, state: DISCONNECTED/DISCONNECTED, reason: (unspecified), extra: (none), roaming: false, failover: false, isAvailable: true] /UID : 10150 , PID : 4931
02-12 23:39:54.319  1131  1824 D ConnectivityService: returning getNetworkInfo for network type 12 : [type: MOBILE_CBS[] - MOBILE_CBS, state: DISCONNECTED/DISCONNECTED, reason: (unspecified), extra: (none), roaming: false, failover: false, isAvailable: true] /UID : 10150 , PID : 4931
02-12 23:39:54.319  1131  1824 D ConnectivityService: returning getNetworkInfo for network type 13 : [type: WIFI_P2P[] - WIFI_P2P, state: DISCONNECTED/DISCONNECTED, reason: (unspecified), extra: (none), roaming: false, failover: false, isAvailable: true] /UID : 10150 , PID : 4931
02-12 23:39:54.319  1131  1824 D ConnectivityService: returning getNetworkInfo for network type 14 : [type: MOBILE_IA[] - MOBILE_IA, state: DISCONNECTED/DISCONNECTED, reason: (unspecified), extra: (none), roaming: false, failover: false, isAvailable: true] /UID : 10150 , PID : 4931
02-12 23:39:54.319  1131  1824 D ConnectivityService: returning getNetworkInfo for network type 15 : [type: MOBILE_EMERGENCY[] - MOBILE_EMERGENCY, state: DISCONNECTED/DISCONNECTED, reason: (unspecified), extra: (none), roaming: false, failover: false, isAvailable: true] /UID : 10150 , PID : 4931
02-12 23:39:54.319  1131  1824 D ConnectivityService: returning getNetworkInfo for network type 17 : [type: VPN[] - VPN, state: DISCONNECTED/DISCONNECTED, reason: (unspecified), extra: (none), roaming: false, failover: false, isAvailable: true] /UID : 10150 , PID : 4931
02-12 23:39:54.339  1131  1672 W ContextImpl: Calling a method in the system process without a qualified user: android.app.ContextImpl.sendBroadcast:843 com.android.server.bartender.N.e:-1 com.android.server.bartender.V.f:-1 com.android.server.bartender.an.handleMessage:-1 android.os.Handler.dispatchMessage:102 
02-12 23:39:54.389  1131  2280 D CustomFrequencyManagerService: releaseDVFSLockLocked : Getting Lock type frm List : DVFS_MIN_LIMIT  frequency : 1804800  uid : 1000  pid : 1131  tag : KEYGUARD_FINGERPRINT_BOOST@2
02-12 23:39:54.449  1131  1143 I PowerManagerService: [api] setDozeOverrideFromAod AlpmHlpmSysfs = 2, screenState = 3, Brightness = 0, wakefulness = false
02-12 23:39:54.449  1131  1143 D PowerManagerService: setDozeModeBySysfs done:  value is 2
02-12 23:39:54.449  1131  1143 D PowerManagerService: [s] UserActivityState : 0 -> 4
02-12 23:39:54.449  1131  1867 D PowerManagerService: [api] acquire WakeLock flags=0x40 tag=AlpmModeManager uid=10001 pid=2026 ws=null pkg=com.samsung.android.app.aodservice
02-12 23:39:54.449  1131  1867 D PowerManagerService: mDisplayReady: false
02-12 23:39:54.449  1131  1367 D DisplayPowerController: animateScreenStateChange[0]: target=3
02-12 23:39:54.449  1131  1367 D ColorFade: prepare: mode=2
02-12 23:39:54.449  1131  1367 D ColorFade: ColorFade is already prepared
02-12 23:39:54.449  1131  1867 D PowerManagerService: [PWL] sb acquire: PowerManagerService.Display
02-12 23:39:54.449  1131  1367 D DisplayPowerState: !@ [0] ColorFade exit
02-12 23:39:54.449  1131  1367 D PowerManagerService: [input device light] onColorFadeExit(true)
02-12 23:39:54.449  1131  1367 D DisplayPowerController: [Dual Screen Compatible] state[0] :3
02-12 23:39:54.449  1131  1367 D DisplayPowerController: getFinalBrightness : Summary is 1 -> 1
02-12 23:39:54.449  1131  1367 D DisplayPowerController: Animating brightness: target=1, rate=2000 (PSM:false, AB limit:(-1 ~ -1) MB Limit:(-1 ~ -1))
02-12 23:39:54.449  1131  1367 D DisplayPowerState: Requesting new screen state: [0] state=DOZE, backlight (By colorFade)=0
02-12 23:39:54.449  1131  1755 D DisplayPowerState: Updating screen state [0]: state=DOZE, backlight (by ColorFade)=0
02-12 23:39:54.449  1131  1394 D DisplayManagerService: !@display_state: OFF -> DOZE brightness: 0 -> 0
02-12 23:39:54.449  1131  1359 I DisplayManagerService: Display device changed state: "内置屏幕", DOZE
02-12 23:39:54.489  1131  2314 D PowerManagerService: [api] acquire WakeLock flags=0x80 tag=Window:AOD uid=1000 pid=1131 ws=WorkSource{10001 com.samsung.android.app.aodservice} pkg=android
02-12 23:39:54.499  1131  1367 D DisplayPowerController: animateScreenStateChange[0]: target=3
02-12 23:39:54.499  1131  1367 D DisplayPowerController: [Dual Screen Compatible] state[0] :3
02-12 23:39:54.499  1131  1367 D DisplayPowerController: getFinalBrightness : Summary is 1 -> 1
02-12 23:39:54.499  1131  1367 D DisplayPowerController: Animating brightness: target=1, rate=2000 (PSM:false, AB limit:(-1 ~ -1) MB Limit:(-1 ~ -1))
02-12 23:39:54.539  1131 11203 D PowerManagerService: [api] acquire WakeLock flags=0x80 tag=Window:AOD uid=1000 pid=1131 ws=WorkSource{10001 com.samsung.android.app.aodservice} pkg=android
02-12 23:39:54.559  1131 11204 V AlarmManager: setInexact (T:0/F:8/AC:false) 20180213T003954 - CU:5009/CP:21033
02-12 23:39:54.569 21443 21457 E SmartFaceService: onReceive: android.intent.action.SCREEN_OFF
02-12 23:39:54.669  1131  1866 D ConnectivityService: returning getNetworkInfo for network type 0 : [type: MOBILE[] - MOBILE, state: DISCONNECTED/DISCONNECTED, reason: (unspecified), extra: (none), roaming: false, failover: false, isAvailable: true] /UID : 10186 , PID : 23121
02-12 23:39:54.669  1131  1866 D ConnectivityService: returning getNetworkInfo for network type 1 : [type: WIFI[] - WIFI, state: CONNECTED/CONNECTED, reason: (unspecified), extra: "zhidongni", roaming: false, failover: false, isAvailable: true] /UID : 10186 , PID : 23121
02-12 23:39:54.669  1131  1866 D ConnectivityService: returning getNetworkInfo for network type 2 : [type: MOBILE_MMS[] - MOBILE_MMS, state: DISCONNECTED/DISCONNECTED, reason: (unspecified), extra: (none), roaming: false, failover: false, isAvailable: true] /UID : 10186 , PID : 23121
02-12 23:39:54.669  1131  1866 D ConnectivityService: returning getNetworkInfo for network type 3 : [type: MOBILE_SUPL[] - MOBILE_SUPL, state: DISCONNECTED/DISCONNECTED, reason: (unspecified), extra: (none), roaming: false, failover: false, isAvailable: true] /UID : 10186 , PID : 23121
02-12 23:39:54.669  1131  1866 D ConnectivityService: returning getNetworkInfo for network type 4 : [type: MOBILE_DUN[] - MOBILE_DUN, state: DISCONNECTED/DISCONNECTED, reason: (unspecified), extra: (none), roaming: false, failover: false, isAvailable: true] /UID : 10186 , PID : 23121
02-12 23:39:54.669  1131  1866 D ConnectivityService: returning getNetworkInfo for network type 5 : [type: MOBILE_HIPRI[] - MOBILE_HIPRI, state: DISCONNECTED/DISCONNECTED, reason: (unspecified), extra: (none), roaming: false, failover: false, isAvailable: true] /UID : 10186 , PID : 23121
02-12 23:39:54.669  1131  1866 D ConnectivityService: returning getNetworkInfo for network type 7 : [type: BLUETOOTH[] - BLUETOOTH, state: DISCONNECTED/DISCONNECTED, reason: (unspecified), extra: (none), roaming: false, failover: false, isAvailable: true] /UID : 10186 , PID : 23121
02-12 23:39:54.669  1131  1866 D ConnectivityService: returning getNetworkInfo for network type 9 : [type: ETHERNET[] - ETHERNET, state: DISCONNECTED/DISCONNECTED, reason: (unspecified), extra: (none), roaming: false, failover: false, isAvailable: true] /UID : 10186 , PID : 23121
02-12 23:39:54.669  1131  1866 D ConnectivityService: returning getNetworkInfo for network type 10 : [type: MOBILE_FOTA[] - MOBILE_FOTA, state: DISCONNECTED/DISCONNECTED, reason: (unspecified), extra: (none), roaming: false, failover: false, isAvailable: true] /UID : 10186 , PID : 23121
02-12 23:39:54.669  1131  1866 D ConnectivityService: returning getNetworkInfo for network type 11 : [type: MOBILE_IMS[] - MOBILE_IMS, state: DISCONNECTED/DISCONNECTED, reason: (unspecified), extra: (none), roaming: false, failover: false, isAvailable: true] /UID : 10186 , PID : 23121
02-12 23:39:54.669  1131  1866 D ConnectivityService: returning getNetworkInfo for network type 12 : [type: MOBILE_CBS[] - MOBILE_CBS, state: DISCONNECTED/DISCONNECTED, reason: (unspecified), extra: (none), roaming: false, failover: false, isAvailable: true] /UID : 10186 , PID : 23121
02-12 23:39:54.669  1131  1866 D ConnectivityService: returning getNetworkInfo for network type 13 : [type: WIFI_P2P[] - WIFI_P2P, state: DISCONNECTED/DISCONNECTED, reason: (unspecified), extra: (none), roaming: false, failover: false, isAvailable: true] /UID : 10186 , PID : 23121
02-12 23:39:54.669  1131  1866 D ConnectivityService: returning getNetworkInfo for network type 14 : [type: MOBILE_IA[] - MOBILE_IA, state: DISCONNECTED/DISCONNECTED, reason: (unspecified), extra: (none), roaming: false, failover: false, isAvailable: true] /UID : 10186 , PID : 23121
02-12 23:39:54.669  1131  1866 D ConnectivityService: returning getNetworkInfo for network type 15 : [type: MOBILE_EMERGENCY[] - MOBILE_EMERGENCY, state: DISCONNECTED/DISCONNECTED, reason: (unspecified), extra: (none), roaming: false, failover: false, isAvailable: true] /UID : 10186 , PID : 23121
02-12 23:39:54.669  1131  1866 D ConnectivityService: returning getNetworkInfo for network type 17 : [type: VPN[] - VPN, state: DISCONNECTED/DISCONNECTED, reason: (unspecified), extra: (none), roaming: false, failover: false, isAvailable: true] /UID : 10186 , PID : 23121
02-12 23:39:54.689  1131  1131 D PowerManagerService: [api] release WakeLock DRAW_WAKE_LOCK                 'Window:AOD' (uid=1000, pid=1131, ws=WorkSource{10001 com.samsung.android.app.aodservice}, pkg=android, elapsedTime=199) (0x0)
02-12 23:39:54.689  1131  1394 D PowerManagerUtil: Excessive delay in !@display_state: DOZE: 240ms
02-12 23:39:54.689  1131  1394 D PowerManagerUtil: Excessive delay in DisplayManagerInternal.requestDesiredDisplayState: 240ms
02-12 23:39:54.689  1131  1367 D DisplayPowerController: animateScreenStateChange[0]: target=3
02-12 23:39:54.689  1131  1867 D PowerManagerService: [api] acquire WakeLock flags=0x80 tag=Window:AOD uid=1000 pid=1131 ws=WorkSource{10001 com.samsung.android.app.aodservice} pkg=android
02-12 23:39:54.689  1131  1367 D DisplayPowerController: [Dual Screen Compatible] state[0] :3
02-12 23:39:54.689  1131  1367 D DisplayPowerController: getFinalBrightness : Summary is 1 -> 1
02-12 23:39:54.689  1131  1367 D DisplayPowerController: Animating brightness: target=1, rate=2000 (PSM:false, AB limit:(-1 ~ -1) MB Limit:(-1 ~ -1))
02-12 23:39:54.689  1131  1367 D DisplayPowerController: animateScreenStateChange[0]: target=3
02-12 23:39:54.689  1131  1367 D DisplayPowerController: [Dual Screen Compatible] state[0] :3
02-12 23:39:54.689  1131  1367 D DisplayPowerController: getFinalBrightness : Summary is 1 -> 1
02-12 23:39:54.689  1131  1367 D DisplayPowerController: Animating brightness: target=1, rate=2000 (PSM:false, AB limit:(-1 ~ -1) MB Limit:(-1 ~ -1))
02-12 23:39:54.689  1131  1367 D PowerManagerService: [s] DisplayPowerCallbacks : onStateChanged()
02-12 23:39:54.689  1131  1367 D PowerManagerService: mDisplayReady: true
02-12 23:39:54.689  1131  1367 D PowerManagerService: [PWL] sb release: PowerManagerService.Display
02-12 23:39:54.699  1131 11204 D PowerManagerService: [api] acquire WakeLock flags=0x80 tag=Window:AOD uid=1000 pid=1131 ws=WorkSource{10001 com.samsung.android.app.aodservice} pkg=android
02-12 23:39:54.709  1131  1752 D PowerManagerService: [PWL] sb release: PowerManagerService.Broadcasts
02-12 23:39:54.729  1131  2314 D PowerManagerService: [api] acquire WakeLock flags=0x80 tag=Window:AOD uid=1000 pid=1131 ws=WorkSource{10001 com.samsung.android.app.aodservice} pkg=android
02-12 23:39:54.739  1131  1824 D PowerManagerService: [api] acquire WakeLock flags=0x80 tag=Window:AOD uid=1000 pid=1131 ws=WorkSource{10001 com.samsung.android.app.aodservice} pkg=android
02-12 23:39:54.759  2102  2102 D Recents : onTaskStackChanged
02-12 23:39:54.759  1131  1866 D PowerManagerService: [api] acquire WakeLock flags=0x80 tag=Window:AOD uid=1000 pid=1131 ws=WorkSource{10001 com.samsung.android.app.aodservice} pkg=android
02-12 23:39:54.779  1131  2454 D PowerManagerService: [api] acquire WakeLock flags=0x80 tag=Window:AOD uid=1000 pid=1131 ws=WorkSource{10001 com.samsung.android.app.aodservice} pkg=android
02-12 23:39:54.789  1131  2072 D PowerManagerService: [api] acquire WakeLock flags=0x80 tag=Window:AOD uid=1000 pid=1131 ws=WorkSource{10001 com.samsung.android.app.aodservice} pkg=android
02-12 23:39:54.839  1131  2919 D PowerManagerService: [api] acquire WakeLock flags=0x80 tag=Window:AOD uid=1000 pid=1131 ws=WorkSource{10001 com.samsung.android.app.aodservice} pkg=android
02-12 23:39:54.859  1131 11204 D PowerManagerService: [api] acquire WakeLock flags=0x80 tag=Window:AOD uid=1000 pid=1131 ws=WorkSource{10001 com.samsung.android.app.aodservice} pkg=android
02-12 23:39:54.889  1131  1144 D PowerManagerService: [api] acquire WakeLock flags=0x80 tag=Window:AOD uid=1000 pid=1131 ws=WorkSource{10001 com.samsung.android.app.aodservice} pkg=android
02-12 23:39:54.939  1131  2454 D PowerManagerService: [api] acquire WakeLock flags=0x80 tag=Window:AOD uid=1000 pid=1131 ws=WorkSource{10001 com.samsung.android.app.aodservice} pkg=android
02-12 23:39:54.979  1131  1143 D PowerManagerService: [api] acquire WakeLock flags=0x80 tag=Window:AOD uid=1000 pid=1131 ws=WorkSource{10001 com.samsung.android.app.aodservice} pkg=android
02-12 23:39:55.009  1131 11203 D PowerManagerService: [api] acquire WakeLock flags=0x80 tag=Window:AOD uid=1000 pid=1131 ws=WorkSource{10001 com.samsung.android.app.aodservice} pkg=android
02-12 23:39:55.049  1131  1144 D PowerManagerService: [api] acquire WakeLock flags=0x80 tag=Window:AOD uid=1000 pid=1131 ws=WorkSource{10001 com.samsung.android.app.aodservice} pkg=android
02-12 23:39:55.079  1131  2316 D PowerManagerService: [api] acquire WakeLock flags=0x80 tag=Window:AOD uid=1000 pid=1131 ws=WorkSource{10001 com.samsung.android.app.aodservice} pkg=android
02-12 23:39:55.109  1131  2072 D PowerManagerService: [api] acquire WakeLock flags=0x80 tag=Window:AOD uid=1000 pid=1131 ws=WorkSource{10001 com.samsung.android.app.aodservice} pkg=android
02-12 23:39:55.149  1131  2314 D PowerManagerService: [api] acquire WakeLock flags=0x80 tag=Window:AOD uid=1000 pid=1131 ws=WorkSource{10001 com.samsung.android.app.aodservice} pkg=android
02-12 23:39:55.179  1131  2919 D PowerManagerService: [api] acquire WakeLock flags=0x80 tag=Window:AOD uid=1000 pid=1131 ws=WorkSource{10001 com.samsung.android.app.aodservice} pkg=android
02-12 23:39:55.219  1131  2453 D PowerManagerService: [api] acquire WakeLock flags=0x80 tag=Window:AOD uid=1000 pid=1131 ws=WorkSource{10001 com.samsung.android.app.aodservice} pkg=android
02-12 23:39:55.239   544  1582 E NetlinkEvent: NetlinkEvent::FindParam(): Parameter 'LABEL' not found
02-12 23:39:55.249  1131  1143 D PowerManagerService: [api] acquire WakeLock flags=0x80 tag=Window:AOD uid=1000 pid=1131 ws=WorkSource{10001 com.samsung.android.app.aodservice} pkg=android
02-12 23:39:55.279  1131 11203 D PowerManagerService: [api] acquire WakeLock flags=0x80 tag=Window:AOD uid=1000 pid=1131 ws=WorkSource{10001 com.samsung.android.app.aodservice} pkg=android
02-12 23:39:55.319  1131  1144 D PowerManagerService: [api] acquire WakeLock flags=0x80 tag=Window:AOD uid=1000 pid=1131 ws=WorkSource{10001 com.samsung.android.app.aodservice} pkg=android
02-12 23:39:55.349  1131  2316 D PowerManagerService: [api] acquire WakeLock flags=0x80 tag=Window:AOD uid=1000 pid=1131 ws=WorkSource{10001 com.samsung.android.app.aodservice} pkg=android
02-12 23:39:55.389  1131  2072 D PowerManagerService: [api] acquire WakeLock flags=0x80 tag=Window:AOD uid=1000 pid=1131 ws=WorkSource{10001 com.samsung.android.app.aodservice} pkg=android
02-12 23:39:55.419  1131  1824 D PowerManagerService: [api] acquire WakeLock flags=0x80 tag=Window:AOD uid=1000 pid=1131 ws=WorkSource{10001 com.samsung.android.app.aodservice} pkg=android
02-12 23:39:55.449  1131  2314 D PowerManagerService: [api] acquire WakeLock flags=0x80 tag=Window:AOD uid=1000 pid=1131 ws=WorkSource{10001 com.samsung.android.app.aodservice} pkg=android
02-12 23:39:55.459  1131  2069 I PowerManagerService: [api] setDozeOverrideFromAod AlpmHlpmSysfs = -1, screenState = 4, Brightness = 0, wakefulness = false
02-12 23:39:55.459  1131  2069 D PowerManagerService: setDozeModeBySysfs:  value is -1 , we ignore it. 
02-12 23:39:55.599  1131  1131 D PowerManagerService: [api] release WakeLock DRAW_WAKE_LOCK                 'Window:AOD' (uid=1000, pid=1131, ws=WorkSource{10001 com.samsung.android.app.aodservice}, pkg=android, elapsedTime=911) (0x0)
02-12 23:39:55.599  1131  1131 D PowerManagerService: mDisplayReady: false
02-12 23:39:55.599  1131  1131 D PowerManagerService: [PWL] sb acquire: PowerManagerService.Display
02-12 23:39:55.599  1131  1367 D DisplayPowerController: animateScreenStateChange[0]: target=4
02-12 23:39:55.599  1131  1367 D DisplayPowerController: [Dual Screen Compatible] state[0] :4
02-12 23:39:55.599  1131  1367 D DisplayPowerController: Animating brightness: target=1, rate=0 (PSM:false, AB limit:(-1 ~ -1) MB Limit:(-1 ~ -1))
02-12 23:39:55.599  1131  1394 D DisplayManagerService: !@display_state: DOZE -> DOZE_SUSPEND brightness: 1 -> 1
02-12 23:39:55.609  1131  1359 I DisplayManagerService: Display device changed state: "内置屏幕", DOZE_SUSPEND
02-12 23:39:55.609  1131  1367 D DisplayPowerController: animateScreenStateChange[0]: target=4
02-12 23:39:55.609  1131  1367 D DisplayPowerController: [Dual Screen Compatible] state[0] :4
02-12 23:39:55.609  1131  1367 D DisplayPowerController: Animating brightness: target=1, rate=0 (PSM:false, AB limit:(-1 ~ -1) MB Limit:(-1 ~ -1))
02-12 23:39:55.609  1131  1367 D DisplayPowerController: animateScreenStateChange[0]: target=4
02-12 23:39:55.609  1131  1367 D DisplayPowerController: [Dual Screen Compatible] state[0] :4
02-12 23:39:55.609  1131  1367 D DisplayPowerController: Animating brightness: target=1, rate=0 (PSM:false, AB limit:(-1 ~ -1) MB Limit:(-1 ~ -1))
02-12 23:39:55.609  1131  1367 D PowerManagerService: [s] DisplayPowerCallbacks : onStateChanged()
02-12 23:39:55.609  1131  1367 D PowerManagerService: mDisplayReady: true
02-12 23:39:55.609  1131  1367 D PowerManagerService: [PWL] sb release: PowerManagerService.Display
02-12 23:39:55.959  1131  1144 D BatteryService: !@BatteryListener : batteryPropertiesChanged!
02-12 23:39:58.389  1131  1675 V AlarmManager: Expired Alarm result :4
02-12 23:39:58.659  1810  1810 D PhoneStatusBar: adjustDisableFlags:false, false, true, false, false, 1
02-12 23:39:58.669  1131 11203 V NetworkStats: performPollLocked(flags=0x3)
02-12 23:39:58.679  1131 11203 V NetworkStats: performPollLocked() took 7ms
02-12 23:39:58.689  1131  1705 V NetworkPolicy: updateNotificationsLocked() - totalBytes : 0, policy : NetworkPolicy[NetworkTemplate: matchRule=MATCH_MOBILE_ENT1, subscriberId=460016..., matchSubscriberIds=[460016...]]: cycleDay=1, cycleTimezone=Asia/Shanghai, warningBytes=-1, limitBytes=-1, lastWarningSnooze=-1, lastLimitSnooze=-1, metered=true, inferred=true
02-12 23:39:58.699  1131  1705 V NetworkPolicy: updateNotificationsLocked() - totalBytes : 251522693, policy : NetworkPolicy[NetworkTemplate: matchRule=MOBILE_ALL, subscriberId=460016..., matchSubscriberIds=[460016...]]: cycleDay=1, cycleTimezone=Asia/Shanghai, warningBytes=2147483648, limitBytes=-1, lastWarningSnooze=1506227576821, lastLimitSnooze=-1, metered=true, inferred=true
02-12 23:39:58.729  1131 11204 D StatusBarManagerService: manageDisableList userId=0 what=0x3200000 pkg=com.android.systemui
02-12 23:39:58.729  1131  2072 D PowerManagerService: [api] [s] userActivity : event: 0 flags: 0 (uid: 10001 pid: 1810) eventTime = 27186404
02-12 23:39:58.729  1131  2069 D AlarmManager: Cancel Alarm calling from uid:10001 pid :1810 / operation:PendingIntent{9b018da: PendingIntentRecord{bbb3e09 com.android.systemui broadcastIntent}}
02-12 23:39:58.739  1131  1867 V AlarmManager: setExact (T:3/F:1/AC:false) 20180213T233958 - CU:10001/CP:1810
02-12 23:39:58.759  1810  1810 V KeyguardDisplayManager: show (false)
02-12 23:39:58.939  1810  1810 D PhoneStatusBar: adjustDisableFlags:false, false, true, false, false, 1
02-12 23:39:58.959  1131  1867 D PowerManagerService: [api] acquire WakeLock flags=0x80 tag=Window:AOD uid=1000 pid=1131 ws=WorkSource{10001 com.samsung.android.app.aodservice} pkg=android
02-12 23:39:58.959  1131  1867 D PowerManagerService: mDisplayReady: false
02-12 23:39:58.959  1131  1367 D DisplayPowerController: animateScreenStateChange[0]: target=3
02-12 23:39:58.959  1131  1367 D DisplayPowerController: [Dual Screen Compatible] state[0] :3
02-12 23:39:58.959  1131  1367 D DisplayPowerController: getFinalBrightness : Summary is 1 -> 1
02-12 23:39:58.959  1131  1367 D DisplayPowerController: Animating brightness: target=1, rate=2000 (PSM:false, AB limit:(-1 ~ -1) MB Limit:(-1 ~ -1))
02-12 23:39:58.959  1131  1867 D PowerManagerService: [PWL] sb acquire: PowerManagerService.Display
02-12 23:39:58.959  1131  1394 D DisplayManagerService: !@display_state: DOZE_SUSPEND -> DOZE brightness: 1 -> 1
02-12 23:39:58.959  1131  1359 I DisplayManagerService: Display device changed state: "内置屏幕", DOZE
02-12 23:39:58.969  1131  2454 D PowerManagerService: [api] acquire WakeLock flags=0x80 tag=Window:AOD uid=1000 pid=1131 ws=WorkSource{10001 com.samsung.android.app.aodservice} pkg=android
02-12 23:39:58.989  1810  1810 D Recents : handleProxyCall type=3
02-12 23:39:58.989  2102  2102 D Recents : handleProxyCall type=3
02-12 23:39:58.999  1131  1367 D DisplayPowerController: animateScreenStateChange[0]: target=3
02-12 23:39:58.999  1131  1367 D DisplayPowerController: [Dual Screen Compatible] state[0] :3
02-12 23:39:58.999  1131  1367 D DisplayPowerController: getFinalBrightness : Summary is 1 -> 1
02-12 23:39:58.999  1131  1367 D DisplayPowerController: Animating brightness: target=1, rate=2000 (PSM:false, AB limit:(-1 ~ -1) MB Limit:(-1 ~ -1))
02-12 23:39:58.999  1131  1367 D DisplayPowerController: animateScreenStateChange[0]: target=3
02-12 23:39:58.999  1131  1367 D DisplayPowerController: [Dual Screen Compatible] state[0] :3
02-12 23:39:58.999  1131  1367 D DisplayPowerController: getFinalBrightness : Summary is 1 -> 1
02-12 23:39:58.999  1131  1367 D DisplayPowerController: Animating brightness: target=1, rate=2000 (PSM:false, AB limit:(-1 ~ -1) MB Limit:(-1 ~ -1))
02-12 23:39:58.999  1131  1367 D PowerManagerService: [s] DisplayPowerCallbacks : onStateChanged()
02-12 23:39:58.999  1131  1367 D PowerManagerService: mDisplayReady: true
02-12 23:39:58.999  1131  1367 D PowerManagerService: [PWL] sb release: PowerManagerService.Display
02-12 23:39:59.119  1131  1131 D PowerManagerService: [api] release WakeLock DRAW_WAKE_LOCK                 'Window:AOD' (uid=1000, pid=1131, ws=WorkSource{10001 com.samsung.android.app.aodservice}, pkg=android, elapsedTime=164) (0x0)
02-12 23:39:59.119  1131  1131 D PowerManagerService: mDisplayReady: false
02-12 23:39:59.119  1131  1131 D PowerManagerService: [PWL] sb acquire: PowerManagerService.Display
02-12 23:39:59.119  1131  1367 D DisplayPowerController: animateScreenStateChange[0]: target=4
02-12 23:39:59.119  1131  1367 D DisplayPowerController: [Dual Screen Compatible] state[0] :4
02-12 23:39:59.119  1131  1367 D DisplayPowerController: Animating brightness: target=1, rate=0 (PSM:false, AB limit:(-1 ~ -1) MB Limit:(-1 ~ -1))
02-12 23:39:59.119  1131  1394 D DisplayManagerService: !@display_state: DOZE -> DOZE_SUSPEND brightness: 1 -> 1
02-12 23:39:59.119  1131  1359 I DisplayManagerService: Display device changed state: "内置屏幕", DOZE_SUSPEND
02-12 23:39:59.149  1131  1367 D DisplayPowerController: animateScreenStateChange[0]: target=4
02-12 23:39:59.149  1131  1367 D DisplayPowerController: [Dual Screen Compatible] state[0] :4
02-12 23:39:59.149  1131  1367 D DisplayPowerController: Animating brightness: target=1, rate=0 (PSM:false, AB limit:(-1 ~ -1) MB Limit:(-1 ~ -1))
02-12 23:39:59.149  1131  1367 D DisplayPowerController: animateScreenStateChange[0]: target=4
02-12 23:39:59.149  1131  1367 D DisplayPowerController: [Dual Screen Compatible] state[0] :4
02-12 23:39:59.149  1131  1367 D DisplayPowerController: Animating brightness: target=1, rate=0 (PSM:false, AB limit:(-1 ~ -1) MB Limit:(-1 ~ -1))
02-12 23:39:59.149  1131  1367 D PowerManagerService: [s] DisplayPowerCallbacks : onStateChanged()
02-12 23:39:59.149  1131  1367 D PowerManagerService: mDisplayReady: true
02-12 23:39:59.149  1131  1367 D PowerManagerService: [PWL] sb release: PowerManagerService.Display
02-12 23:39:59.459  1131 25130 D KernelCpuSpeedReader: line: 400000 0
02-12 23:39:59.459  1131 25130 D KernelCpuSpeedReader: line: 691200 1981597
02-12 23:39:59.459  1131 25130 D KernelCpuSpeedReader: line: 806400 269479
02-12 23:39:59.459  1131 25130 D KernelCpuSpeedReader: line: 1017600 86303
02-12 23:39:59.459  1131 25130 D KernelCpuSpeedReader: line: 1190400 60488
02-12 23:39:59.459  1131 25130 D KernelCpuSpeedReader: line: 1305600 65166
02-12 23:39:59.459  1131 25130 D KernelCpuSpeedReader: line: 1382400 85655
02-12 23:39:59.459  1131 25130 D KernelCpuSpeedReader: line: 1401600 169889
02-12 23:39:59.459  1131 25130 D KernelCpuSpeedReader: line: 400000 0
02-12 23:39:59.459  1131 25130 D KernelCpuSpeedReader: line: 883200 627072
02-12 23:39:59.459  1131 25130 D KernelCpuSpeedReader: line: 940800 99
02-12 23:39:59.459  1131 25130 D KernelCpuSpeedReader: line: 998400 1316
02-12 23:39:59.459  1131 25130 D KernelCpuSpeedReader: line: 1056000 108
02-12 23:39:59.459  1131 25130 D KernelCpuSpeedReader: line: 1113600 55
02-12 23:39:59.459  1131 25130 D KernelCpuSpeedReader: line: 1190400 8160
02-12 23:39:59.459  1131 25130 D KernelCpuSpeedReader: line: 1248000 298
02-12 23:39:59.459  1131 25130 D KernelCpuSpeedReader: line: 1305600 229
02-12 23:39:59.459  1131 25130 D KernelCpuSpeedReader: line: 1382400 8808
02-12 23:39:59.459  1131 25130 D KernelCpuSpeedReader: line: 1612800 5072
02-12 23:39:59.459  1131 25130 D KernelCpuSpeedReader: line: 1747200 176
02-12 23:39:59.459  1131 25130 D KernelCpuSpeedReader: line: 1804800 2983
02-12 23:39:59.459  1131 25130 D KernelCpuSpeedReader: line: 1958400 13883
02-12 23:39:59.459  1131  1672 V AlarmManager: setInexact (T:1/F:8/AC:false) 20180213T000959 - CU:1000/CP:1131
02-12 23:39:59.479  1131 25130 D BatteryStatsImpl: poolsize= 1, curBatteryRealtime= 4764716000, mUpdateTime= 3555642000, mTimeout= 0, mNesting= 0, mTotalTime= 1063198000
02-12 23:39:59.539  1131 25130 D BatteryStatsImpl: poolsize= 1, curBatteryRealtime= 4764716000, mUpdateTime= 3555642000, mTimeout= 0, mNesting= 0, mTotalTime= 1063198000
02-12 23:39:59.989  1131  1675 V AlarmManager: Expired Alarm result :8
02-12 23:40:00.849  1131  1675 V AlarmManager: Expired Alarm result :4
02-12 23:40:00.849  1131  1675 V AlarmManager: Send whitelist package alarm :PendingIntent{116b634: PendingIntentRecord{175ec06 com.samsung.android.app.aodservice broadcastIntent}}
02-12 23:40:00.849  1131  1131 V AlarmManager: setExact (T:3/F:1/AC:false) 20180212T234100 - CU:1000/CP:1131
02-12 23:40:00.879  1131  1284 I ProcessStatsService: Prepared write state in 19ms
02-12 23:40:00.889  1131  1275 I ProcessStatsService: Pruning old procstats: /data/system/procstats/state-2018-02-11-08-27-13.bin
02-12 23:40:01.009  1131  2919 D PowerManagerService: [api] acquire WakeLock flags=0x80 tag=Window:AOD uid=1000 pid=1131 ws=WorkSource{10001 com.samsung.android.app.aodservice} pkg=android
02-12 23:40:01.009  1131  2919 D PowerManagerService: mDisplayReady: false
02-12 23:40:01.009  1131  1367 D DisplayPowerController: animateScreenStateChange[0]: target=3
02-12 23:40:01.009  1131  1367 D DisplayPowerController: [Dual Screen Compatible] state[0] :3
02-12 23:40:01.009  1131  1367 D DisplayPowerController: getFinalBrightness : Summary is 1 -> 1
02-12 23:40:01.009  1131  1367 D DisplayPowerController: Animating brightness: target=1, rate=2000 (PSM:false, AB limit:(-1 ~ -1) MB Limit:(-1 ~ -1))
02-12 23:40:01.009  1131  1367 D PowerManagerService: [PWL] sb acquire: PowerManagerService.Display
02-12 23:40:01.009  1131  1394 D DisplayManagerService: !@display_state: DOZE_SUSPEND -> DOZE brightness: 1 -> 1
02-12 23:40:01.009  1131  1359 I DisplayManagerService: Display device changed state: "内置屏幕", DOZE
02-12 23:40:01.039  1131  2314 V AlarmManager: Add whitelist package alarm :PendingIntent{886e8a6: PendingIntentRecord{175ec06 com.samsung.android.app.aodservice broadcastIntent}}
02-12 23:40:01.039  1131  2314 V AlarmManager: setExact (T:0/F:9/AC:false) 20180212T234100 - CU:10001/CP:2026
02-12 23:40:01.039  1131  2316 I PowerManagerService: [api] setDozeOverrideFromAod AlpmHlpmSysfs = -1, screenState = 4, Brightness = 0, wakefulness = false
02-12 23:40:01.039  1131  2316 D PowerManagerService: setDozeModeBySysfs:  value is -1 , we ignore it. 
02-12 23:40:01.049  1131  1143 D PowerManagerService: [api] acquire WakeLock flags=0x80 tag=Window:AOD uid=1000 pid=1131 ws=WorkSource{10001 com.samsung.android.app.aodservice} pkg=android
02-12 23:40:01.049  1131 11203 D PowerManagerService: [api] acquire WakeLock flags=0x80 tag=Window:AOD uid=1000 pid=1131 ws=WorkSource{10001 com.samsung.android.app.aodservice} pkg=android
02-12 23:40:01.069  1131  1394 D PowerManagerUtil: Excessive delay in !@display_state: DOZE: 56ms
02-12 23:40:01.069  1131  1394 D PowerManagerUtil: Excessive delay in DisplayManagerInternal.requestDesiredDisplayState: 56ms
02-12 23:40:01.069  1131  1367 D DisplayPowerController: animateScreenStateChange[0]: target=3
02-12 23:40:01.069  1131  1367 D DisplayPowerController: [Dual Screen Compatible] state[0] :3
02-12 23:40:01.069  1131  1367 D DisplayPowerController: getFinalBrightness : Summary is 1 -> 1
02-12 23:40:01.069  1131  1367 D DisplayPowerController: Animating brightness: target=1, rate=2000 (PSM:false, AB limit:(-1 ~ -1) MB Limit:(-1 ~ -1))
02-12 23:40:01.069  1131  1367 D DisplayPowerController: animateScreenStateChange[0]: target=3
02-12 23:40:01.069  1131  1367 D DisplayPowerController: [Dual Screen Compatible] state[0] :3
02-12 23:40:01.069  1131  1367 D DisplayPowerController: getFinalBrightness : Summary is 1 -> 1
02-12 23:40:01.069  1131  1367 D DisplayPowerController: Animating brightness: target=1, rate=2000 (PSM:false, AB limit:(-1 ~ -1) MB Limit:(-1 ~ -1))
02-12 23:40:01.069  1131  1367 D PowerManagerService: [s] DisplayPowerCallbacks : onStateChanged()
02-12 23:40:01.069  1131  1367 D PowerManagerService: mDisplayReady: true
02-12 23:40:01.069  1131  1367 D PowerManagerService: [PWL] sb release: PowerManagerService.Display
02-12 23:40:01.199  1131  1131 D PowerManagerService: [api] release WakeLock DRAW_WAKE_LOCK                 'Window:AOD' (uid=1000, pid=1131, ws=WorkSource{10001 com.samsung.android.app.aodservice}, pkg=android, elapsedTime=195) (0x0)
02-12 23:40:01.199  1131  1131 D PowerManagerService: mDisplayReady: false
02-12 23:40:01.209  1131  1131 D PowerManagerService: [PWL] sb acquire: PowerManagerService.Display
02-12 23:40:01.209  1131  1367 D DisplayPowerController: animateScreenStateChange[0]: target=4
02-12 23:40:01.209  1131  1367 D DisplayPowerController: [Dual Screen Compatible] state[0] :4
02-12 23:40:01.209  1131  1367 D DisplayPowerController: Animating brightness: target=1, rate=0 (PSM:false, AB limit:(-1 ~ -1) MB Limit:(-1 ~ -1))
02-12 23:40:01.209  1131  1394 D DisplayManagerService: !@display_state: DOZE -> DOZE_SUSPEND brightness: 1 -> 1
02-12 23:40:01.209  1131  1359 I DisplayManagerService: Display device changed state: "内置屏幕", DOZE_SUSPEND
02-12 23:40:01.249  1131  1367 D DisplayPowerController: animateScreenStateChange[0]: target=4
02-12 23:40:01.249  1131  1367 D DisplayPowerController: [Dual Screen Compatible] state[0] :4
02-12 23:40:01.249  1131  1367 D DisplayPowerController: Animating brightness: target=1, rate=0 (PSM:false, AB limit:(-1 ~ -1) MB Limit:(-1 ~ -1))
02-12 23:40:01.249  1131  1367 D DisplayPowerController: animateScreenStateChange[0]: target=4
02-12 23:40:01.249  1131  1367 D DisplayPowerController: [Dual Screen Compatible] state[0] :4
02-12 23:40:01.249  1131  1367 D DisplayPowerController: Animating brightness: target=1, rate=0 (PSM:false, AB limit:(-1 ~ -1) MB Limit:(-1 ~ -1))
02-12 23:40:01.249  1131  1367 D PowerManagerService: [s] DisplayPowerCallbacks : onStateChanged()
02-12 23:40:01.249  1131  1367 D PowerManagerService: mDisplayReady: true
